#
# There is insufficient memory for the Java Runtime Environment to continue.
# Native memory allocation (mmap) failed to map 517996544 bytes for G1 virtual space
# Possible reasons:
#   The system is out of physical RAM or swap space
#   The process is running with CompressedOops enabled, and the Java Heap may be blocking the growth of the native heap
# Possible solutions:
#   Reduce memory load on the system
#   Increase physical memory or swap space
#   Check if swap backing store is full
#   Decrease Java heap size (-Xmx/-Xms)
#   Decrease number of Java threads
#   Decrease Java thread stack sizes (-Xss)
#   Set larger code cache with -XX:ReservedCodeCacheSize=
#   JVM is running with Zero Based Compressed Oops mode in which the Java heap is
#     placed in the first 32GB address space. The Java Heap base address is the
#     maximum limit for the native heap growth. Please use -XX:HeapBaseMinAddress
#     to set the Java Heap base and to place the Java Heap above 32GB virtual address.
# This output file may be truncated or incomplete.
#
#  Out of Memory Error (os_windows.cpp:3613), pid=37744, tid=29496
#
# JRE version: OpenJDK Runtime Environment Temurin-17.0.9+9 (17.0.9+9) (build 17.0.9+9)
# Java VM: OpenJDK 64-Bit Server VM Temurin-17.0.9+9 (17.0.9+9, mixed mode, sharing, tiered, compressed oops, compressed class ptrs, g1 gc, windows-amd64)
# No core dump will be written. Minidumps are not enabled by default on client versions of Windows
#

---------------  S U M M A R Y ------------

Command Line: -Xmx4096m -Xmx4096m -DlanguageId_xjal=en0n7adj -DbuiltInTileCachePath_xjal=C:\Program Files\AnyLogic 8.9 Personal Learning Edition\plugins\com.anylogic.gis_8.9.9.202606170507\tiles -DflowchartCountersVisible_xjal=true -DflowchartPortStateAnimated_xjal=true -DenableWarnings_xjal=true -DenableObject3DLod_xjal=true -Denable2DVisibilityCheck_xjal=true -DstandaloneBrowserPath_xjal=C:/Program Files/AnyLogic 8.9 Personal Learning Edition/chromium/chromium-win64/chrome.exe -DstandaloneBrowserCommandArguments_xjal=--app=$1 --test-type -DanylogicIncomingPort_xjal=7880 -DbrowserUserDataPath_xjal=--user-data-dir=C:\Users\Lenovo\.AnyLogicPLE\Workspace8.8\chromium\userData -DuseProxy_xjal=false -Dfile.encoding=UTF-8 -XX:+ShowCodeDetailsInExceptionMessages com.anylogic.ms.MS colombodengueabm_v2.ParamVar_Weather 1c5ca94

Host: AMD Ryzen 7 5700U with Radeon Graphics         , 16 cores, 5G,  Windows 11 , 64 bit Build 26100 (10.0.26100.8328)
Time: Sat Jul 18 18:42:49 2026 Sri Lanka Standard Time elapsed time: 242.740542 seconds (0d 0h 4m 2s)

---------------  T H R E A D  ---------------

Current thread (0x00000251236b2010):  VMThread "VM Thread" [stack: 0x0000006656600000,0x0000006656700000] [id=29496]

Stack: [0x0000006656600000,0x0000006656700000]
Native frames: (J=compiled Java code, j=interpreted, Vv=VM code, C=native code)
V  [jvm.dll+0x67cf49]
V  [jvm.dll+0x83478a]
V  [jvm.dll+0x83624e]
V  [jvm.dll+0x8368b3]
V  [jvm.dll+0x247f1f]
V  [jvm.dll+0x679d69]
V  [jvm.dll+0x66e6ba]
V  [jvm.dll+0x307e5b]
V  [jvm.dll+0x30f306]
V  [jvm.dll+0x35f0ce]
V  [jvm.dll+0x35f2ff]
V  [jvm.dll+0x2dea58]
V  [jvm.dll+0x2dcc34]
V  [jvm.dll+0x2dc23c]
V  [jvm.dll+0x3202bb]
V  [jvm.dll+0x83adab]
V  [jvm.dll+0x83baf1]
V  [jvm.dll+0x83c00d]
V  [jvm.dll+0x83c3e4]
V  [jvm.dll+0x83c4b0]
V  [jvm.dll+0x7e3c3a]
V  [jvm.dll+0x67be35]
C  [ucrtbase.dll+0x37b0]
C  [KERNEL32.DLL+0x2e957]
C  [ntdll.dll+0x427c]

VM_Operation (0x0000006659dfdbb0): G1CollectForAllocation, mode: safepoint, requested by thread 0x0000025169dcab30


---------------  P R O C E S S  ---------------

Threads class SMR info:
_java_thread_list=0x0000025169e85ed0, length=46, elements={
0x0000025122980900, 0x00000251236b3940, 0x000002512298cb70, 0x000002512298f450,
0x0000025122991d30, 0x0000025122992600, 0x00000251229a0720, 0x00000251236c3fa0,
0x00000251229ac430, 0x000002512391fc50, 0x000002512392da40, 0x0000025169a0c020,
0x0000025169ab40e0, 0x0000025169ab45c0, 0x0000025169ab4aa0, 0x0000025169b10720,
0x0000025169b10c00, 0x0000025169b27ea0, 0x0000025169b29300, 0x0000025169b283d0,
0x0000025169b2a230, 0x0000025169b2a740, 0x0000025169b2b670, 0x0000025169b2bb80,
0x0000025169b288e0, 0x0000025169b29d20, 0x0000025169b2ac50, 0x0000025169b2b160,
0x0000025169b28df0, 0x0000025169b29810, 0x0000025169dc6e70, 0x0000025169dc87c0,
0x0000025169dc91e0, 0x0000025169dc8cd0, 0x0000025169dc7890, 0x0000025169dc7da0,
0x0000025169dc9c00, 0x0000025169dc6450, 0x0000025169dca110, 0x0000025169dc6960,
0x0000025169dccea0, 0x0000025169dcab30, 0x0000025169dcd3b0, 0x0000025169dcd8c0,
0x0000025169dcb040, 0x0000025169dcba60
}

Java Threads: ( => current thread )
  0x0000025122980900 JavaThread "Reference Handler" daemon [_thread_blocked, id=17664, stack(0x0000006656700000,0x0000006656800000)]
  0x00000251236b3940 JavaThread "Finalizer" daemon [_thread_blocked, id=19324, stack(0x0000006656800000,0x0000006656900000)]
  0x000002512298cb70 JavaThread "Signal Dispatcher" daemon [_thread_blocked, id=24240, stack(0x0000006656900000,0x0000006656a00000)]
  0x000002512298f450 JavaThread "Attach Listener" daemon [_thread_blocked, id=8692, stack(0x0000006656a00000,0x0000006656b00000)]
  0x0000025122991d30 JavaThread "Service Thread" daemon [_thread_blocked, id=21304, stack(0x0000006656b00000,0x0000006656c00000)]
  0x0000025122992600 JavaThread "Monitor Deflation Thread" daemon [_thread_blocked, id=37508, stack(0x0000006656c00000,0x0000006656d00000)]
  0x00000251229a0720 JavaThread "C2 CompilerThread0" daemon [_thread_blocked, id=36088, stack(0x0000006656d00000,0x0000006656e00000)]
  0x00000251236c3fa0 JavaThread "C1 CompilerThread0" daemon [_thread_blocked, id=34468, stack(0x0000006656e00000,0x0000006656f00000)]
  0x00000251229ac430 JavaThread "Sweeper thread" daemon [_thread_blocked, id=30932, stack(0x0000006656f00000,0x0000006657000000)]
  0x000002512391fc50 JavaThread "Notification Thread" daemon [_thread_blocked, id=23288, stack(0x0000006657200000,0x0000006657300000)]
  0x000002512392da40 JavaThread "Common-Cleaner" daemon [_thread_blocked, id=2440, stack(0x0000006657400000,0x0000006657500000)]
  0x0000025169a0c020 JavaThread "Thread-9" daemon [_thread_blocked, id=20844, stack(0x0000006657c00000,0x0000006657d00000)]
  0x0000025169ab40e0 JavaThread "Thread-6" daemon [_thread_blocked, id=12060, stack(0x0000006657d00000,0x0000006657e00000)]
  0x0000025169ab45c0 JavaThread "Thread-5" daemon [_thread_blocked, id=27720, stack(0x0000006657e00000,0x0000006657f00000)]
  0x0000025169ab4aa0 JavaThread "Thread-1" daemon [_thread_blocked, id=23272, stack(0x0000006657f00000,0x0000006658000000)]
  0x0000025169b10720 JavaThread "Thread-8" daemon [_thread_blocked, id=23992, stack(0x0000006658000000,0x0000006658100000)]
  0x0000025169b10c00 JavaThread "Thread-10" daemon [_thread_blocked, id=37564, stack(0x0000006658100000,0x0000006658200000)]
  0x0000025169b27ea0 JavaThread "Thread-4" daemon [_thread_blocked, id=32036, stack(0x0000006658200000,0x0000006658300000)]
  0x0000025169b29300 JavaThread "Thread-11" daemon [_thread_blocked, id=37612, stack(0x0000006658300000,0x0000006658400000)]
  0x0000025169b283d0 JavaThread "Thread-12" daemon [_thread_blocked, id=34032, stack(0x0000006658400000,0x0000006658500000)]
  0x0000025169b2a230 JavaThread "Thread-3" daemon [_thread_blocked, id=37276, stack(0x0000006658500000,0x0000006658600000)]
  0x0000025169b2a740 JavaThread "Thread-2" daemon [_thread_blocked, id=38084, stack(0x0000006658600000,0x0000006658700000)]
  0x0000025169b2b670 JavaThread "Thread-0" daemon [_thread_blocked, id=9396, stack(0x0000006658700000,0x0000006658800000)]
  0x0000025169b2bb80 JavaThread "Thread-7" daemon [_thread_blocked, id=33168, stack(0x0000006658800000,0x0000006658900000)]
  0x0000025169b288e0 JavaThread "Thread-13" daemon [_thread_blocked, id=10112, stack(0x0000006658900000,0x0000006658a00000)]
  0x0000025169b29d20 JavaThread "Thread-14" daemon [_thread_blocked, id=23704, stack(0x0000006658a00000,0x0000006658b00000)]
  0x0000025169b2ac50 JavaThread "Thread-15" [_thread_blocked, id=27612, stack(0x0000006658e00000,0x0000006658f00000)]
  0x0000025169b2b160 JavaThread "DestroyJavaVM" [_thread_blocked, id=38816, stack(0x0000006656000000,0x0000006656100000)]
  0x0000025169b28df0 JavaThread "qtp2042884366-41" [_thread_blocked, id=16784, stack(0x0000006658f00000,0x0000006659000000)]
  0x0000025169b29810 JavaThread "qtp2042884366-42" [_thread_in_native, id=30520, stack(0x0000006659000000,0x0000006659100000)]
  0x0000025169dc6e70 JavaThread "qtp2042884366-43" [_thread_in_native, id=27588, stack(0x0000006659100000,0x0000006659200000)]
  0x0000025169dc87c0 JavaThread "qtp2042884366-44" [_thread_in_native, id=36144, stack(0x0000006659200000,0x0000006659300000)]
  0x0000025169dc91e0 JavaThread "qtp2042884366-45" [_thread_in_native, id=31724, stack(0x0000006659300000,0x0000006659400000)]
  0x0000025169dc8cd0 JavaThread "Session-HouseKeeper-5f99f2a2-1" [_thread_blocked, id=38400, stack(0x0000006659700000,0x0000006659800000)]
  0x0000025169dc7890 JavaThread "qtp2042884366-50-acceptor-0@7fff6137-ServerConnector@2e94051e{HTTP/1.1, (http/1.1)}{0.0.0.0:26504}" [_thread_blocked, id=32688, stack(0x0000006659800000,0x0000006659900000)]
  0x0000025169dc7da0 JavaThread "qtp2042884366-51-acceptor-1@5505bea4-ServerConnector@2e94051e{HTTP/1.1, (http/1.1)}{0.0.0.0:26504}" [_thread_in_native, id=6824, stack(0x0000006659900000,0x0000006659a00000)]
  0x0000025169dc9c00 JavaThread "qtp2042884366-52" [_thread_in_native, id=18576, stack(0x0000006657600000,0x0000006657700000)]
  0x0000025169dc6450 JavaThread "Connector-Scheduler-2e94051e-1" [_thread_blocked, id=29468, stack(0x0000006658d00000,0x0000006658e00000)]
  0x0000025169dca110 JavaThread "qtp2042884366-54" [_thread_in_native, id=31348, stack(0x0000006659a00000,0x0000006659b00000)]
  0x0000025169dc6960 JavaThread "qtp2042884366-55" [_thread_in_native, id=3580, stack(0x0000006659b00000,0x0000006659c00000)]
  0x0000025169dccea0 JavaThread "qtp2042884366-56" [_thread_in_native, id=36108, stack(0x0000006659c00000,0x0000006659d00000)]
  0x0000025169dcab30 JavaThread "qtp2042884366-57" [_thread_blocked, id=26412, stack(0x0000006659d00000,0x0000006659e00000)]
  0x0000025169dcd3b0 JavaThread "Frame Collector" [_thread_blocked, id=37424, stack(0x0000006659e00000,0x0000006659f00000)]
  0x0000025169dcd8c0 JavaThread "AnyLogic parameter variation experiment" daemon [_thread_blocked, id=26028, stack(0x0000006657100000,0x0000006657200000)]
  0x0000025169dcb040 JavaThread "Java2D Disposer" daemon [_thread_blocked, id=460, stack(0x000000665ac00000,0x000000665ad00000)]
  0x0000025169dcba60 JavaThread "AWT-Windows" daemon [_thread_in_native, id=19160, stack(0x000000665b200000,0x000000665b300000)]

Other Threads:
=>0x00000251236b2010 VMThread "VM Thread" [stack: 0x0000006656600000,0x0000006656700000] [id=29496]
  0x0000025123924560 WatcherThread [stack: 0x0000006657300000,0x0000006657400000] [id=38452]
  0x000002517fb9f260 GCTaskThread "GC Thread#0" [stack: 0x0000006656100000,0x0000006656200000] [id=35368]
  0x0000025169a3f740 GCTaskThread "GC Thread#1" [stack: 0x0000006657700000,0x0000006657800000] [id=13800]
  0x0000025169a51440 GCTaskThread "GC Thread#2" [stack: 0x0000006657800000,0x0000006657900000] [id=38136]
  0x0000025169a51700 GCTaskThread "GC Thread#3" [stack: 0x0000006657900000,0x0000006657a00000] [id=29808]
  0x0000025169a519c0 GCTaskThread "GC Thread#4" [stack: 0x0000006657a00000,0x0000006657b00000] [id=6544]
  0x0000025169a51c80 GCTaskThread "GC Thread#5" [stack: 0x0000006657b00000,0x0000006657c00000] [id=5968]
  0x0000025169ae4ad0 GCTaskThread "GC Thread#6" [stack: 0x0000006657500000,0x0000006657600000] [id=32272]
  0x0000025169ae4d90 GCTaskThread "GC Thread#7" [stack: 0x0000006658b00000,0x0000006658c00000] [id=11344]
  0x0000025169b0d1b0 GCTaskThread "GC Thread#8" [stack: 0x0000006658c00000,0x0000006658d00000] [id=30656]
  0x0000025169e97680 GCTaskThread "GC Thread#9" [stack: 0x0000006659f00000,0x000000665a000000] [id=10756]
  0x0000025169e8fe30 GCTaskThread "GC Thread#10" [stack: 0x000000665a000000,0x000000665a100000] [id=19452]
  0x0000025169e8f5f0 GCTaskThread "GC Thread#11" [stack: 0x000000665a100000,0x000000665a200000] [id=36900]
  0x0000025169e90930 GCTaskThread "GC Thread#12" [stack: 0x000000665a200000,0x000000665a300000] [id=1004]
  0x000002517fbb00c0 ConcurrentGCThread "G1 Main Marker" [stack: 0x0000006656200000,0x0000006656300000] [id=8376]
  0x000002517fbb1e60 ConcurrentGCThread "G1 Conc#0" [stack: 0x0000006656300000,0x0000006656400000] [id=37996]
  0x0000025169e8f330 ConcurrentGCThread "G1 Conc#1" [stack: 0x000000665a300000,0x000000665a400000] [id=4496]
  0x0000025169e8f8b0 ConcurrentGCThread "G1 Conc#2" [stack: 0x000000665a400000,0x000000665a500000] [id=31100]
  0x0000025122830a70 ConcurrentGCThread "G1 Refine#0" [stack: 0x0000006656400000,0x0000006656500000] [id=38024]
  0x000002516a6dfd00 ConcurrentGCThread "G1 Refine#1" [stack: 0x000000665a500000,0x000000665a600000] [id=38696]
  0x000002516abbad00 ConcurrentGCThread "G1 Refine#2" [stack: 0x000000665a600000,0x000000665a700000] [id=22592]
  0x000002516ae56860 ConcurrentGCThread "G1 Refine#3" [stack: 0x000000665a700000,0x000000665a800000] [id=8796]
  0x000002516a6f6c50 ConcurrentGCThread "G1 Refine#4" [stack: 0x000000665a800000,0x000000665a900000] [id=37740]
  0x000002516b07ac40 ConcurrentGCThread "G1 Refine#5" [stack: 0x000000665a900000,0x000000665aa00000] [id=18628]
  0x000002516a7b5c80 ConcurrentGCThread "G1 Refine#6" [stack: 0x000000665aa00000,0x000000665ab00000] [id=36324]
  0x000002516a7b1c70 ConcurrentGCThread "G1 Refine#7" [stack: 0x000000665ab00000,0x000000665ac00000] [id=26472]
  0x000002516b3f86c0 ConcurrentGCThread "G1 Refine#8" [stack: 0x000000665ad00000,0x000000665ae00000] [id=9540]
  0x000002516b246c30 ConcurrentGCThread "G1 Refine#9" [stack: 0x000000665ae00000,0x000000665af00000] [id=37088]
  0x00000251238d8c00 ConcurrentGCThread "G1 Refine#10" [stack: 0x000000665af00000,0x000000665b000000] [id=27288]
  0x0000025123706e60 ConcurrentGCThread "G1 Refine#11" [stack: 0x000000665b000000,0x000000665b100000] [id=14596]
  0x00000251237062a0 ConcurrentGCThread "G1 Refine#12" [stack: 0x000000665c000000,0x000000665c100000] [id=10060]
  0x00000251228312b0 ConcurrentGCThread "G1 Service" [stack: 0x0000006656500000,0x0000006656600000] [id=37720]

Threads with active compile tasks:

VM state: at safepoint (normal execution)

VM Mutex/Monitor currently owned by a thread:  ([mutex/lock_event])
[0x000002517fb1b070] Threads_lock - owner thread: 0x00000251236b2010
[0x000002517fb29e00] Heap_lock - owner thread: 0x0000025169dcab30

Heap address: 0x0000000700000000, size: 4096 MB, Compressed Oops mode: Zero based, Oop shift amount: 3

CDS archive(s) mapped at: [0x0000025124000000-0x0000025124ba0000-0x0000025124ba0000), size 12189696, SharedBaseAddress: 0x0000025124000000, ArchiveRelocationMode: 1.
Compressed class space mapped at: 0x0000025125000000-0x0000025165000000, reserved size: 1073741824
Narrow klass base: 0x0000025124000000, Narrow klass shift: 0, Narrow klass range: 0x100000000

GC Precious Log:
 CPUs: 16 total, 16 available
 Memory: 5989M
 Large Page Support: Disabled
 NUMA Support: Disabled
 Compressed Oops: Enabled (Zero based)
 Heap Region Size: 2M
 Heap Min Capacity: 8M
 Heap Initial Capacity: 94M
 Heap Max Capacity: 4G
 Pre-touch: Disabled
 Parallel Workers: 13
 Concurrent Workers: 3
 Concurrent Refinement Workers: 13
 Periodic GC: Disabled

Heap:
 garbage-first heap   total 563200K, used 167757K [0x0000000700000000, 0x0000000800000000)
  region size 2048K, 1 young (2048K), 1 survivors (2048K)
 Metaspace       used 43492K, committed 43776K, reserved 1114112K
  class space    used 4777K, committed 4928K, reserved 1048576K

Heap Regions: E=young(eden), S=young(survivor), O=old, HS=humongous(starts), HC=humongous(continues), CS=collection set, F=free, OA=open archive, CA=closed archive, TAMS=top-at-mark-start (previous, next)
|   0|0x0000000700000000, 0x0000000700200000, 0x0000000700200000|100%| O|  |TAMS 0x0000000700200000, 0x0000000700000000| Untracked 
|   1|0x0000000700200000, 0x0000000700400000, 0x0000000700400000|100%| O|  |TAMS 0x0000000700400000, 0x0000000700200000| Untracked 
|   2|0x0000000700400000, 0x0000000700600000, 0x0000000700600000|100%| O|  |TAMS 0x0000000700600000, 0x0000000700400000| Untracked 
|   3|0x0000000700600000, 0x0000000700800000, 0x0000000700800000|100%| O|  |TAMS 0x0000000700800000, 0x0000000700600000| Untracked 
|   4|0x0000000700800000, 0x0000000700a00000, 0x0000000700a00000|100%| O|  |TAMS 0x0000000700a00000, 0x0000000700800000| Untracked 
|   5|0x0000000700a00000, 0x0000000700c00000, 0x0000000700c00000|100%| O|  |TAMS 0x0000000700c00000, 0x0000000700a00000| Untracked 
|   6|0x0000000700c00000, 0x0000000700defa00, 0x0000000700e00000| 96%| O|  |TAMS 0x0000000700defa00, 0x0000000700c00000| Untracked 
|   7|0x0000000700e00000, 0x0000000701000000, 0x0000000701000000|100%| O|  |TAMS 0x0000000701000000, 0x0000000700e00000| Untracked 
|   8|0x0000000701000000, 0x0000000701200000, 0x0000000701200000|100%| O|  |TAMS 0x0000000701200000, 0x0000000701000000| Untracked 
|   9|0x0000000701200000, 0x0000000701400000, 0x0000000701400000|100%| O|  |TAMS 0x0000000701400000, 0x0000000701200000| Untracked 
|  10|0x0000000701400000, 0x0000000701600000, 0x0000000701600000|100%| O|  |TAMS 0x0000000701562200, 0x0000000701400000| Untracked 
|  11|0x0000000701600000, 0x0000000701800000, 0x0000000701800000|100%| O|  |TAMS 0x0000000701600000, 0x0000000701600000| Untracked 
|  12|0x0000000701800000, 0x0000000701a00000, 0x0000000701a00000|100%| O|  |TAMS 0x0000000701a00000, 0x0000000701800000| Untracked 
|  13|0x0000000701a00000, 0x0000000701c00000, 0x0000000701c00000|100%| O|  |TAMS 0x0000000701c00000, 0x0000000701a00000| Complete 
|  14|0x0000000701c00000, 0x0000000701de3c00, 0x0000000701e00000| 94%| O|  |TAMS 0x0000000701c00000, 0x0000000701c00000| Untracked 
|  15|0x0000000701e00000, 0x0000000701e00000, 0x0000000702000000|  0%| F|  |TAMS 0x0000000701e00000, 0x0000000701e00000| Untracked 
|  16|0x0000000702000000, 0x0000000702000000, 0x0000000702200000|  0%| F|  |TAMS 0x0000000702000000, 0x0000000702000000| Untracked 
|  17|0x0000000702200000, 0x0000000702200000, 0x0000000702400000|  0%| F|  |TAMS 0x0000000702200000, 0x0000000702200000| Untracked 
|  18|0x0000000702400000, 0x0000000702600000, 0x0000000702600000|100%| O|  |TAMS 0x0000000702600000, 0x0000000702400000| Complete 
|  19|0x0000000702600000, 0x0000000702600000, 0x0000000702800000|  0%| F|  |TAMS 0x0000000702600000, 0x0000000702600000| Untracked 
|  20|0x0000000702800000, 0x0000000702800000, 0x0000000702a00000|  0%| F|  |TAMS 0x0000000702800000, 0x0000000702800000| Untracked 
|  21|0x0000000702a00000, 0x0000000702c00000, 0x0000000702c00000|100%| O|  |TAMS 0x0000000702c00000, 0x0000000702a00000| Complete 
|  22|0x0000000702c00000, 0x0000000702e00000, 0x0000000702e00000|100%| O|  |TAMS 0x0000000702e00000, 0x0000000702c00000| Untracked 
|  23|0x0000000702e00000, 0x0000000703000000, 0x0000000703000000|100%| O|  |TAMS 0x0000000702e00000, 0x0000000702e00000| Untracked 
|  24|0x0000000703000000, 0x0000000703200000, 0x0000000703200000|100%| O|  |TAMS 0x0000000703000000, 0x0000000703000000| Untracked 
|  25|0x0000000703200000, 0x0000000703200000, 0x0000000703400000|  0%| F|  |TAMS 0x0000000703200000, 0x0000000703200000| Untracked 
|  26|0x0000000703400000, 0x0000000703400000, 0x0000000703600000|  0%| F|  |TAMS 0x0000000703400000, 0x0000000703400000| Untracked 
|  27|0x0000000703600000, 0x0000000703600000, 0x0000000703800000|  0%| F|  |TAMS 0x0000000703600000, 0x0000000703600000| Untracked 
|  28|0x0000000703800000, 0x0000000703800000, 0x0000000703a00000|  0%| F|  |TAMS 0x0000000703800000, 0x0000000703800000| Untracked 
|  29|0x0000000703a00000, 0x0000000703a00000, 0x0000000703c00000|  0%| F|  |TAMS 0x0000000703a00000, 0x0000000703a00000| Untracked 
|  30|0x0000000703c00000, 0x0000000703c00000, 0x0000000703e00000|  0%| F|  |TAMS 0x0000000703c00000, 0x0000000703c00000| Untracked 
|  31|0x0000000703e00000, 0x0000000704000000, 0x0000000704000000|100%| O|  |TAMS 0x0000000704000000, 0x0000000703e00000| Complete 
|  32|0x0000000704000000, 0x0000000704200000, 0x0000000704200000|100%| O|  |TAMS 0x0000000704000000, 0x0000000704000000| Untracked 
|  33|0x0000000704200000, 0x0000000704400000, 0x0000000704400000|100%| O|  |TAMS 0x0000000704400000, 0x0000000704200000| Complete 
|  34|0x0000000704400000, 0x0000000704600000, 0x0000000704600000|100%| O|  |TAMS 0x0000000704600000, 0x0000000704400000| Complete 
|  35|0x0000000704600000, 0x0000000704600000, 0x0000000704800000|  0%| F|  |TAMS 0x0000000704600000, 0x0000000704600000| Untracked 
|  36|0x0000000704800000, 0x0000000704800000, 0x0000000704a00000|  0%| F|  |TAMS 0x0000000704800000, 0x0000000704800000| Untracked 
|  37|0x0000000704a00000, 0x0000000704c00000, 0x0000000704c00000|100%| O|  |TAMS 0x0000000704c00000, 0x0000000704a00000| Complete 
|  38|0x0000000704c00000, 0x0000000704c00000, 0x0000000704e00000|  0%| F|  |TAMS 0x0000000704c00000, 0x0000000704c00000| Untracked 
|  39|0x0000000704e00000, 0x0000000704e00000, 0x0000000705000000|  0%| F|  |TAMS 0x0000000704e00000, 0x0000000704e00000| Untracked 
|  40|0x0000000705000000, 0x0000000705000000, 0x0000000705200000|  0%| F|  |TAMS 0x0000000705000000, 0x0000000705000000| Untracked 
|  41|0x0000000705200000, 0x0000000705200000, 0x0000000705400000|  0%| F|  |TAMS 0x0000000705200000, 0x0000000705200000| Untracked 
|  42|0x0000000705400000, 0x0000000705600000, 0x0000000705600000|100%| O|  |TAMS 0x0000000705600000, 0x0000000705400000| Untracked 
|  43|0x0000000705600000, 0x0000000705800000, 0x0000000705800000|100%| O|  |TAMS 0x0000000705800000, 0x0000000705600000| Untracked 
|  44|0x0000000705800000, 0x0000000705a00000, 0x0000000705a00000|100%| O|  |TAMS 0x0000000705a00000, 0x0000000705800000| Complete 
|  45|0x0000000705a00000, 0x0000000705a00000, 0x0000000705c00000|  0%| F|  |TAMS 0x0000000705a00000, 0x0000000705a00000| Untracked 
|  46|0x0000000705c00000, 0x0000000705e00000, 0x0000000705e00000|100%| O|  |TAMS 0x0000000705c00000, 0x0000000705c00000| Untracked 
|  47|0x0000000705e00000, 0x0000000705e00000, 0x0000000706000000|  0%| F|  |TAMS 0x0000000705e00000, 0x0000000705e00000| Untracked 
|  48|0x0000000706000000, 0x0000000706000000, 0x0000000706200000|  0%| F|  |TAMS 0x0000000706000000, 0x0000000706000000| Untracked 
|  49|0x0000000706200000, 0x0000000706400000, 0x0000000706400000|100%| O|  |TAMS 0x0000000706400000, 0x0000000706200000| Untracked 
|  50|0x0000000706400000, 0x0000000706600000, 0x0000000706600000|100%| O|  |TAMS 0x0000000706400000, 0x0000000706400000| Untracked 
|  51|0x0000000706600000, 0x0000000706600000, 0x0000000706800000|  0%| F|  |TAMS 0x0000000706600000, 0x0000000706600000| Untracked 
|  52|0x0000000706800000, 0x0000000706800000, 0x0000000706a00000|  0%| F|  |TAMS 0x0000000706800000, 0x0000000706800000| Untracked 
|  53|0x0000000706a00000, 0x0000000706c00000, 0x0000000706c00000|100%| O|  |TAMS 0x0000000706c00000, 0x0000000706a00000| Complete 
|  54|0x0000000706c00000, 0x0000000706e00000, 0x0000000706e00000|100%| O|  |TAMS 0x0000000706c00000, 0x0000000706c00000| Untracked 
|  55|0x0000000706e00000, 0x0000000707000000, 0x0000000707000000|100%| O|  |TAMS 0x0000000706e00000, 0x0000000706e00000| Untracked 
|  56|0x0000000707000000, 0x0000000707200000, 0x0000000707200000|100%| O|  |TAMS 0x0000000707200000, 0x0000000707000000| Untracked 
|  57|0x0000000707200000, 0x0000000707400000, 0x0000000707400000|100%| O|  |TAMS 0x0000000707400000, 0x0000000707200000| Complete 
|  58|0x0000000707400000, 0x0000000707600000, 0x0000000707600000|100%| O|  |TAMS 0x0000000707400000, 0x0000000707400000| Untracked 
|  59|0x0000000707600000, 0x0000000707800000, 0x0000000707800000|100%| O|  |TAMS 0x0000000707600000, 0x0000000707600000| Untracked 
|  60|0x0000000707800000, 0x0000000707a00000, 0x0000000707a00000|100%| O|  |TAMS 0x0000000707800000, 0x0000000707800000| Untracked 
|  61|0x0000000707a00000, 0x0000000707c00000, 0x0000000707c00000|100%| O|  |TAMS 0x0000000707a00000, 0x0000000707a00000| Untracked 
|  62|0x0000000707c00000, 0x0000000707e00000, 0x0000000707e00000|100%| O|  |TAMS 0x0000000707c00000, 0x0000000707c00000| Untracked 
|  63|0x0000000707e00000, 0x0000000708000000, 0x0000000708000000|100%| O|  |TAMS 0x0000000708000000, 0x0000000707e00000| Untracked 
|  64|0x0000000708000000, 0x0000000708200000, 0x0000000708200000|100%| O|  |TAMS 0x0000000708000000, 0x0000000708000000| Untracked 
|  65|0x0000000708200000, 0x0000000708400000, 0x0000000708400000|100%| O|  |TAMS 0x0000000708200000, 0x0000000708200000| Untracked 
|  66|0x0000000708400000, 0x0000000708600000, 0x0000000708600000|100%| O|  |TAMS 0x0000000708400000, 0x0000000708400000| Untracked 
|  67|0x0000000708600000, 0x0000000708800000, 0x0000000708800000|100%| O|  |TAMS 0x0000000708600000, 0x0000000708600000| Untracked 
|  68|0x0000000708800000, 0x0000000708a00000, 0x0000000708a00000|100%| O|  |TAMS 0x0000000708800000, 0x0000000708800000| Untracked 
|  69|0x0000000708a00000, 0x0000000708c00000, 0x0000000708c00000|100%| O|  |TAMS 0x0000000708a00000, 0x0000000708a00000| Untracked 
|  70|0x0000000708c00000, 0x0000000708e00000, 0x0000000708e00000|100%| O|  |TAMS 0x0000000708c00000, 0x0000000708c00000| Untracked 
|  71|0x0000000708e00000, 0x0000000709000000, 0x0000000709000000|100%| O|  |TAMS 0x0000000708e00000, 0x0000000708e00000| Untracked 
|  72|0x0000000709000000, 0x0000000709200000, 0x0000000709200000|100%| O|  |TAMS 0x0000000709000000, 0x0000000709000000| Untracked 
|  73|0x0000000709200000, 0x0000000709400000, 0x0000000709400000|100%| O|  |TAMS 0x0000000709200000, 0x0000000709200000| Untracked 
|  74|0x0000000709400000, 0x0000000709600000, 0x0000000709600000|100%| O|  |TAMS 0x0000000709400000, 0x0000000709400000| Untracked 
|  75|0x0000000709600000, 0x0000000709800000, 0x0000000709800000|100%| O|  |TAMS 0x0000000709600000, 0x0000000709600000| Untracked 
|  76|0x0000000709800000, 0x0000000709a00000, 0x0000000709a00000|100%| O|  |TAMS 0x0000000709800000, 0x0000000709800000| Untracked 
|  77|0x0000000709a00000, 0x0000000709c00000, 0x0000000709c00000|100%| O|  |TAMS 0x0000000709a00000, 0x0000000709a00000| Untracked 
|  78|0x0000000709c00000, 0x0000000709e00000, 0x0000000709e00000|100%| O|  |TAMS 0x0000000709c00000, 0x0000000709c00000| Untracked 
|  79|0x0000000709e00000, 0x000000070a000000, 0x000000070a000000|100%| O|  |TAMS 0x0000000709e00000, 0x0000000709e00000| Untracked 
|  80|0x000000070a000000, 0x000000070a200000, 0x000000070a200000|100%| O|  |TAMS 0x000000070a000000, 0x000000070a000000| Untracked 
|  81|0x000000070a200000, 0x000000070a400000, 0x000000070a400000|100%| O|  |TAMS 0x000000070a200000, 0x000000070a200000| Untracked 
|  82|0x000000070a400000, 0x000000070a600000, 0x000000070a600000|100%| O|  |TAMS 0x000000070a400000, 0x000000070a400000| Untracked 
|  83|0x000000070a600000, 0x000000070a800000, 0x000000070a800000|100%| O|  |TAMS 0x000000070a600000, 0x000000070a600000| Untracked 
|  84|0x000000070a800000, 0x000000070aa00000, 0x000000070aa00000|100%| O|  |TAMS 0x000000070a800000, 0x000000070a800000| Untracked 
|  85|0x000000070aa00000, 0x000000070ac00000, 0x000000070ac00000|100%| O|  |TAMS 0x000000070aa00000, 0x000000070aa00000| Untracked 
|  86|0x000000070ac00000, 0x000000070ac00000, 0x000000070ae00000|  0%| F|  |TAMS 0x000000070ac00000, 0x000000070ac00000| Untracked 
|  87|0x000000070ae00000, 0x000000070ae00000, 0x000000070b000000|  0%| F|  |TAMS 0x000000070ae00000, 0x000000070ae00000| Untracked 
|  88|0x000000070b000000, 0x000000070b000000, 0x000000070b200000|  0%| F|  |TAMS 0x000000070b000000, 0x000000070b000000| Untracked 
|  89|0x000000070b200000, 0x000000070b400000, 0x000000070b400000|100%| O|  |TAMS 0x000000070b400000, 0x000000070b200000| Complete 
|  90|0x000000070b400000, 0x000000070b400000, 0x000000070b600000|  0%| F|  |TAMS 0x000000070b400000, 0x000000070b400000| Untracked 
|  91|0x000000070b600000, 0x000000070b800000, 0x000000070b800000|100%| O|  |TAMS 0x000000070b800000, 0x000000070b600000| Complete 
|  92|0x000000070b800000, 0x000000070b800000, 0x000000070ba00000|  0%| F|  |TAMS 0x000000070b800000, 0x000000070b800000| Untracked 
|  93|0x000000070ba00000, 0x000000070ba00000, 0x000000070bc00000|  0%| F|  |TAMS 0x000000070ba00000, 0x000000070ba00000| Untracked 
|  94|0x000000070bc00000, 0x000000070be00000, 0x000000070be00000|100%| O|  |TAMS 0x000000070be00000, 0x000000070bc00000| Complete 
|  95|0x000000070be00000, 0x000000070be00000, 0x000000070c000000|  0%| F|  |TAMS 0x000000070be00000, 0x000000070be00000| Untracked 
|  96|0x000000070c000000, 0x000000070c000000, 0x000000070c200000|  0%| F|  |TAMS 0x000000070c000000, 0x000000070c000000| Untracked 
|  97|0x000000070c200000, 0x000000070c400000, 0x000000070c400000|100%| O|  |TAMS 0x000000070c400000, 0x000000070c200000| Complete 
|  98|0x000000070c400000, 0x000000070c400000, 0x000000070c600000|  0%| F|  |TAMS 0x000000070c400000, 0x000000070c400000| Untracked 
|  99|0x000000070c600000, 0x000000070c600000, 0x000000070c800000|  0%| F|  |TAMS 0x000000070c600000, 0x000000070c600000| Untracked 
| 100|0x000000070c800000, 0x000000070c800000, 0x000000070ca00000|  0%| F|  |TAMS 0x000000070c800000, 0x000000070c800000| Untracked 
| 101|0x000000070ca00000, 0x000000070ca00000, 0x000000070cc00000|  0%| F|  |TAMS 0x000000070ca00000, 0x000000070ca00000| Untracked 
| 102|0x000000070cc00000, 0x000000070ce00000, 0x000000070ce00000|100%| O|  |TAMS 0x000000070cc00000, 0x000000070cc00000| Untracked 
| 103|0x000000070ce00000, 0x000000070d000000, 0x000000070d000000|100%| O|  |TAMS 0x000000070ce00000, 0x000000070ce00000| Untracked 
| 104|0x000000070d000000, 0x000000070d200000, 0x000000070d200000|100%| O|  |TAMS 0x000000070d000000, 0x000000070d000000| Untracked 
| 105|0x000000070d200000, 0x000000070d400000, 0x000000070d400000|100%| O|  |TAMS 0x000000070d200000, 0x000000070d200000| Untracked 
| 106|0x000000070d400000, 0x000000070d600000, 0x000000070d600000|100%| O|  |TAMS 0x000000070d400000, 0x000000070d400000| Untracked 
| 107|0x000000070d600000, 0x000000070d800000, 0x000000070d800000|100%| O|  |TAMS 0x000000070d600000, 0x000000070d600000| Untracked 
| 108|0x000000070d800000, 0x000000070da00000, 0x000000070da00000|100%| O|  |TAMS 0x000000070d800000, 0x000000070d800000| Untracked 
| 109|0x000000070da00000, 0x000000070dc00000, 0x000000070dc00000|100%| O|  |TAMS 0x000000070da00000, 0x000000070da00000| Untracked 
| 110|0x000000070dc00000, 0x000000070de00000, 0x000000070de00000|100%| O|  |TAMS 0x000000070dc00000, 0x000000070dc00000| Untracked 
| 111|0x000000070de00000, 0x000000070e000000, 0x000000070e000000|100%| O|  |TAMS 0x000000070de00000, 0x000000070de00000| Untracked 
| 112|0x000000070e000000, 0x000000070e200000, 0x000000070e200000|100%| O|  |TAMS 0x000000070e000000, 0x000000070e000000| Untracked 
| 113|0x000000070e200000, 0x000000070e400000, 0x000000070e400000|100%| O|  |TAMS 0x000000070e200000, 0x000000070e200000| Untracked 
| 114|0x000000070e400000, 0x000000070e400000, 0x000000070e600000|  0%| F|  |TAMS 0x000000070e400000, 0x000000070e400000| Untracked 
| 115|0x000000070e600000, 0x000000070e600000, 0x000000070e800000|  0%| F|  |TAMS 0x000000070e600000, 0x000000070e600000| Untracked 
| 116|0x000000070e800000, 0x000000070e800000, 0x000000070ea00000|  0%| F|  |TAMS 0x000000070e800000, 0x000000070e800000| Untracked 
| 117|0x000000070ea00000, 0x000000070ea00000, 0x000000070ec00000|  0%| F|  |TAMS 0x000000070ea00000, 0x000000070ea00000| Untracked 
| 118|0x000000070ec00000, 0x000000070ec00000, 0x000000070ee00000|  0%| F|  |TAMS 0x000000070ec00000, 0x000000070ec00000| Untracked 
| 119|0x000000070ee00000, 0x000000070ee00000, 0x000000070f000000|  0%| F|  |TAMS 0x000000070ee00000, 0x000000070ee00000| Untracked 
| 120|0x000000070f000000, 0x000000070f000000, 0x000000070f200000|  0%| F|  |TAMS 0x000000070f000000, 0x000000070f000000| Untracked 
| 121|0x000000070f200000, 0x000000070f200000, 0x000000070f400000|  0%| F|  |TAMS 0x000000070f200000, 0x000000070f200000| Untracked 
| 122|0x000000070f400000, 0x000000070f400000, 0x000000070f600000|  0%| F|  |TAMS 0x000000070f400000, 0x000000070f400000| Untracked 
| 123|0x000000070f600000, 0x000000070f600000, 0x000000070f800000|  0%| F|  |TAMS 0x000000070f600000, 0x000000070f600000| Untracked 
| 124|0x000000070f800000, 0x000000070f800000, 0x000000070fa00000|  0%| F|  |TAMS 0x000000070f800000, 0x000000070f800000| Untracked 
| 125|0x000000070fa00000, 0x000000070fa00000, 0x000000070fc00000|  0%| F|  |TAMS 0x000000070fa00000, 0x000000070fa00000| Untracked 
| 126|0x000000070fc00000, 0x000000070fc00000, 0x000000070fe00000|  0%| F|  |TAMS 0x000000070fc00000, 0x000000070fc00000| Untracked 
| 127|0x000000070fe00000, 0x000000070fe00000, 0x0000000710000000|  0%| F|  |TAMS 0x000000070fe00000, 0x000000070fe00000| Untracked 
| 128|0x0000000710000000, 0x0000000710000000, 0x0000000710200000|  0%| F|  |TAMS 0x0000000710000000, 0x0000000710000000| Untracked 
| 129|0x0000000710200000, 0x0000000710200000, 0x0000000710400000|  0%| F|  |TAMS 0x0000000710200000, 0x0000000710200000| Untracked 
| 130|0x0000000710400000, 0x0000000710400000, 0x0000000710600000|  0%| F|  |TAMS 0x0000000710400000, 0x0000000710400000| Untracked 
| 131|0x0000000710600000, 0x0000000710600000, 0x0000000710800000|  0%| F|  |TAMS 0x0000000710600000, 0x0000000710600000| Untracked 
| 132|0x0000000710800000, 0x0000000710800000, 0x0000000710a00000|  0%| F|  |TAMS 0x0000000710800000, 0x0000000710800000| Untracked 
| 133|0x0000000710a00000, 0x0000000710a00000, 0x0000000710c00000|  0%| F|  |TAMS 0x0000000710a00000, 0x0000000710a00000| Untracked 
| 134|0x0000000710c00000, 0x0000000710c00000, 0x0000000710e00000|  0%| F|  |TAMS 0x0000000710c00000, 0x0000000710c00000| Untracked 
| 135|0x0000000710e00000, 0x0000000710e00000, 0x0000000711000000|  0%| F|  |TAMS 0x0000000710e00000, 0x0000000710e00000| Untracked 
| 136|0x0000000711000000, 0x0000000711000000, 0x0000000711200000|  0%| F|  |TAMS 0x0000000711000000, 0x0000000711000000| Untracked 
| 137|0x0000000711200000, 0x0000000711200000, 0x0000000711400000|  0%| F|  |TAMS 0x0000000711200000, 0x0000000711200000| Untracked 
| 138|0x0000000711400000, 0x0000000711400000, 0x0000000711600000|  0%| F|  |TAMS 0x0000000711400000, 0x0000000711400000| Untracked 
| 139|0x0000000711600000, 0x0000000711600000, 0x0000000711800000|  0%| F|  |TAMS 0x0000000711600000, 0x0000000711600000| Untracked 
| 140|0x0000000711800000, 0x0000000711800000, 0x0000000711a00000|  0%| F|  |TAMS 0x0000000711800000, 0x0000000711800000| Untracked 
| 141|0x0000000711a00000, 0x0000000711a00000, 0x0000000711c00000|  0%| F|  |TAMS 0x0000000711a00000, 0x0000000711a00000| Untracked 
| 142|0x0000000711c00000, 0x0000000711c00000, 0x0000000711e00000|  0%| F|  |TAMS 0x0000000711c00000, 0x0000000711c00000| Untracked 
| 143|0x0000000711e00000, 0x0000000711e00000, 0x0000000712000000|  0%| F|  |TAMS 0x0000000711e00000, 0x0000000711e00000| Untracked 
| 144|0x0000000712000000, 0x0000000712000000, 0x0000000712200000|  0%| F|  |TAMS 0x0000000712000000, 0x0000000712000000| Untracked 
| 145|0x0000000712200000, 0x0000000712200000, 0x0000000712400000|  0%| F|  |TAMS 0x0000000712200000, 0x0000000712200000| Untracked 
| 146|0x0000000712400000, 0x0000000712400000, 0x0000000712600000|  0%| F|  |TAMS 0x0000000712400000, 0x0000000712400000| Untracked 
| 147|0x0000000712600000, 0x0000000712600000, 0x0000000712800000|  0%| F|  |TAMS 0x0000000712600000, 0x0000000712600000| Untracked 
| 148|0x0000000712800000, 0x0000000712800000, 0x0000000712a00000|  0%| F|  |TAMS 0x0000000712800000, 0x0000000712800000| Untracked 
| 149|0x0000000712a00000, 0x0000000712a00000, 0x0000000712c00000|  0%| F|  |TAMS 0x0000000712a00000, 0x0000000712a00000| Untracked 
| 150|0x0000000712c00000, 0x0000000712c00000, 0x0000000712e00000|  0%| F|  |TAMS 0x0000000712c00000, 0x0000000712c00000| Untracked 
| 151|0x0000000712e00000, 0x0000000712e00000, 0x0000000713000000|  0%| F|  |TAMS 0x0000000712e00000, 0x0000000712e00000| Untracked 
| 152|0x0000000713000000, 0x0000000713000000, 0x0000000713200000|  0%| F|  |TAMS 0x0000000713000000, 0x0000000713000000| Untracked 
| 153|0x0000000713200000, 0x0000000713200000, 0x0000000713400000|  0%| F|  |TAMS 0x0000000713200000, 0x0000000713200000| Untracked 
| 154|0x0000000713400000, 0x0000000713400000, 0x0000000713600000|  0%| F|  |TAMS 0x0000000713400000, 0x0000000713400000| Untracked 
| 155|0x0000000713600000, 0x0000000713600000, 0x0000000713800000|  0%| F|  |TAMS 0x0000000713600000, 0x0000000713600000| Untracked 
| 156|0x0000000713800000, 0x0000000713800000, 0x0000000713a00000|  0%| F|  |TAMS 0x0000000713800000, 0x0000000713800000| Untracked 
| 157|0x0000000713a00000, 0x0000000713a00000, 0x0000000713c00000|  0%| F|  |TAMS 0x0000000713a00000, 0x0000000713a00000| Untracked 
| 158|0x0000000713c00000, 0x0000000713c00000, 0x0000000713e00000|  0%| F|  |TAMS 0x0000000713c00000, 0x0000000713c00000| Untracked 
| 159|0x0000000713e00000, 0x0000000713e00000, 0x0000000714000000|  0%| F|  |TAMS 0x0000000713e00000, 0x0000000713e00000| Untracked 
| 160|0x0000000714000000, 0x0000000714000000, 0x0000000714200000|  0%| F|  |TAMS 0x0000000714000000, 0x0000000714000000| Untracked 
| 161|0x0000000714200000, 0x0000000714200000, 0x0000000714400000|  0%| F|  |TAMS 0x0000000714200000, 0x0000000714200000| Untracked 
| 162|0x0000000714400000, 0x0000000714400000, 0x0000000714600000|  0%| F|  |TAMS 0x0000000714400000, 0x0000000714400000| Untracked 
| 163|0x0000000714600000, 0x0000000714600000, 0x0000000714800000|  0%| F|  |TAMS 0x0000000714600000, 0x0000000714600000| Untracked 
| 164|0x0000000714800000, 0x0000000714a00000, 0x0000000714a00000|100%| S|CS|TAMS 0x0000000714800000, 0x0000000714800000| Complete 
| 165|0x0000000714a00000, 0x0000000714a00000, 0x0000000714c00000|  0%| F|  |TAMS 0x0000000714a00000, 0x0000000714a00000| Untracked 
| 166|0x0000000714c00000, 0x0000000714c00000, 0x0000000714e00000|  0%| F|  |TAMS 0x0000000714c00000, 0x0000000714c00000| Untracked 
| 167|0x0000000714e00000, 0x0000000714e00000, 0x0000000715000000|  0%| F|  |TAMS 0x0000000714e00000, 0x0000000714e00000| Untracked 
| 168|0x0000000715000000, 0x0000000715000000, 0x0000000715200000|  0%| F|  |TAMS 0x0000000715000000, 0x0000000715000000| Untracked 
| 169|0x0000000715200000, 0x0000000715200000, 0x0000000715400000|  0%| F|  |TAMS 0x0000000715200000, 0x0000000715200000| Untracked 
| 170|0x0000000715400000, 0x0000000715400000, 0x0000000715600000|  0%| F|  |TAMS 0x0000000715400000, 0x0000000715400000| Untracked 
| 171|0x0000000715600000, 0x0000000715600000, 0x0000000715800000|  0%| F|  |TAMS 0x0000000715600000, 0x0000000715600000| Untracked 
| 172|0x0000000715800000, 0x0000000715800000, 0x0000000715a00000|  0%| F|  |TAMS 0x0000000715800000, 0x0000000715800000| Untracked 
| 173|0x0000000715a00000, 0x0000000715a00000, 0x0000000715c00000|  0%| F|  |TAMS 0x0000000715a00000, 0x0000000715a00000| Untracked 
| 174|0x0000000715c00000, 0x0000000715c00000, 0x0000000715e00000|  0%| F|  |TAMS 0x0000000715c00000, 0x0000000715c00000| Untracked 
| 175|0x0000000715e00000, 0x0000000715e00000, 0x0000000716000000|  0%| F|  |TAMS 0x0000000715e00000, 0x0000000715e00000| Untracked 
| 176|0x0000000716000000, 0x0000000716000000, 0x0000000716200000|  0%| F|  |TAMS 0x0000000716000000, 0x0000000716000000| Untracked 
| 177|0x0000000716200000, 0x0000000716200000, 0x0000000716400000|  0%| F|  |TAMS 0x0000000716200000, 0x0000000716200000| Untracked 
| 178|0x0000000716400000, 0x0000000716400000, 0x0000000716600000|  0%| F|  |TAMS 0x0000000716400000, 0x0000000716400000| Untracked 
| 179|0x0000000716600000, 0x0000000716600000, 0x0000000716800000|  0%| F|  |TAMS 0x0000000716600000, 0x0000000716600000| Untracked 
| 180|0x0000000716800000, 0x0000000716800000, 0x0000000716a00000|  0%| F|  |TAMS 0x0000000716800000, 0x0000000716800000| Untracked 
| 181|0x0000000716a00000, 0x0000000716a00000, 0x0000000716c00000|  0%| F|  |TAMS 0x0000000716a00000, 0x0000000716a00000| Untracked 
| 182|0x0000000716c00000, 0x0000000716c00000, 0x0000000716e00000|  0%| F|  |TAMS 0x0000000716c00000, 0x0000000716c00000| Untracked 
| 183|0x0000000716e00000, 0x0000000716e00000, 0x0000000717000000|  0%| F|  |TAMS 0x0000000716e00000, 0x0000000716e00000| Untracked 
| 184|0x0000000717000000, 0x0000000717000000, 0x0000000717200000|  0%| F|  |TAMS 0x0000000717000000, 0x0000000717000000| Untracked 
| 185|0x0000000717200000, 0x0000000717200000, 0x0000000717400000|  0%| F|  |TAMS 0x0000000717200000, 0x0000000717200000| Untracked 
| 186|0x0000000717400000, 0x0000000717400000, 0x0000000717600000|  0%| F|  |TAMS 0x0000000717400000, 0x0000000717400000| Untracked 
| 187|0x0000000717600000, 0x0000000717600000, 0x0000000717800000|  0%| F|  |TAMS 0x0000000717600000, 0x0000000717600000| Untracked 
| 188|0x0000000717800000, 0x0000000717800000, 0x0000000717a00000|  0%| F|  |TAMS 0x0000000717800000, 0x0000000717800000| Untracked 
| 189|0x0000000717a00000, 0x0000000717a00000, 0x0000000717c00000|  0%| F|  |TAMS 0x0000000717a00000, 0x0000000717a00000| Untracked 
| 190|0x0000000717c00000, 0x0000000717c00000, 0x0000000717e00000|  0%| F|  |TAMS 0x0000000717c00000, 0x0000000717c00000| Untracked 
| 191|0x0000000717e00000, 0x0000000717e00000, 0x0000000718000000|  0%| F|  |TAMS 0x0000000717e00000, 0x0000000717e00000| Untracked 
| 192|0x0000000718000000, 0x0000000718000000, 0x0000000718200000|  0%| F|  |TAMS 0x0000000718000000, 0x0000000718000000| Untracked 
| 193|0x0000000718200000, 0x0000000718200000, 0x0000000718400000|  0%| F|  |TAMS 0x0000000718200000, 0x0000000718200000| Untracked 
| 194|0x0000000718400000, 0x0000000718400000, 0x0000000718600000|  0%| F|  |TAMS 0x0000000718400000, 0x0000000718400000| Untracked 
| 195|0x0000000718600000, 0x0000000718600000, 0x0000000718800000|  0%| F|  |TAMS 0x0000000718600000, 0x0000000718600000| Untracked 
| 196|0x0000000718800000, 0x0000000718800000, 0x0000000718a00000|  0%| F|  |TAMS 0x0000000718800000, 0x0000000718800000| Untracked 
| 197|0x0000000718a00000, 0x0000000718a00000, 0x0000000718c00000|  0%| F|  |TAMS 0x0000000718a00000, 0x0000000718a00000| Untracked 
| 198|0x0000000718c00000, 0x0000000718c00000, 0x0000000718e00000|  0%| F|  |TAMS 0x0000000718c00000, 0x0000000718c00000| Untracked 
| 199|0x0000000718e00000, 0x0000000718e00000, 0x0000000719000000|  0%| F|  |TAMS 0x0000000718e00000, 0x0000000718e00000| Untracked 
| 200|0x0000000719000000, 0x0000000719000000, 0x0000000719200000|  0%| F|  |TAMS 0x0000000719000000, 0x0000000719000000| Untracked 
| 201|0x0000000719200000, 0x0000000719200000, 0x0000000719400000|  0%| F|  |TAMS 0x0000000719200000, 0x0000000719200000| Untracked 
| 202|0x0000000719400000, 0x0000000719400000, 0x0000000719600000|  0%| F|  |TAMS 0x0000000719400000, 0x0000000719400000| Untracked 
| 203|0x0000000719600000, 0x0000000719600000, 0x0000000719800000|  0%| F|  |TAMS 0x0000000719600000, 0x0000000719600000| Untracked 
| 204|0x0000000719800000, 0x0000000719800000, 0x0000000719a00000|  0%| F|  |TAMS 0x0000000719800000, 0x0000000719800000| Untracked 
| 205|0x0000000719a00000, 0x0000000719a00000, 0x0000000719c00000|  0%| F|  |TAMS 0x0000000719a00000, 0x0000000719a00000| Untracked 
| 206|0x0000000719c00000, 0x0000000719c00000, 0x0000000719e00000|  0%| F|  |TAMS 0x0000000719c00000, 0x0000000719c00000| Untracked 
| 207|0x0000000719e00000, 0x0000000719e00000, 0x000000071a000000|  0%| F|  |TAMS 0x0000000719e00000, 0x0000000719e00000| Untracked 
| 208|0x000000071a000000, 0x000000071a000000, 0x000000071a200000|  0%| F|  |TAMS 0x000000071a000000, 0x000000071a000000| Untracked 
| 209|0x000000071a200000, 0x000000071a200000, 0x000000071a400000|  0%| F|  |TAMS 0x000000071a200000, 0x000000071a200000| Untracked 
| 210|0x000000071a400000, 0x000000071a400000, 0x000000071a600000|  0%| F|  |TAMS 0x000000071a400000, 0x000000071a400000| Untracked 
| 211|0x000000071a600000, 0x000000071a600000, 0x000000071a800000|  0%| F|  |TAMS 0x000000071a600000, 0x000000071a600000| Untracked 
| 212|0x000000071a800000, 0x000000071a800000, 0x000000071aa00000|  0%| F|  |TAMS 0x000000071a800000, 0x000000071a800000| Untracked 
| 213|0x000000071aa00000, 0x000000071aa00000, 0x000000071ac00000|  0%| F|  |TAMS 0x000000071aa00000, 0x000000071aa00000| Untracked 
| 214|0x000000071ac00000, 0x000000071ac00000, 0x000000071ae00000|  0%| F|  |TAMS 0x000000071ac00000, 0x000000071ac00000| Untracked 
| 215|0x000000071ae00000, 0x000000071ae00000, 0x000000071b000000|  0%| F|  |TAMS 0x000000071ae00000, 0x000000071ae00000| Untracked 
| 216|0x000000071b000000, 0x000000071b000000, 0x000000071b200000|  0%| F|  |TAMS 0x000000071b000000, 0x000000071b000000| Untracked 
| 217|0x000000071b200000, 0x000000071b200000, 0x000000071b400000|  0%| F|  |TAMS 0x000000071b200000, 0x000000071b200000| Untracked 
| 218|0x000000071b400000, 0x000000071b400000, 0x000000071b600000|  0%| F|  |TAMS 0x000000071b400000, 0x000000071b400000| Untracked 
| 219|0x000000071b600000, 0x000000071b600000, 0x000000071b800000|  0%| F|  |TAMS 0x000000071b600000, 0x000000071b600000| Untracked 
| 220|0x000000071b800000, 0x000000071b800000, 0x000000071ba00000|  0%| F|  |TAMS 0x000000071b800000, 0x000000071b800000| Untracked 
| 221|0x000000071ba00000, 0x000000071ba00000, 0x000000071bc00000|  0%| F|  |TAMS 0x000000071ba00000, 0x000000071ba00000| Untracked 
| 222|0x000000071bc00000, 0x000000071bc00000, 0x000000071be00000|  0%| F|  |TAMS 0x000000071bc00000, 0x000000071bc00000| Untracked 
| 223|0x000000071be00000, 0x000000071be00000, 0x000000071c000000|  0%| F|  |TAMS 0x000000071be00000, 0x000000071be00000| Untracked 
| 224|0x000000071c000000, 0x000000071c000000, 0x000000071c200000|  0%| F|  |TAMS 0x000000071c000000, 0x000000071c000000| Untracked 
| 225|0x000000071c200000, 0x000000071c200000, 0x000000071c400000|  0%| F|  |TAMS 0x000000071c200000, 0x000000071c200000| Untracked 
| 226|0x000000071c400000, 0x000000071c400000, 0x000000071c600000|  0%| F|  |TAMS 0x000000071c400000, 0x000000071c400000| Untracked 
| 227|0x000000071c600000, 0x000000071c600000, 0x000000071c800000|  0%| F|  |TAMS 0x000000071c600000, 0x000000071c600000| Untracked 
| 228|0x000000071c800000, 0x000000071c800000, 0x000000071ca00000|  0%| F|  |TAMS 0x000000071c800000, 0x000000071c800000| Untracked 
| 229|0x000000071ca00000, 0x000000071ca00000, 0x000000071cc00000|  0%| F|  |TAMS 0x000000071ca00000, 0x000000071ca00000| Untracked 
| 230|0x000000071cc00000, 0x000000071cc00000, 0x000000071ce00000|  0%| F|  |TAMS 0x000000071cc00000, 0x000000071cc00000| Untracked 
| 231|0x000000071ce00000, 0x000000071ce00000, 0x000000071d000000|  0%| F|  |TAMS 0x000000071ce00000, 0x000000071ce00000| Untracked 
| 232|0x000000071d000000, 0x000000071d000000, 0x000000071d200000|  0%| F|  |TAMS 0x000000071d000000, 0x000000071d000000| Untracked 
| 233|0x000000071d200000, 0x000000071d200000, 0x000000071d400000|  0%| F|  |TAMS 0x000000071d200000, 0x000000071d200000| Untracked 
| 234|0x000000071d400000, 0x000000071d400000, 0x000000071d600000|  0%| F|  |TAMS 0x000000071d400000, 0x000000071d400000| Untracked 
| 235|0x000000071d600000, 0x000000071d600000, 0x000000071d800000|  0%| F|  |TAMS 0x000000071d600000, 0x000000071d600000| Untracked 
| 236|0x000000071d800000, 0x000000071d800000, 0x000000071da00000|  0%| F|  |TAMS 0x000000071d800000, 0x000000071d800000| Untracked 
| 237|0x000000071da00000, 0x000000071da00000, 0x000000071dc00000|  0%| F|  |TAMS 0x000000071da00000, 0x000000071da00000| Untracked 
| 238|0x000000071dc00000, 0x000000071dc00000, 0x000000071de00000|  0%| F|  |TAMS 0x000000071dc00000, 0x000000071dc00000| Untracked 
| 239|0x000000071de00000, 0x000000071de00000, 0x000000071e000000|  0%| F|  |TAMS 0x000000071de00000, 0x000000071de00000| Untracked 
| 240|0x000000071e000000, 0x000000071e000000, 0x000000071e200000|  0%| F|  |TAMS 0x000000071e000000, 0x000000071e000000| Untracked 
| 241|0x000000071e200000, 0x000000071e200000, 0x000000071e400000|  0%| F|  |TAMS 0x000000071e200000, 0x000000071e200000| Untracked 
| 242|0x000000071e400000, 0x000000071e400000, 0x000000071e600000|  0%| F|  |TAMS 0x000000071e400000, 0x000000071e400000| Untracked 
| 243|0x000000071e600000, 0x000000071e600000, 0x000000071e800000|  0%| F|  |TAMS 0x000000071e600000, 0x000000071e600000| Untracked 
| 244|0x000000071e800000, 0x000000071e800000, 0x000000071ea00000|  0%| F|  |TAMS 0x000000071e800000, 0x000000071e800000| Untracked 
| 245|0x000000071ea00000, 0x000000071ea00000, 0x000000071ec00000|  0%| F|  |TAMS 0x000000071ea00000, 0x000000071ea00000| Untracked 
| 246|0x000000071ec00000, 0x000000071ec00000, 0x000000071ee00000|  0%| F|  |TAMS 0x000000071ec00000, 0x000000071ec00000| Untracked 
| 247|0x000000071ee00000, 0x000000071ee00000, 0x000000071f000000|  0%| F|  |TAMS 0x000000071ee00000, 0x000000071ee00000| Untracked 
| 248|0x000000071f000000, 0x000000071f000000, 0x000000071f200000|  0%| F|  |TAMS 0x000000071f000000, 0x000000071f000000| Untracked 
| 249|0x000000071f200000, 0x000000071f200000, 0x000000071f400000|  0%| F|  |TAMS 0x000000071f200000, 0x000000071f200000| Untracked 
| 250|0x000000071f400000, 0x000000071f400000, 0x000000071f600000|  0%| F|  |TAMS 0x000000071f400000, 0x000000071f400000| Untracked 
| 251|0x000000071f600000, 0x000000071f600000, 0x000000071f800000|  0%| F|  |TAMS 0x000000071f600000, 0x000000071f600000| Untracked 
| 252|0x000000071f800000, 0x000000071f800000, 0x000000071fa00000|  0%| F|  |TAMS 0x000000071f800000, 0x000000071f800000| Untracked 
| 253|0x000000071fa00000, 0x000000071fa00000, 0x000000071fc00000|  0%| F|  |TAMS 0x000000071fa00000, 0x000000071fa00000| Untracked 
| 254|0x000000071fc00000, 0x000000071fc00000, 0x000000071fe00000|  0%| F|  |TAMS 0x000000071fc00000, 0x000000071fc00000| Untracked 
| 255|0x000000071fe00000, 0x000000071fe00000, 0x0000000720000000|  0%| F|  |TAMS 0x000000071fe00000, 0x000000071fe00000| Untracked 
| 256|0x0000000720000000, 0x0000000720000000, 0x0000000720200000|  0%| F|  |TAMS 0x0000000720000000, 0x0000000720000000| Untracked 
| 257|0x0000000720200000, 0x0000000720200000, 0x0000000720400000|  0%| F|  |TAMS 0x0000000720200000, 0x0000000720200000| Untracked 
| 258|0x0000000720400000, 0x0000000720400000, 0x0000000720600000|  0%| F|  |TAMS 0x0000000720400000, 0x0000000720400000| Untracked 
| 259|0x0000000720600000, 0x0000000720600000, 0x0000000720800000|  0%| F|  |TAMS 0x0000000720600000, 0x0000000720600000| Untracked 
| 260|0x0000000720800000, 0x0000000720800000, 0x0000000720a00000|  0%| F|  |TAMS 0x0000000720800000, 0x0000000720800000| Untracked 
| 261|0x0000000720a00000, 0x0000000720a00000, 0x0000000720c00000|  0%| F|  |TAMS 0x0000000720a00000, 0x0000000720a00000| Untracked 
| 262|0x0000000720c00000, 0x0000000720c00000, 0x0000000720e00000|  0%| F|  |TAMS 0x0000000720c00000, 0x0000000720c00000| Untracked 
| 263|0x0000000720e00000, 0x0000000720e00000, 0x0000000721000000|  0%| F|  |TAMS 0x0000000720e00000, 0x0000000720e00000| Untracked 
| 264|0x0000000721000000, 0x0000000721000000, 0x0000000721200000|  0%| F|  |TAMS 0x0000000721000000, 0x0000000721000000| Untracked 
| 265|0x0000000721200000, 0x0000000721200000, 0x0000000721400000|  0%| F|  |TAMS 0x0000000721200000, 0x0000000721200000| Untracked 
| 266|0x0000000721400000, 0x0000000721400000, 0x0000000721600000|  0%| F|  |TAMS 0x0000000721400000, 0x0000000721400000| Untracked 
| 267|0x0000000721600000, 0x0000000721600000, 0x0000000721800000|  0%| F|  |TAMS 0x0000000721600000, 0x0000000721600000| Untracked 
| 268|0x0000000721800000, 0x0000000721800000, 0x0000000721a00000|  0%| F|  |TAMS 0x0000000721800000, 0x0000000721800000| Untracked 
| 269|0x0000000721a00000, 0x0000000721a00000, 0x0000000721c00000|  0%| F|  |TAMS 0x0000000721a00000, 0x0000000721a00000| Untracked 
| 270|0x0000000721c00000, 0x0000000721c00000, 0x0000000721e00000|  0%| F|  |TAMS 0x0000000721c00000, 0x0000000721c00000| Untracked 
| 271|0x0000000721e00000, 0x0000000721e00000, 0x0000000722000000|  0%| F|  |TAMS 0x0000000721e00000, 0x0000000721e00000| Untracked 
| 272|0x0000000722000000, 0x0000000722000000, 0x0000000722200000|  0%| F|  |TAMS 0x0000000722000000, 0x0000000722000000| Untracked 
| 273|0x0000000722200000, 0x0000000722200000, 0x0000000722400000|  0%| F|  |TAMS 0x0000000722200000, 0x0000000722200000| Untracked 
|2042|0x00000007ff400000, 0x00000007ff600000, 0x00000007ff600000|100%| O|  |TAMS 0x00000007ff600000, 0x00000007ff400000| Untracked 

Card table byte_map: [0x00000251176a0000,0x0000025117ea0000] _byte_map_base: 0x0000025113ea0000

Marking Bits (Prev, Next): (CMBitMap*) 0x000002517fb9f7d0, (CMBitMap*) 0x000002517fb9f790
 Prev Bits: [0x000002511c6a0000, 0x00000251206a0000)
 Next Bits: [0x00000251186a0000, 0x000002511c6a0000)

Polling page: 0x000002517dab0000

Metaspace:

Usage:
  Non-class:     37.81 MB used.
      Class:      4.67 MB used.
       Both:     42.47 MB used.

Virtual space:
  Non-class space:       64.00 MB reserved,      37.94 MB ( 59%) committed,  1 nodes.
      Class space:        1.00 GB reserved,       4.81 MB ( <1%) committed,  1 nodes.
             Both:        1.06 GB reserved,      42.75 MB (  4%) committed. 

Chunk freelists:
   Non-Class:  9.88 MB
       Class:  11.15 MB
        Both:  21.04 MB

MaxMetaspaceSize: unlimited
CompressedClassSpaceSize: 1.00 GB
Initial GC threshold: 21.00 MB
Current GC threshold: 71.25 MB
CDS: on
MetaspaceReclaimPolicy: balanced
 - commit_granule_bytes: 65536.
 - commit_granule_words: 8192.
 - virtual_space_node_default_size: 8388608.
 - enlarge_chunks_in_place: 1.
 - new_chunks_are_fully_committed: 0.
 - uncommit_free_chunks: 1.
 - use_allocation_guard: 0.
 - handle_deallocations: 1.


Internal statistics:

num_allocs_failed_limit: 3.
num_arena_births: 308.
num_arena_deaths: 0.
num_vsnodes_births: 2.
num_vsnodes_deaths: 0.
num_space_committed: 682.
num_space_uncommitted: 0.
num_chunks_returned_to_freelist: 3.
num_chunks_taken_from_freelist: 1523.
num_chunk_merges: 0.
num_chunk_splits: 1077.
num_chunks_enlarged: 873.
num_inconsistent_stats: 0.

CodeHeap 'non-profiled nmethods': size=119168Kb used=4611Kb max_used=4611Kb free=114556Kb
 bounds [0x000002510f600000, 0x000002510fa90000, 0x0000025116a60000]
CodeHeap 'profiled nmethods': size=119104Kb used=9822Kb max_used=12201Kb free=109281Kb
 bounds [0x0000025107a60000, 0x0000025108650000, 0x000002510eeb0000]
CodeHeap 'non-nmethods': size=7488Kb used=1438Kb max_used=3159Kb free=6049Kb
 bounds [0x000002510eeb0000, 0x000002510f230000, 0x000002510f600000]
 total_blobs=6277 nmethods=5477 adapters=710
 compilation: enabled
              stopped_count=0, restarted_count=0
 full_count=0

Compilation events (20 events):
Event: 237.179 Thread 0x00000251229a0720 7205       4       java.lang.Boolean::valueOf (14 bytes)
Event: 237.180 Thread 0x00000251229a0720 nmethod 7205 0x000002510fa73910 code [0x000002510fa73a80, 0x000002510fa73af8]
Event: 237.264 Thread 0x00000251236c3fa0 7206       3       com.fasterxml.jackson.core.json.WriterBasedJsonGenerator::_writeString2 (138 bytes)
Event: 237.266 Thread 0x00000251236c3fa0 nmethod 7206 0x0000025107f85490 code [0x0000025107f85680, 0x0000025107f85bb8]
Event: 237.367 Thread 0x00000251229a0720 7207       4       java.util.regex.Pattern$CharPropertyGreedy::match (160 bytes)
Event: 237.382 Thread 0x00000251229a0720 nmethod 7207 0x000002510fa73c10 code [0x000002510fa73de0, 0x000002510fa74758]
Event: 237.382 Thread 0x00000251229a0720 7208       4       java.util.regex.Pattern$$Lambda$19/0x800000029::is (13 bytes)
Event: 237.383 Thread 0x00000251229a0720 nmethod 7208 0x000002510fa75010 code [0x000002510fa75180, 0x000002510fa75218]
Event: 237.395 Thread 0x00000251229a0720 7209       4       com.querydsl.sql.AbstractSQLQuery::newInstance (95 bytes)
Event: 237.423 Thread 0x00000251229a0720 nmethod 7209 0x000002510fa75310 code [0x000002510fa75520, 0x000002510fa761a8]
Event: 237.423 Thread 0x00000251229a0720 7210       4       sun.util.calendar.ZoneInfo::getLastRawOffset (10 bytes)
Event: 237.423 Thread 0x00000251229a0720 nmethod 7210 0x000002510fa76c90 code [0x000002510fa76e00, 0x000002510fa76e78]
Event: 237.516 Thread 0x00000251229a0720 7211       4       org.eclipse.jetty.server.HttpConnection$SendCallback::process (855 bytes)
Event: 237.516 Thread 0x0000025123909c10 7213       3       java.nio.DirectByteBuffer::slice (74 bytes)
Event: 237.517 Thread 0x0000025123909c10 nmethod 7213 0x0000025107db6790 code [0x0000025107db6940, 0x0000025107db6c08]
Event: 237.778 Thread 0x00000251229a0720 nmethod 7211 0x000002510fa76f90 code [0x000002510fa77680, 0x000002510fa7c650]
Event: 237.779 Thread 0x00000251229a0720 7212       4       java.nio.DirectByteBuffer::slice (5 bytes)
Event: 237.779 Thread 0x00000251229a0720 nmethod 7212 0x000002510fa80710 code [0x000002510fa80880, 0x000002510fa80918]
Event: 241.361 Thread 0x00000251229a0720 7214   !   4       java.lang.Thread::blockedOn (27 bytes)
Event: 241.364 Thread 0x00000251229a0720 nmethod 7214 0x000002510fa80a10 code [0x000002510fa80b80, 0x000002510fa80e38]

GC Heap History (20 events):
Event: 94.720 GC heap after
{Heap after GC invocations=36 (full 0):
 garbage-first heap   total 573440K, used 173909K [0x0000000700000000, 0x0000000800000000)
  region size 2048K, 1 young (2048K), 1 survivors (2048K)
 Metaspace       used 43454K, committed 43776K, reserved 1114112K
  class space    used 4775K, committed 4928K, reserved 1048576K
}
Event: 172.511 GC heap before
{Heap before GC invocations=37 (full 0):
 garbage-first heap   total 348160K, used 247637K [0x0000000700000000, 0x0000000800000000)
  region size 2048K, 73 young (149504K), 1 survivors (2048K)
 Metaspace       used 43473K, committed 43776K, reserved 1114112K
  class space    used 4777K, committed 4928K, reserved 1048576K
}
Event: 172.629 GC heap after
{Heap after GC invocations=38 (full 0):
 garbage-first heap   total 348160K, used 173700K [0x0000000700000000, 0x0000000800000000)
  region size 2048K, 10 young (20480K), 10 survivors (20480K)
 Metaspace       used 43473K, committed 43776K, reserved 1114112K
  class space    used 4777K, committed 4928K, reserved 1048576K
}
Event: 172.635 GC heap before
{Heap before GC invocations=38 (full 0):
 garbage-first heap   total 348160K, used 175748K [0x0000000700000000, 0x0000000800000000)
  region size 2048K, 11 young (22528K), 10 survivors (20480K)
 Metaspace       used 43473K, committed 43776K, reserved 1114112K
  class space    used 4777K, committed 4928K, reserved 1048576K
}
Event: 172.676 GC heap after
{Heap after GC invocations=39 (full 0):
 garbage-first heap   total 348160K, used 165523K [0x0000000700000000, 0x0000000800000000)
  region size 2048K, 2 young (4096K), 2 survivors (4096K)
 Metaspace       used 43473K, committed 43776K, reserved 1114112K
  class space    used 4777K, committed 4928K, reserved 1048576K
}
Event: 172.809 GC heap before
{Heap before GC invocations=39 (full 0):
 garbage-first heap   total 348160K, used 241299K [0x0000000700000000, 0x0000000800000000)
  region size 2048K, 39 young (79872K), 2 survivors (4096K)
 Metaspace       used 43473K, committed 43776K, reserved 1114112K
  class space    used 4777K, committed 4928K, reserved 1048576K
}
Event: 172.854 GC heap after
{Heap after GC invocations=40 (full 0):
 garbage-first heap   total 348160K, used 221013K [0x0000000700000000, 0x0000000800000000)
  region size 2048K, 5 young (10240K), 5 survivors (10240K)
 Metaspace       used 43473K, committed 43776K, reserved 1114112K
  class space    used 4777K, committed 4928K, reserved 1048576K
}
Event: 194.346 GC heap before
{Heap before GC invocations=41 (full 0):
 garbage-first heap   total 348160K, used 190398K [0x0000000700000000, 0x0000000800000000)
  region size 2048K, 21 young (43008K), 5 survivors (10240K)
 Metaspace       used 43475K, committed 43776K, reserved 1114112K
  class space    used 4777K, committed 4928K, reserved 1048576K
}
Event: 194.358 GC heap after
{Heap after GC invocations=42 (full 0):
 garbage-first heap   total 348160K, used 174655K [0x0000000700000000, 0x0000000800000000)
  region size 2048K, 3 young (6144K), 3 survivors (6144K)
 Metaspace       used 43475K, committed 43776K, reserved 1114112K
  class space    used 4777K, committed 4928K, reserved 1048576K
}
Event: 216.034 GC heap before
{Heap before GC invocations=42 (full 0):
 garbage-first heap   total 348160K, used 184895K [0x0000000700000000, 0x0000000800000000)
  region size 2048K, 8 young (16384K), 3 survivors (6144K)
 Metaspace       used 43475K, committed 43776K, reserved 1114112K
  class space    used 4777K, committed 4928K, reserved 1048576K
}
Event: 216.043 GC heap after
{Heap after GC invocations=43 (full 0):
 garbage-first heap   total 348160K, used 143603K [0x0000000700000000, 0x0000000800000000)
  region size 2048K, 1 young (2048K), 1 survivors (2048K)
 Metaspace       used 43475K, committed 43776K, reserved 1114112K
  class space    used 4777K, committed 4928K, reserved 1048576K
}
Event: 237.112 GC heap before
{Heap before GC invocations=43 (full 0):
 garbage-first heap   total 348160K, used 157939K [0x0000000700000000, 0x0000000800000000)
  region size 2048K, 8 young (16384K), 1 survivors (2048K)
 Metaspace       used 43477K, committed 43776K, reserved 1114112K
  class space    used 4777K, committed 4928K, reserved 1048576K
}
Event: 237.119 GC heap after
{Heap after GC invocations=44 (full 0):
 garbage-first heap   total 348160K, used 141234K [0x0000000700000000, 0x0000000800000000)
  region size 2048K, 1 young (2048K), 1 survivors (2048K)
 Metaspace       used 43477K, committed 43776K, reserved 1114112K
  class space    used 4777K, committed 4928K, reserved 1048576K
}
Event: 237.217 GC heap before
{Heap before GC invocations=44 (full 0):
 garbage-first heap   total 348160K, used 212914K [0x0000000700000000, 0x0000000800000000)
  region size 2048K, 36 young (73728K), 1 survivors (2048K)
 Metaspace       used 43490K, committed 43776K, reserved 1114112K
  class space    used 4777K, committed 4928K, reserved 1048576K
}
Event: 237.254 GC heap after
{Heap after GC invocations=45 (full 0):
 garbage-first heap   total 348160K, used 189578K [0x0000000700000000, 0x0000000800000000)
  region size 2048K, 5 young (10240K), 5 survivors (10240K)
 Metaspace       used 43490K, committed 43776K, reserved 1114112K
  class space    used 4777K, committed 4928K, reserved 1048576K
}
Event: 237.323 GC heap before
{Heap before GC invocations=46 (full 0):
 garbage-first heap   total 356352K, used 236682K [0x0000000700000000, 0x0000000800000000)
  region size 2048K, 28 young (57344K), 5 survivors (10240K)
 Metaspace       used 43492K, committed 43776K, reserved 1114112K
  class space    used 4777K, committed 4928K, reserved 1048576K
}
Event: 237.349 GC heap after
{Heap after GC invocations=47 (full 0):
 garbage-first heap   total 356352K, used 226123K [0x0000000700000000, 0x0000000800000000)
  region size 2048K, 4 young (8192K), 4 survivors (8192K)
 Metaspace       used 43492K, committed 43776K, reserved 1114112K
  class space    used 4777K, committed 4928K, reserved 1048576K
}
Event: 237.355 GC heap before
{Heap before GC invocations=47 (full 0):
 garbage-first heap   total 356352K, used 234315K [0x0000000700000000, 0x0000000800000000)
  region size 2048K, 8 young (16384K), 4 survivors (8192K)
 Metaspace       used 43492K, committed 43776K, reserved 1114112K
  class space    used 4777K, committed 4928K, reserved 1048576K
}
Event: 237.363 GC heap after
{Heap after GC invocations=48 (full 0):
 garbage-first heap   total 356352K, used 199118K [0x0000000700000000, 0x0000000800000000)
  region size 2048K, 1 young (2048K), 1 survivors (2048K)
 Metaspace       used 43492K, committed 43776K, reserved 1114112K
  class space    used 4777K, committed 4928K, reserved 1048576K
}
Event: 241.601 GC heap before
{Heap before GC invocations=48 (full 0):
 garbage-first heap   total 356352K, used 213454K [0x0000000700000000, 0x0000000800000000)
  region size 2048K, 8 young (16384K), 1 survivors (2048K)
 Metaspace       used 43492K, committed 43776K, reserved 1114112K
  class space    used 4777K, committed 4928K, reserved 1048576K
}

Dll operation events (13 events):
Event: 0.021 Loaded shared library C:\Program Files\AnyLogic 8.9 Personal Learning Edition\jre\bin\java.dll
Event: 0.048 Loaded shared library C:\Program Files\AnyLogic 8.9 Personal Learning Edition\jre\bin\jsvml.dll
Event: 0.249 Loaded shared library C:\Program Files\AnyLogic 8.9 Personal Learning Edition\jre\bin\net.dll
Event: 0.252 Loaded shared library C:\Program Files\AnyLogic 8.9 Personal Learning Edition\jre\bin\nio.dll
Event: 0.257 Loaded shared library C:\Program Files\AnyLogic 8.9 Personal Learning Edition\jre\bin\zip.dll
Event: 0.376 Loaded shared library C:\Program Files\AnyLogic 8.9 Personal Learning Edition\jre\bin\jimage.dll
Event: 0.846 Loaded shared library C:\Program Files\AnyLogic 8.9 Personal Learning Edition\jre\bin\awt.dll
Event: 1.538 Loaded shared library C:\Program Files\AnyLogic 8.9 Personal Learning Edition\jre\bin\verify.dll
Event: 1.684 Loaded shared library C:\Program Files\AnyLogic 8.9 Personal Learning Edition\jre\bin\management.dll
Event: 1.697 Loaded shared library C:\Program Files\AnyLogic 8.9 Personal Learning Edition\jre\bin\management_ext.dll
Event: 2.061 Loaded shared library C:\Program Files\AnyLogic 8.9 Personal Learning Edition\jre\bin\sunmscapi.dll
Event: 21.468 Loaded shared library C:\Program Files\AnyLogic 8.9 Personal Learning Edition\jre\bin\freetype.dll
Event: 21.472 Loaded shared library C:\Program Files\AnyLogic 8.9 Personal Learning Edition\jre\bin\fontmanager.dll

Deoptimization events (20 events):
Event: 237.153 Thread 0x0000025169dcd8c0 Uncommon trap: trap_request=0xffffffde fr.pc=0x000002510f86fcf4 relative=0x0000000000000974
Event: 237.153 Thread 0x0000025169dcd8c0 Uncommon trap: reason=class_check action=maybe_recompile pc=0x000002510f86fcf4 method=com.anylogic.engine.Agent.disableSteps()V @ 7 c2
Event: 237.153 Thread 0x0000025169dcd8c0 DEOPT PACKING pc=0x000002510f86fcf4 sp=0x00000066571fec80
Event: 237.153 Thread 0x0000025169dcd8c0 DEOPT UNPACKING pc=0x000002510ef069a3 sp=0x00000066571fec60 mode 2
Event: 237.153 Thread 0x0000025169dcd8c0 Uncommon trap: trap_request=0xffffffde fr.pc=0x000002510f9126c0 relative=0x0000000000000940
Event: 237.153 Thread 0x0000025169dcd8c0 Uncommon trap: reason=class_check action=maybe_recompile pc=0x000002510f9126c0 method=com.anylogic.engine.Agent.setNetworkUserDefined()V @ 7 c2
Event: 237.153 Thread 0x0000025169dcd8c0 DEOPT PACKING pc=0x000002510f9126c0 sp=0x00000066571fec80
Event: 237.153 Thread 0x0000025169dcd8c0 DEOPT UNPACKING pc=0x000002510ef069a3 sp=0x00000066571fec60 mode 2
Event: 237.158 Thread 0x0000025169dcd8c0 Uncommon trap: trap_request=0xffffffde fr.pc=0x000002510f869a68 relative=0x0000000000000068
Event: 237.158 Thread 0x0000025169dcd8c0 Uncommon trap: reason=class_check action=maybe_recompile pc=0x000002510f869a68 method=com.anylogic.engine.Agent.startAsEmbedded()V @ 1 c2
Event: 237.158 Thread 0x0000025169dcd8c0 DEOPT PACKING pc=0x000002510f869a68 sp=0x00000066571fee60
Event: 237.158 Thread 0x0000025169dcd8c0 DEOPT UNPACKING pc=0x000002510ef069a3 sp=0x00000066571feda0 mode 2
Event: 237.396 Thread 0x0000025169dcd8c0 DEOPT PACKING pc=0x000002510834ec30 sp=0x00000066571feb00
Event: 237.396 Thread 0x0000025169dcd8c0 DEOPT UNPACKING pc=0x000002510ef07143 sp=0x00000066571fdff8 mode 0
Event: 237.400 Thread 0x0000025169dcd8c0 DEOPT PACKING pc=0x000002510834ec30 sp=0x00000066571feb00
Event: 237.400 Thread 0x0000025169dcd8c0 DEOPT UNPACKING pc=0x000002510ef07143 sp=0x00000066571fdff8 mode 0
Event: 237.404 Thread 0x0000025169dcd8c0 DEOPT PACKING pc=0x000002510834ec30 sp=0x00000066571feb00
Event: 237.404 Thread 0x0000025169dcd8c0 DEOPT UNPACKING pc=0x000002510ef07143 sp=0x00000066571fdff8 mode 0
Event: 237.407 Thread 0x0000025169dcd8c0 DEOPT PACKING pc=0x000002510834ec30 sp=0x00000066571feb00
Event: 237.407 Thread 0x0000025169dcd8c0 DEOPT UNPACKING pc=0x000002510ef07143 sp=0x00000066571fdff8 mode 0

Classes unloaded (0 events):
No events

Classes redefined (0 events):
No events

Internal exceptions (20 events):
Event: 13.737 Thread 0x0000025169dcd8c0 Exception <a 'java/lang/NoSuchMethodError'{0x00000007025d5958}: 'void java.lang.invoke.DirectMethodHandle$Holder.invokeVirtual(java.lang.Object, java.lang.Object, java.lang.Object, java.lang.Object)'> (0x00000007025d5958) 
thrown [s\src\hotspot\share\interpreter\linkResolver.cpp, line 759]
Event: 13.802 Thread 0x0000025169dcd8c0 Exception <a 'java/lang/NoSuchMethodError'{0x0000000702290a28}: 'void java.lang.invoke.DirectMethodHandle$Holder.invokeStatic(java.lang.Object, java.lang.Object, java.lang.Object, int)'> (0x0000000702290a28) 
thrown [s\src\hotspot\share\interpreter\linkResolver.cpp, line 759]
Event: 13.803 Thread 0x0000025169dcd8c0 Exception <a 'java/lang/NoSuchMethodError'{0x0000000702294190}: 'void java.lang.invoke.DirectMethodHandle$Holder.invokeStaticInit(java.lang.Object, java.lang.Object, java.lang.Object, int)'> (0x0000000702294190) 
thrown [s\src\hotspot\share\interpreter\linkResolver.cpp, line 759]
Event: 13.869 Thread 0x0000025169dcd8c0 Exception <a 'java/lang/NoSuchMethodError'{0x00000007023280e8}: 'void java.lang.invoke.DirectMethodHandle$Holder.invokeInterface(java.lang.Object, java.lang.Object, java.lang.Object)'> (0x00000007023280e8) 
thrown [s\src\hotspot\share\interpreter\linkResolver.cpp, line 759]
Event: 14.000 Thread 0x0000025169dcd8c0 Exception <a 'java/lang/NoSuchMethodError'{0x00000007021fd2f8}: 'java.lang.Object java.lang.invoke.DirectMethodHandle$Holder.invokeStatic(java.lang.Object, java.lang.Object, int, int)'> (0x00000007021fd2f8) 
thrown [s\src\hotspot\share\interpreter\linkResolver.cpp, line 759]
Event: 14.000 Thread 0x0000025169dcd8c0 Exception <a 'java/lang/NoSuchMethodError'{0x0000000701e011f8}: 'java.lang.Object java.lang.invoke.DirectMethodHandle$Holder.invokeStaticInit(java.lang.Object, java.lang.Object, int, int)'> (0x0000000701e011f8) 
thrown [s\src\hotspot\share\interpreter\linkResolver.cpp, line 759]
Event: 14.371 Thread 0x0000025169dcd8c0 Exception <a 'java/lang/NoSuchMethodError'{0x000000070365cf28}: 'java.lang.Object java.lang.invoke.DirectMethodHandle$Holder.newInvokeSpecial(java.lang.Object, java.lang.Object, int, java.lang.Object)'> (0x000000070365cf28) 
thrown [s\src\hotspot\share\interpreter\linkResolver.cpp, line 759]
Event: 14.371 Thread 0x0000025169dcd8c0 Exception <a 'java/lang/NoSuchMethodError'{0x00000007036615b0}: 'java.lang.Object java.lang.invoke.DirectMethodHandle$Holder.invokeSpecial(java.lang.Object, java.lang.Object, java.lang.Object, int, java.lang.Object)'> (0x00000007036615b0) 
thrown [s\src\hotspot\share\interpreter\linkResolver.cpp, line 759]
Event: 15.845 Thread 0x0000025169dcd8c0 Exception <a 'java/lang/NoSuchMethodError'{0x00000007044705c0}: 'void java.lang.invoke.DirectMethodHandle$Holder.invokeInterface(java.lang.Object, java.lang.Object, java.lang.Object, int)'> (0x00000007044705c0) 
thrown [s\src\hotspot\share\interpreter\linkResolver.cpp, line 759]
Event: 16.197 Thread 0x0000025169dcd8c0 Implicit null exception at 0x000002510f7c4451 to 0x000002510f7c713c
Event: 20.733 Thread 0x0000025169dcd8c0 Exception <a 'java/lang/NoSuchMethodError'{0x00000007037e95b8}: 'java.lang.Object java.lang.invoke.DirectMethodHandle$Holder.invokeVirtual(java.lang.Object, java.lang.Object, int)'> (0x00000007037e95b8) 
thrown [s\src\hotspot\share\interpreter\linkResolver.cpp, line 759]
Event: 20.735 Thread 0x0000025169dcd8c0 Exception <a 'java/lang/NoSuchMethodError'{0x00000007037f0e20}: 'void java.lang.invoke.DirectMethodHandle$Holder.invokeVirtual(java.lang.Object, java.lang.Object, int, java.lang.Object)'> (0x00000007037f0e20) 
thrown [s\src\hotspot\share\interpreter\linkResolver.cpp, line 759]
Event: 20.737 Thread 0x0000025169dcd8c0 Exception <a 'java/lang/NoSuchMethodError'{0x00000007037fee50}: 'int java.lang.invoke.DirectMethodHandle$Holder.invokeVirtual(java.lang.Object, java.lang.Object)'> (0x00000007037fee50) 
thrown [s\src\hotspot\share\interpreter\linkResolver.cpp, line 759]
Event: 21.109 Thread 0x0000025169dcd8c0 Exception <a 'java/lang/NoSuchMethodError'{0x0000000705cb81c0}: 'void java.lang.invoke.DirectMethodHandle$Holder.invokeStatic(java.lang.Object, int, java.lang.Object)'> (0x0000000705cb81c0) 
thrown [s\src\hotspot\share\interpreter\linkResolver.cpp, line 759]
Event: 21.337 Thread 0x0000025169dcd8c0 Exception <a 'java/lang/NoSuchMethodError'{0x0000000705a83f28}: 'java.lang.Object java.lang.invoke.DirectMethodHandle$Holder.invokeStatic(java.lang.Object, int, java.lang.Object, java.lang.Object, java.lang.Object, java.lang.Object)'> (0x0000000705a83f28) 
thrown [s\src\hotspot\share\interpreter\linkResolver.cpp, line 759]
Event: 21.393 Thread 0x0000025169dcd8c0 Exception <a 'java/lang/ClassNotFoundException'{0x0000000705b9f078}: com/sun/swing/internal/plaf/metal/resources/spi/metalProvider> (0x0000000705b9f078) 
thrown [s\src\hotspot\share\classfile\systemDictionary.cpp, line 256]
Event: 21.396 Thread 0x0000025169dcd8c0 Exception <a 'java/lang/ClassNotFoundException'{0x0000000705ba30e8}: com/sun/swing/internal/plaf/basic/resources/spi/basicProvider> (0x0000000705ba30e8) 
thrown [s\src\hotspot\share\classfile\systemDictionary.cpp, line 256]
Event: 21.816 Thread 0x0000025169dcd8c0 Exception <a 'java/lang/NoSuchMethodError'{0x000000070588cbf0}: 'int java.lang.invoke.DirectMethodHandle$Holder.invokeSpecial(java.lang.Object, java.lang.Object, java.lang.Object, java.lang.Object)'> (0x000000070588cbf0) 
thrown [s\src\hotspot\share\interpreter\linkResolver.cpp, line 759]
Event: 94.436 Thread 0x0000025169dcd8c0 Implicit null exception at 0x000002510f98b3da to 0x000002510f98c0ec
Event: 94.437 Thread 0x0000025169dcd8c0 Implicit null exception at 0x000002510f98d45f to 0x000002510f98df74

VM Operations (20 events):
Event: 235.202 Executing VM operation: Cleanup done
Event: 236.204 Executing VM operation: Cleanup
Event: 236.204 Executing VM operation: Cleanup done
Event: 237.112 Executing VM operation: G1CollectForAllocation
Event: 237.119 Executing VM operation: G1CollectForAllocation done
Event: 237.217 Executing VM operation: G1CollectForAllocation
Event: 237.254 Executing VM operation: G1CollectForAllocation done
Event: 237.286 Executing VM operation: G1PauseRemark
Event: 237.299 Executing VM operation: G1PauseRemark done
Event: 237.323 Executing VM operation: G1PauseCleanup
Event: 237.323 Executing VM operation: G1PauseCleanup done
Event: 237.323 Executing VM operation: G1CollectForAllocation
Event: 237.349 Executing VM operation: G1CollectForAllocation done
Event: 237.355 Executing VM operation: G1CollectForAllocation
Event: 237.363 Executing VM operation: G1CollectForAllocation done
Event: 238.365 Executing VM operation: Cleanup
Event: 238.365 Executing VM operation: Cleanup done
Event: 240.563 Executing VM operation: HandshakeAllThreads
Event: 240.563 Executing VM operation: HandshakeAllThreads done
Event: 241.601 Executing VM operation: G1CollectForAllocation

Events (20 events):
Event: 128.218 Thread 0x00000251229ac430 flushing nmethod 0x0000025108635d10
Event: 128.218 Thread 0x00000251229ac430 flushing nmethod 0x0000025108636c10
Event: 128.218 Thread 0x00000251229ac430 flushing nmethod 0x0000025108638990
Event: 128.218 Thread 0x00000251229ac430 flushing nmethod 0x0000025108638d10
Event: 128.218 Thread 0x00000251229ac430 flushing nmethod 0x000002510863be10
Event: 172.224 Thread 0x0000025169dc7380 Thread added: 0x0000025169dc7380
Event: 172.226 Thread 0x0000025169dcbf70 Thread added: 0x0000025169dcbf70
Event: 172.352 loading class java/lang/Class$EnclosingMethodInfo
Event: 172.360 loading class java/lang/Class$EnclosingMethodInfo done
Event: 172.796 Thread 0x0000025123909c10 Thread added: 0x0000025123909c10
Event: 173.259 Thread 0x0000025169dc7380 Thread exited: 0x0000025169dc7380
Event: 173.259 Thread 0x0000025169dcbf70 Thread exited: 0x0000025169dcbf70
Event: 174.636 Thread 0x0000025123909c10 Thread exited: 0x0000025123909c10
Event: 184.016 Thread 0x0000025169dc96f0 Thread exited: 0x0000025169dc96f0
Event: 237.147 Thread 0x0000025169dc96f0 Thread added: 0x0000025169dc96f0
Event: 237.147 Thread 0x0000025169dc7380 Thread added: 0x0000025169dc7380
Event: 237.153 Thread 0x0000025123909c10 Thread added: 0x0000025123909c10
Event: 238.164 Thread 0x0000025169dc96f0 Thread exited: 0x0000025169dc96f0
Event: 238.164 Thread 0x0000025169dc7380 Thread exited: 0x0000025169dc7380
Event: 241.362 Thread 0x0000025123909c10 Thread exited: 0x0000025123909c10


Dynamic libraries:
0x00007ff644510000 - 0x00007ff64451e000 	C:\Program Files\AnyLogic 8.9 Personal Learning Edition\jre\bin\javaw.exe
0x00007fffb7820000 - 0x00007fffb7a87000 	C:\WINDOWS\SYSTEM32\ntdll.dll
0x00007fffb6e30000 - 0x00007fffb6ef9000 	C:\WINDOWS\System32\KERNEL32.DLL
0x00007fffb4f10000 - 0x00007fffb5307000 	C:\WINDOWS\System32\KERNELBASE.dll
0x00007fffb5450000 - 0x00007fffb559b000 	C:\WINDOWS\System32\ucrtbase.dll
0x00007fffab2f0000 - 0x00007fffab307000 	C:\Program Files\AnyLogic 8.9 Personal Learning Edition\jre\bin\jli.dll
0x00007fffb5b20000 - 0x00007fffb5ce6000 	C:\WINDOWS\System32\USER32.dll
0x00007fffab000000 - 0x00007fffab01b000 	C:\Program Files\AnyLogic 8.9 Personal Learning Edition\jre\bin\VCRUNTIME140.dll
0x00007fffb4250000 - 0x00007fffb4277000 	C:\WINDOWS\System32\win32u.dll
0x00007fffb5e90000 - 0x00007fffb5ebb000 	C:\WINDOWS\System32\GDI32.dll
0x00007fffa3340000 - 0x00007fffa35d2000 	C:\WINDOWS\WinSxS\amd64_microsoft.windows.common-controls_6595b64144ccf1df_6.0.26100.8457_none_3e0b2faee331e92d\COMCTL32.dll
0x00007fffb4570000 - 0x00007fffb469c000 	C:\WINDOWS\System32\gdi32full.dll
0x00007fffb7390000 - 0x00007fffb7439000 	C:\WINDOWS\System32\msvcrt.dll
0x00007fffb5310000 - 0x00007fffb53b3000 	C:\WINDOWS\System32\msvcp_win.dll
0x00007fffb68f0000 - 0x00007fffb6922000 	C:\WINDOWS\System32\IMM32.DLL
0x00007fffaaed0000 - 0x00007fffaaedc000 	C:\Program Files\AnyLogic 8.9 Personal Learning Edition\jre\bin\vcruntime140_1.dll
0x00007fffa1160000 - 0x00007fffa11ed000 	C:\Program Files\AnyLogic 8.9 Personal Learning Edition\jre\bin\msvcp140.dll
0x00007fff08d60000 - 0x00007fff099c1000 	C:\Program Files\AnyLogic 8.9 Personal Learning Edition\jre\bin\server\jvm.dll
0x00007fffb6b10000 - 0x00007fffb6bc6000 	C:\WINDOWS\System32\ADVAPI32.dll
0x00007fffb5d50000 - 0x00007fffb5df7000 	C:\WINDOWS\System32\sechost.dll
0x00007fffb7610000 - 0x00007fffb7728000 	C:\WINDOWS\System32\RPCRT4.dll
0x00007fffb40b0000 - 0x00007fffb410e000 	C:\WINDOWS\SYSTEM32\POWRPROF.dll
0x00007fffb2200000 - 0x00007fffb2236000 	C:\WINDOWS\SYSTEM32\WINMM.dll
0x00007fffacf20000 - 0x00007fffacf2a000 	C:\WINDOWS\SYSTEM32\WSOCK32.dll
0x00007fffb5e00000 - 0x00007fffb5e80000 	C:\WINDOWS\System32\WS2_32.dll
0x00007fffb1450000 - 0x00007fffb145b000 	C:\WINDOWS\SYSTEM32\VERSION.dll
0x00007fffb4090000 - 0x00007fffb40a4000 	C:\WINDOWS\SYSTEM32\UMPDC.dll
0x00007fffb2fe0000 - 0x00007fffb2ffb000 	C:\WINDOWS\SYSTEM32\kernel.appcore.dll
0x00007fffaeda0000 - 0x00007fffaedaa000 	C:\Program Files\AnyLogic 8.9 Personal Learning Edition\jre\bin\jimage.dll
0x00007fffb1f20000 - 0x00007fffb2162000 	C:\WINDOWS\SYSTEM32\DBGHELP.DLL
0x00007fffb55b0000 - 0x00007fffb5933000 	C:\WINDOWS\System32\combase.dll
0x00007fffb6cd0000 - 0x00007fffb6da9000 	C:\WINDOWS\System32\OLEAUT32.dll
0x00007fffb2190000 - 0x00007fffb21cb000 	C:\WINDOWS\SYSTEM32\dbgcore.DLL
0x00007fffb4280000 - 0x00007fffb4328000 	C:\WINDOWS\System32\bcryptPrimitives.dll
0x00007fffab980000 - 0x00007fffab9a5000 	C:\Program Files\AnyLogic 8.9 Personal Learning Edition\jre\bin\java.dll
0x00007fffa44c0000 - 0x00007fffa4597000 	C:\Program Files\AnyLogic 8.9 Personal Learning Edition\jre\bin\jsvml.dll
0x00007fffb6060000 - 0x00007fffb67ce000 	C:\WINDOWS\System32\SHELL32.dll
0x00007fffb46a0000 - 0x00007fffb4f0c000 	C:\WINDOWS\System32\windows.storage.dll
0x00007fffb67e0000 - 0x00007fffb68d6000 	C:\WINDOWS\System32\SHCORE.dll
0x00007fffb5aa0000 - 0x00007fffb5b06000 	C:\WINDOWS\System32\shlwapi.dll
0x00007fffb4170000 - 0x00007fffb4199000 	C:\WINDOWS\SYSTEM32\profapi.dll
0x00007fffab930000 - 0x00007fffab949000 	C:\Program Files\AnyLogic 8.9 Personal Learning Edition\jre\bin\net.dll
0x00007fffad1b0000 - 0x00007fffad2d9000 	C:\WINDOWS\SYSTEM32\WINHTTP.dll
0x00007fffb3550000 - 0x00007fffb35bc000 	C:\WINDOWS\system32\mswsock.dll
0x00007fffab740000 - 0x00007fffab756000 	C:\Program Files\AnyLogic 8.9 Personal Learning Edition\jre\bin\nio.dll
0x00007fffab6f0000 - 0x00007fffab708000 	C:\Program Files\AnyLogic 8.9 Personal Learning Edition\jre\bin\zip.dll
0x00007fff8b670000 - 0x00007fff8b800000 	C:\Program Files\AnyLogic 8.9 Personal Learning Edition\jre\bin\awt.dll
0x00007fffb12b0000 - 0x00007fffb1350000 	C:\WINDOWS\SYSTEM32\apphelp.dll
0x00007fffaed90000 - 0x00007fffaeda0000 	C:\Program Files\AnyLogic 8.9 Personal Learning Edition\jre\bin\verify.dll
0x00007fffb2a40000 - 0x00007fffb2a72000 	C:\WINDOWS\SYSTEM32\IPHLPAPI.DLL
0x00007fffb68e0000 - 0x00007fffb68ea000 	C:\WINDOWS\System32\NSI.dll
0x00007fffad880000 - 0x00007fffad89d000 	C:\WINDOWS\SYSTEM32\dhcpcsvc6.DLL
0x00007fffacd00000 - 0x00007fffacd25000 	C:\WINDOWS\SYSTEM32\dhcpcsvc.DLL
0x00007fffb2ae0000 - 0x00007fffb2c12000 	C:\WINDOWS\SYSTEM32\DNSAPI.dll
0x00007fffacf80000 - 0x00007fffacf89000 	C:\Program Files\AnyLogic 8.9 Personal Learning Edition\jre\bin\management.dll
0x00007fffab970000 - 0x00007fffab97b000 	C:\Program Files\AnyLogic 8.9 Personal Learning Edition\jre\bin\management_ext.dll
0x00007fffb55a0000 - 0x00007fffb55a8000 	C:\WINDOWS\System32\PSAPI.DLL
0x00007fffab730000 - 0x00007fffab73e000 	C:\Program Files\AnyLogic 8.9 Personal Learning Edition\jre\bin\sunmscapi.dll
0x00007fffb43f0000 - 0x00007fffb4568000 	C:\WINDOWS\System32\CRYPT32.dll
0x00007fffb3a50000 - 0x00007fffb3a80000 	C:\WINDOWS\SYSTEM32\ncrypt.dll
0x00007fffb3a00000 - 0x00007fffb3a3f000 	C:\WINDOWS\SYSTEM32\NTASN1.dll
0x00007fff7bd90000 - 0x00007fff7bd98000 	C:\WINDOWS\system32\wshunix.dll
0x00007fffb3840000 - 0x00007fffb385b000 	C:\WINDOWS\SYSTEM32\CRYPTSP.dll
0x00007fffb2f40000 - 0x00007fffb2f79000 	C:\WINDOWS\system32\rsaenh.dll
0x00007fffb3600000 - 0x00007fffb3633000 	C:\WINDOWS\SYSTEM32\USERENV.dll
0x00007fffb4140000 - 0x00007fffb416a000 	C:\WINDOWS\SYSTEM32\bcrypt.dll
0x00007fffb3830000 - 0x00007fffb383c000 	C:\WINDOWS\SYSTEM32\CRYPTBASE.dll
0x00007fff971f0000 - 0x00007fff97208000 	C:\WINDOWS\system32\napinsp.dll
0x00007fff96ef0000 - 0x00007fff96f03000 	C:\WINDOWS\System32\winrnr.dll
0x00007fff96df0000 - 0x00007fff96e12000 	C:\WINDOWS\system32\nlansp_c.dll
0x00007fff96d70000 - 0x00007fff96d86000 	C:\WINDOWS\system32\wshbth.dll
0x00007fffa84a0000 - 0x00007fffa84ab000 	C:\Windows\System32\rasadhlp.dll
0x00007fffa8b80000 - 0x00007fffa8c06000 	C:\WINDOWS\System32\fwpuclnt.dll
0x00007fffb1680000 - 0x00007fffb172a000 	C:\WINDOWS\system32\uxtheme.dll
0x00007fffb5940000 - 0x00007fffb5a9c000 	C:\WINDOWS\System32\MSCTF.dll
0x00007fffb5ec0000 - 0x00007fffb6057000 	C:\WINDOWS\System32\ole32.dll
0x00007fffb1960000 - 0x00007fffb198f000 	C:\WINDOWS\system32\DWMAPI.DLL
0x00007fffa0910000 - 0x00007fffa0998000 	C:\Program Files\AnyLogic 8.9 Personal Learning Edition\jre\bin\freetype.dll
0x00007fff8e3e0000 - 0x00007fff8e4b3000 	C:\Program Files\AnyLogic 8.9 Personal Learning Edition\jre\bin\fontmanager.dll
0x00007fff5dcc0000 - 0x00007fff5ddcf000 	C:\WINDOWS\system32\opengl32.dll
0x00007fff5d900000 - 0x00007fff5d92d000 	C:\WINDOWS\SYSTEM32\GLU32.dll
0x00007fffb1780000 - 0x00007fffb17c5000 	C:\WINDOWS\SYSTEM32\dxcore.dll
0x00007fff5f740000 - 0x00007fff5f8f3000 	C:\WINDOWS\system32\d3d9.dll
0x00007fffabcc0000 - 0x00007fffabe7b000 	C:\WINDOWS\System32\DriverStore\FileRepository\u0404276.inf_amd64_b6ae906c9d4ab767\B403905\aticfx64.dll
0x00007fff0d7b0000 - 0x00007fff0d7e4000 	C:\WINDOWS\System32\DriverStore\FileRepository\u0404276.inf_amd64_b6ae906c9d4ab767\B403905\atiu9p64.dll
0x00007ffef11f0000 - 0x00007ffef1f37000 	C:\WINDOWS\System32\DriverStore\FileRepository\u0404276.inf_amd64_b6ae906c9d4ab767\B403905\atiumd64.dll
0x0000000063500000 - 0x0000000064413000 	C:\WINDOWS\System32\DriverStore\FileRepository\u0404276.inf_amd64_b6ae906c9d4ab767\B403905\atiumd6a.dll
0x00007fffb6f00000 - 0x00007fffb7387000 	C:\WINDOWS\System32\SETUPAPI.dll
0x00007fffa89d0000 - 0x00007fffa8a05000 	C:\WINDOWS\SYSTEM32\amdihk64.dll
0x00007fffadf10000 - 0x00007fffadf71000 	C:\WINDOWS\SYSTEM32\directxdatabasehelper.dll

dbghelp: loaded successfully - version: 4.0.5 - missing functions: none
symbol engine: initialized successfully - sym options: 0x614 - pdb path: .;C:\Program Files\AnyLogic 8.9 Personal Learning Edition\jre\bin;C:\WINDOWS\SYSTEM32;C:\WINDOWS\WinSxS\amd64_microsoft.windows.common-controls_6595b64144ccf1df_6.0.26100.8457_none_3e0b2faee331e92d;C:\Program Files\AnyLogic 8.9 Personal Learning Edition\jre\bin\server;C:\WINDOWS\System32\DriverStore\FileRepository\u0404276.inf_amd64_b6ae906c9d4ab767\B403905

VM Arguments:
jvm_args: -Xmx4096m -Xmx4096m -DlanguageId_xjal=en0n7adj -DbuiltInTileCachePath_xjal=C:\Program Files\AnyLogic 8.9 Personal Learning Edition\plugins\com.anylogic.gis_8.9.9.202606170507\tiles -DflowchartCountersVisible_xjal=true -DflowchartPortStateAnimated_xjal=true -DenableWarnings_xjal=true -DenableObject3DLod_xjal=true -Denable2DVisibilityCheck_xjal=true -DstandaloneBrowserPath_xjal=C:/Program Files/AnyLogic 8.9 Personal Learning Edition/chromium/chromium-win64/chrome.exe -DstandaloneBrowserCommandArguments_xjal=--app=$1 --test-type -DanylogicIncomingPort_xjal=7880 -DbrowserUserDataPath_xjal=--user-data-dir=C:\Users\Lenovo\.AnyLogicPLE\Workspace8.8\chromium\userData -DuseProxy_xjal=false -Dfile.encoding=UTF-8 -XX:+ShowCodeDetailsInExceptionMessages 
java_command: com.anylogic.ms.MS colombodengueabm_v2.ParamVar_Weather 1c5ca94
java_class_path (initial): C:\Users\Lenovo\.AnyLogicPLE\Workspace8.8\ColomboDengueABM_v2_BUILD\classes;C:\Program Files\AnyLogic 8.9 Personal Learning Edition\plugins\com.anylogic.libraries.modules_8.9.9.202606170507\lib\MarkupDescriptors\MarkupDescriptors.jar;C:\Program Files\AnyLogic 8.9 Personal Learning Edition\plugins\com.anylogic.process_modeling_library_8.9.9.202606170507\lib\ProcessModelingLibrary.jar;C:\Program Files\AnyLogic 8.9 Personal Learning Edition\plugins\com.anylogic.engine_8.9.9.202606170507\com.anylogic.engine.jar;C:\Program Files\AnyLogic 8.9 Personal Learning Edition\plugins\com.anylogic.engine.database_8.9.9.202606170507\com.anylogic.engine.database.jar;C:\Program Files\AnyLogic 8.9 Personal Learning Edition\plugins\com.anylogic.engine.datautil_8.9.9.202606170507\com.anylogic.engine.datautil.jar;C:\Program Files\AnyLogic 8.9 Personal Learning Edition\plugins\com.anylogic.engine.editorapi_8.9.9.202606170507\com.anylogic.engine.editorapi.jar;C:\Program Files\AnyLogic 8.9 Personal Learning Edition\plugins\com.anylogic.engine.gis_8.9.9.202606170507\com.anylogic.engine.gis.jar;C:\Program Files\AnyLogic 8.9 Personal Learning Edition\plugins\com.anylogic.engine.sa_8.9.9.202606170507\com.anylogic.engine.sa.jar;C:\Program Files\AnyLogic 8.9 Personal Learning Edition\plugins\com.anylogic.core8_8.9.9.202606170507\com.anylogic.ms.jar;C:\Program Files\AnyLogic 8.9 Personal Learning Edition\plugins\com.anylogic.engine.sa_8.9.9.202606170507\lib\sa\com.anylogic.engine.sa.web.jar;C:\Program Files\AnyLogic 8.9 Personal Learning Edition\plugins\com.anylogic.engine.sa_8.9.9.202606170507\lib\al-spark-core-2.9.4-with-jetty-9.4.57.jar;C:\Program Files\AnyLogic 8.9 Personal Learning Edition\plugins\com.anylogic.engine.sa_8.9.9.202606170507\lib\jackson-annotations-2.16.2.jar;C:\Program Files\AnyLogic 8.9 Personal Learning Edition\plugins\com.anylogic.engine.sa_8.9.9.202606170507\lib\jackson-core-2.16.2.jar;C:\Program Files\AnyLogic 8.9 Personal Learning Edition\plug
Launcher Type: SUN_STANDARD

[Global flags]
     intx CICompilerCount                          = 12                                        {product} {ergonomic}
     uint ConcGCThreads                            = 3                                         {product} {ergonomic}
     uint G1ConcRefinementThreads                  = 13                                        {product} {ergonomic}
   size_t G1HeapRegionSize                         = 2097152                                   {product} {ergonomic}
    uintx GCDrainStackTargetSize                   = 64                                        {product} {ergonomic}
   size_t InitialHeapSize                          = 98566144                                  {product} {ergonomic}
   size_t MarkStackSize                            = 4194304                                   {product} {ergonomic}
   size_t MaxHeapSize                              = 4294967296                                {product} {command line}
   size_t MaxNewSize                               = 2575302656                                {product} {ergonomic}
   size_t MinHeapDeltaBytes                        = 2097152                                   {product} {ergonomic}
   size_t MinHeapSize                              = 8388608                                   {product} {ergonomic}
    uintx NonNMethodCodeHeapSize                   = 7602480                                {pd product} {ergonomic}
    uintx NonProfiledCodeHeapSize                  = 122027880                              {pd product} {ergonomic}
    uintx ProfiledCodeHeapSize                     = 122027880                              {pd product} {ergonomic}
    uintx ReservedCodeCacheSize                    = 251658240                              {pd product} {ergonomic}
     bool SegmentedCodeCache                       = true                                      {product} {ergonomic}
     bool ShowCodeDetailsInExceptionMessages       = true                                   {manageable} {command line}
   size_t SoftMaxHeapSize                          = 4294967296                             {manageable} {ergonomic}
     bool UseCompressedClassPointers               = true                           {product lp64_product} {ergonomic}
     bool UseCompressedOops                        = true                           {product lp64_product} {ergonomic}
     bool UseG1GC                                  = true                                      {product} {ergonomic}
     bool UseLargePagesIndividualAllocation        = false                                  {pd product} {ergonomic}

Logging:
Log output configuration:
 #0: stdout all=warning uptime,level,tags
 #1: stderr all=off uptime,level,tags

Environment Variables:
PATH=C:/Program Files/AnyLogic 8.9 Personal Learning Edition/jre/bin/server;C:/Program Files/AnyLogic 8.9 Personal Learning Edition/jre/bin;C:\WINDOWS\system32;C:\WINDOWS;C:\WINDOWS\System32\Wbem;C:\WINDOWS\System32\WindowsPowerShell\v1.0\;C:\WINDOWS\System32\OpenSSH\;C:\Program Files\IBM\SPSS\Statistics\25\JRE\bin;C:\MinGW-4.8.1\bin;C:\Program Files\Graphviz\bin;C:\Program Files\dotnet\;C:\Program Files\nodejs\;C:\Program Files\Git\cmd;C:\Users\Lenovo\AppData\Local\Programs\Python\Python312\Scripts\;C:\Users\Lenovo\AppData\Local\Programs\Python\Python312\;C:\Users\Lenovo\AppData\Local\Microsoft\WindowsApps;C:\Users\Lenovo\AppData\Local\Programs\Microsoft VS Code\bin;C:\Program Files\Graphviz\bin;C:\Users\Lenovo\AppData\Roaming\npm;C:\Users\Lenovo\Models\ColomboDengueABM_v2;
USERNAME=Lenovo
OS=Windows_NT
PROCESSOR_IDENTIFIER=AMD64 Family 23 Model 104 Stepping 1, AuthenticAMD
TMP=C:\Users\Lenovo\AppData\Local\Temp
TEMP=C:\Users\Lenovo\AppData\Local\Temp



Periodic native trim disabled


---------------  S Y S T E M  ---------------

OS:
 Windows 11 , 64 bit Build 26100 (10.0.26100.8328)
OS uptime: 42 days 7:48 hours

CPU: total 16 (initial active 16) (16 cores per cpu, 2 threads per core) family 23 model 104 stepping 1 microcode 0x8608103, cx8, cmov, fxsr, ht, mmx, 3dnowpref, sse, sse2, sse3, ssse3, sse4a, sse4.1, sse4.2, popcnt, lzcnt, tsc, tscinvbit, avx, avx2, aes, clmul, bmi1, bmi2, adx, sha, fma, vzeroupper, clflush, clflushopt
Processor Information for all 16 processors :
  Max Mhz: 1801, Current Mhz: 1801, Mhz Limit: 1801

Memory: 4k page, system-wide physical 5989M (486M free)
TotalPageFile size 24421M (AvailPageFile size 442M)
current process WorkingSet (physical memory assigned to process): 415M, peak: 430M
current process commit charge ("private bytes"): 764M, peak: 1276M

vm_info: OpenJDK 64-Bit Server VM (17.0.9+9) for windows-amd64 JRE (17.0.9+9), built on Oct 26 2023 14:01:42 by "admin" with MS VC++ 16.10 / 16.11 (VS2019)

END.
