#
# There is insufficient memory for the Java Runtime Environment to continue.
# Native memory allocation (mmap) failed to map 847249408 bytes for G1 virtual space
# Possible reasons:
#   The system is out of physical RAM or swap space
#   The process is running with CompressedOops enabled, and the Java Heap may be blocking the growth of the native heap
# Possible solutions:
#   Reduce memory load on the system
#   Increase physical memory or swap space
#   Check if swap backing store is full
#   Decrease Java heap size (-Xmx/-Xms)
#   Decrease number of Java threads
#   Decrease Java thread stack sizes (-Xss)
#   Set larger code cache with -XX:ReservedCodeCacheSize=
#   JVM is running with Zero Based Compressed Oops mode in which the Java heap is
#     placed in the first 32GB address space. The Java Heap base address is the
#     maximum limit for the native heap growth. Please use -XX:HeapBaseMinAddress
#     to set the Java Heap base and to place the Java Heap above 32GB virtual address.
# This output file may be truncated or incomplete.
#
#  Out of Memory Error (os_windows.cpp:3613), pid=19820, tid=21368
#
# JRE version: OpenJDK Runtime Environment Temurin-17.0.9+9 (17.0.9+9) (build 17.0.9+9)
# Java VM: OpenJDK 64-Bit Server VM Temurin-17.0.9+9 (17.0.9+9, mixed mode, sharing, tiered, compressed oops, compressed class ptrs, g1 gc, windows-amd64)
# No core dump will be written. Minidumps are not enabled by default on client versions of Windows
#

---------------  S U M M A R Y ------------

Command Line: -Xmx4096m -Xmx4096m -DlanguageId_xjal=en0rvuiv -DbuiltInTileCachePath_xjal=C:\Program Files\AnyLogic 8.9 Personal Learning Edition\plugins\com.anylogic.gis_8.9.9.202606170507\tiles -DflowchartCountersVisible_xjal=true -DflowchartPortStateAnimated_xjal=true -DenableWarnings_xjal=true -DenableObject3DLod_xjal=true -Denable2DVisibilityCheck_xjal=true -DstandaloneBrowserPath_xjal=C:/Program Files/AnyLogic 8.9 Personal Learning Edition/chromium/chromium-win64/chrome.exe -DstandaloneBrowserCommandArguments_xjal=--app=$1 --test-type -DanylogicIncomingPort_xjal=7880 -DbrowserUserDataPath_xjal=--user-data-dir=C:\Users\Lenovo\.AnyLogicPLE\Workspace8.8\chromium\userData -DuseProxy_xjal=false -Dfile.encoding=UTF-8 -XX:+ShowCodeDetailsInExceptionMessages com.anylogic.ms.MS colombodengueabm_v2.ParamVar_CommutingShare 1c5caa6

Host: AMD Ryzen 7 5700U with Radeon Graphics         , 16 cores, 5G,  Windows 11 , 64 bit Build 26100 (10.0.26100.8328)
Time: Sat Jul 18 19:11:35 2026 Sri Lanka Standard Time elapsed time: 911.668649 seconds (0d 0h 15m 11s)

---------------  T H R E A D  ---------------

Current thread (0x0000023f6200fdb0):  VMThread "VM Thread" [stack: 0x000000ef49500000,0x000000ef49600000] [id=21368]

Stack: [0x000000ef49500000,0x000000ef49600000]
Native frames: (J=compiled Java code, j=interpreted, Vv=VM code, C=native code)
V  [jvm.dll+0x67cf49]
V  [jvm.dll+0x83478a]
V  [jvm.dll+0x83624e]
V  [jvm.dll+0x8368b3]
V  [jvm.dll+0x247f1f]
V  [jvm.dll+0x679d69]
V  [jvm.dll+0x66e6ba]
V  [jvm.dll+0x307e5b]
V  [jvm.dll+0x30f306]
V  [jvm.dll+0x35f0ce]
V  [jvm.dll+0x35f2ff]
V  [jvm.dll+0x2dea58]
V  [jvm.dll+0x2dcc34]
V  [jvm.dll+0x2dc23c]
V  [jvm.dll+0x3202bb]
V  [jvm.dll+0x83adab]
V  [jvm.dll+0x83baf1]
V  [jvm.dll+0x83c00d]
V  [jvm.dll+0x83c3e4]
V  [jvm.dll+0x83c4b0]
V  [jvm.dll+0x7e3c3a]
V  [jvm.dll+0x67be35]
C  [ucrtbase.dll+0x37b0]
C  [KERNEL32.DLL+0x2e957]
C  [ntdll.dll+0x427c]

VM_Operation (0x000000ef4cffea70): G1CollectForAllocation, mode: safepoint, requested by thread 0x0000023f676d3090


---------------  P R O C E S S  ---------------

Threads class SMR info:
_java_thread_list=0x0000023f67751ce0, length=48, elements={
0x0000023f62008bb0, 0x0000023f62009090, 0x0000023f620237b0, 0x0000023f62023c90,
0x0000023f62024170, 0x0000023f6202e8d0, 0x0000023f62050f90, 0x0000023f62059cd0,
0x0000023f620621e0, 0x0000023f622cc390, 0x0000023f62150070, 0x0000023f67419010,
0x0000023f674194f0, 0x0000023f6741ad20, 0x0000023f6741d210, 0x0000023f6741d6f0,
0x0000023f6741ebe0, 0x0000023f6741f0c0, 0x0000023f6742fad0, 0x0000023f6742ffe0,
0x0000023f67431930, 0x0000023f6742f5c0, 0x0000023f67430f10, 0x0000023f67432860,
0x0000023f67432350, 0x0000023f674304f0, 0x0000023f67431e40, 0x0000023f6742f0b0,
0x0000023f67430a00, 0x0000023f676cd060, 0x0000023f676cdf90, 0x0000023f676d0d20,
0x0000023f676cda80, 0x0000023f676cd570, 0x0000023f676d1230, 0x0000023f676cf8e0,
0x0000023f676ceec0, 0x0000023f676d1740, 0x0000023f676d1c50, 0x0000023f676d2160,
0x0000023f676ce9b0, 0x0000023f676d3090, 0x0000023f676d35a0, 0x0000023f676d3fc0,
0x0000023f676d0810, 0x0000023f68b33180, 0x0000023f68b2fee0, 0x0000023f68b303f0
}

Java Threads: ( => current thread )
  0x0000023f62008bb0 JavaThread "Reference Handler" daemon [_thread_blocked, id=32188, stack(0x000000ef49600000,0x000000ef49700000)]
  0x0000023f62009090 JavaThread "Finalizer" daemon [_thread_blocked, id=20148, stack(0x000000ef49700000,0x000000ef49800000)]
  0x0000023f620237b0 JavaThread "Signal Dispatcher" daemon [_thread_blocked, id=30640, stack(0x000000ef49800000,0x000000ef49900000)]
  0x0000023f62023c90 JavaThread "Attach Listener" daemon [_thread_blocked, id=24008, stack(0x000000ef49900000,0x000000ef49a00000)]
  0x0000023f62024170 JavaThread "Service Thread" daemon [_thread_blocked, id=29788, stack(0x000000ef49a00000,0x000000ef49b00000)]
  0x0000023f6202e8d0 JavaThread "Monitor Deflation Thread" daemon [_thread_blocked, id=19112, stack(0x000000ef49b00000,0x000000ef49c00000)]
  0x0000023f62050f90 JavaThread "C2 CompilerThread0" daemon [_thread_blocked, id=37136, stack(0x000000ef49c00000,0x000000ef49d00000)]
  0x0000023f62059cd0 JavaThread "C1 CompilerThread0" daemon [_thread_blocked, id=7008, stack(0x000000ef49d00000,0x000000ef49e00000)]
  0x0000023f620621e0 JavaThread "Sweeper thread" daemon [_thread_blocked, id=37592, stack(0x000000ef49e00000,0x000000ef49f00000)]
  0x0000023f622cc390 JavaThread "Notification Thread" daemon [_thread_blocked, id=35472, stack(0x000000ef4a000000,0x000000ef4a100000)]
  0x0000023f62150070 JavaThread "Common-Cleaner" daemon [_thread_blocked, id=23784, stack(0x000000ef4a200000,0x000000ef4a300000)]
  0x0000023f67419010 JavaThread "Thread-9" daemon [_thread_blocked, id=34872, stack(0x000000ef4aa00000,0x000000ef4ab00000)]
  0x0000023f674194f0 JavaThread "Thread-6" daemon [_thread_blocked, id=37540, stack(0x000000ef4ab00000,0x000000ef4ac00000)]
  0x0000023f6741ad20 JavaThread "Thread-5" daemon [_thread_blocked, id=33168, stack(0x000000ef4ac00000,0x000000ef4ad00000)]
  0x0000023f6741d210 JavaThread "Thread-1" daemon [_thread_blocked, id=3552, stack(0x000000ef4ad00000,0x000000ef4ae00000)]
  0x0000023f6741d6f0 JavaThread "Thread-8" daemon [_thread_blocked, id=2956, stack(0x000000ef4ae00000,0x000000ef4af00000)]
  0x0000023f6741ebe0 JavaThread "Thread-10" daemon [_thread_blocked, id=25808, stack(0x000000ef4af00000,0x000000ef4b000000)]
  0x0000023f6741f0c0 JavaThread "Thread-4" daemon [_thread_blocked, id=22516, stack(0x000000ef4b000000,0x000000ef4b100000)]
  0x0000023f6742fad0 JavaThread "Thread-11" daemon [_thread_blocked, id=26976, stack(0x000000ef4b100000,0x000000ef4b200000)]
  0x0000023f6742ffe0 JavaThread "Thread-12" daemon [_thread_blocked, id=37744, stack(0x000000ef4b200000,0x000000ef4b300000)]
  0x0000023f67431930 JavaThread "Thread-3" daemon [_thread_blocked, id=13756, stack(0x000000ef4b300000,0x000000ef4b400000)]
  0x0000023f6742f5c0 JavaThread "Thread-2" daemon [_thread_blocked, id=22032, stack(0x000000ef4b400000,0x000000ef4b500000)]
  0x0000023f67430f10 JavaThread "Thread-0" daemon [_thread_blocked, id=29028, stack(0x000000ef4b500000,0x000000ef4b600000)]
  0x0000023f67432860 JavaThread "Thread-7" daemon [_thread_blocked, id=36416, stack(0x000000ef4b600000,0x000000ef4b700000)]
  0x0000023f67432350 JavaThread "Thread-13" daemon [_thread_blocked, id=11940, stack(0x000000ef4b700000,0x000000ef4b800000)]
  0x0000023f674304f0 JavaThread "Thread-14" daemon [_thread_blocked, id=6488, stack(0x000000ef4b800000,0x000000ef4b900000)]
  0x0000023f67431e40 JavaThread "Thread-15" [_thread_blocked, id=34448, stack(0x000000ef4bd00000,0x000000ef4be00000)]
  0x0000023f6742f0b0 JavaThread "DestroyJavaVM" [_thread_blocked, id=5144, stack(0x000000ef48f00000,0x000000ef49000000)]
  0x0000023f67430a00 JavaThread "qtp1061784701-41" [_thread_in_native, id=14056, stack(0x000000ef4be00000,0x000000ef4bf00000)]
  0x0000023f676cd060 JavaThread "qtp1061784701-44" [_thread_in_native, id=10408, stack(0x000000ef4c100000,0x000000ef4c200000)]
  0x0000023f676cdf90 JavaThread "qtp1061784701-46" [_thread_blocked, id=15352, stack(0x000000ef4c300000,0x000000ef4c400000)]
  0x0000023f676d0d20 JavaThread "qtp1061784701-48" [_thread_in_native, id=31436, stack(0x000000ef4c500000,0x000000ef4c600000)]
  0x0000023f676cda80 JavaThread "Session-HouseKeeper-47eb67a1-1" [_thread_blocked, id=24836, stack(0x000000ef4c600000,0x000000ef4c700000)]
  0x0000023f676cd570 JavaThread "qtp1061784701-50-acceptor-0@62f32cb-ServerConnector@5791672b{HTTP/1.1, (http/1.1)}{0.0.0.0:23115}" [_thread_blocked, id=14772, stack(0x000000ef4c700000,0x000000ef4c800000)]
  0x0000023f676d1230 JavaThread "qtp1061784701-51-acceptor-1@5354eaaa-ServerConnector@5791672b{HTTP/1.1, (http/1.1)}{0.0.0.0:23115}" [_thread_in_native, id=16728, stack(0x000000ef4c800000,0x000000ef4c900000)]
  0x0000023f676cf8e0 JavaThread "Connector-Scheduler-5791672b-1" [_thread_blocked, id=10076, stack(0x000000ef4bc00000,0x000000ef4bd00000)]
  0x0000023f676ceec0 JavaThread "qtp1061784701-54" [_thread_blocked, id=37848, stack(0x000000ef4c900000,0x000000ef4ca00000)]
  0x0000023f676d1740 JavaThread "qtp1061784701-55" [_thread_in_native, id=6196, stack(0x000000ef4ca00000,0x000000ef4cb00000)]
  0x0000023f676d1c50 JavaThread "qtp1061784701-57" [_thread_in_native, id=34744, stack(0x000000ef4cc00000,0x000000ef4cd00000)]
  0x0000023f676d2160 JavaThread "qtp1061784701-58" [_thread_in_native, id=38432, stack(0x000000ef4cd00000,0x000000ef4ce00000)]
  0x0000023f676ce9b0 JavaThread "Frame Collector" [_thread_blocked, id=9600, stack(0x000000ef4ce00000,0x000000ef4cf00000)]
  0x0000023f676d3090 JavaThread "AnyLogic parameter variation experiment" daemon [_thread_blocked, id=1540, stack(0x000000ef4cf00000,0x000000ef4d000000)]
  0x0000023f676d35a0 JavaThread "Java2D Disposer" daemon [_thread_blocked, id=26656, stack(0x000000ef4a300000,0x000000ef4a400000)]
  0x0000023f676d3fc0 JavaThread "AWT-Windows" daemon [_thread_in_native, id=33992, stack(0x000000ef4e300000,0x000000ef4e400000)]
  0x0000023f676d0810 JavaThread "qtp1061784701-80" [_thread_in_native, id=37820, stack(0x000000ef4a500000,0x000000ef4a600000)]
  0x0000023f68b33180 JavaThread "qtp1061784701-109" [_thread_blocked, id=12092, stack(0x000000ef48d00000,0x000000ef48e00000)]
  0x0000023f68b2fee0 JavaThread "AWT-Shutdown" [_thread_blocked, id=38004, stack(0x000000ef48e00000,0x000000ef48f00000)]
  0x0000023f68b303f0 JavaThread "AWT-EventQueue-0" [_thread_blocked, id=38536, stack(0x000000ef49f00000,0x000000ef4a000000)]

Other Threads:
=>0x0000023f6200fdb0 VMThread "VM Thread" [stack: 0x000000ef49500000,0x000000ef49600000] [id=21368]
  0x0000023f622d02c0 WatcherThread [stack: 0x000000ef4a100000,0x000000ef4a200000] [id=24812]
  0x0000023f7d15ec40 GCTaskThread "GC Thread#0" [stack: 0x000000ef49000000,0x000000ef49100000] [id=34416]
  0x0000023f6758b7e0 GCTaskThread "GC Thread#1" [stack: 0x000000ef4a400000,0x000000ef4a500000] [id=24784]
  0x0000023f6738edf0 GCTaskThread "GC Thread#2" [stack: 0x000000ef4a600000,0x000000ef4a700000] [id=5720]
  0x0000023f675a3460 GCTaskThread "GC Thread#3" [stack: 0x000000ef4a700000,0x000000ef4a800000] [id=11504]
  0x0000023f675a3720 GCTaskThread "GC Thread#4" [stack: 0x000000ef4a800000,0x000000ef4a900000] [id=32940]
  0x0000023f675a39e0 GCTaskThread "GC Thread#5" [stack: 0x000000ef4a900000,0x000000ef4aa00000] [id=22060]
  0x0000023f674f5410 GCTaskThread "GC Thread#6" [stack: 0x000000ef4b900000,0x000000ef4ba00000] [id=28552]
  0x0000023f674d49c0 GCTaskThread "GC Thread#7" [stack: 0x000000ef4ba00000,0x000000ef4bb00000] [id=34344]
  0x0000023f676569f0 GCTaskThread "GC Thread#8" [stack: 0x000000ef4bb00000,0x000000ef4bc00000] [id=30304]
  0x0000023f6708d4d0 GCTaskThread "GC Thread#9" [stack: 0x000000ef4d000000,0x000000ef4d100000] [id=31400]
  0x0000023f626e7800 GCTaskThread "GC Thread#10" [stack: 0x000000ef4d100000,0x000000ef4d200000] [id=38064]
  0x0000023f626e7ac0 GCTaskThread "GC Thread#11" [stack: 0x000000ef4d200000,0x000000ef4d300000] [id=19696]
  0x0000023f67785650 GCTaskThread "GC Thread#12" [stack: 0x000000ef4d300000,0x000000ef4d400000] [id=33440]
  0x0000023f7d16fc00 ConcurrentGCThread "G1 Main Marker" [stack: 0x000000ef49100000,0x000000ef49200000] [id=14660]
  0x0000023f7d171840 ConcurrentGCThread "G1 Conc#0" [stack: 0x000000ef49200000,0x000000ef49300000] [id=36248]
  0x0000023f67785910 ConcurrentGCThread "G1 Conc#1" [stack: 0x000000ef4d400000,0x000000ef4d500000] [id=36188]
  0x0000023f67784b50 ConcurrentGCThread "G1 Conc#2" [stack: 0x000000ef4d500000,0x000000ef4d600000] [id=34316]
  0x0000023f7f5dfe20 ConcurrentGCThread "G1 Refine#0" [stack: 0x000000ef49300000,0x000000ef49400000] [id=26252]
  0x0000023f691a4ce0 ConcurrentGCThread "G1 Refine#1" [stack: 0x000000ef4d800000,0x000000ef4d900000] [id=24664]
  0x0000023f68bab3c0 ConcurrentGCThread "G1 Refine#2" [stack: 0x000000ef4d900000,0x000000ef4da00000] [id=37184]
  0x0000023f68dd97c0 ConcurrentGCThread "G1 Refine#3" [stack: 0x000000ef4da00000,0x000000ef4db00000] [id=36412]
  0x0000023f67cede60 ConcurrentGCThread "G1 Refine#4" [stack: 0x000000ef4db00000,0x000000ef4dc00000] [id=36508]
  0x0000023f68884510 ConcurrentGCThread "G1 Refine#5" [stack: 0x000000ef4dc00000,0x000000ef4dd00000] [id=29256]
  0x0000023f68aed690 ConcurrentGCThread "G1 Refine#6" [stack: 0x000000ef4dd00000,0x000000ef4de00000] [id=30284]
  0x0000023f6222b850 ConcurrentGCThread "G1 Refine#7" [stack: 0x000000ef4de00000,0x000000ef4df00000] [id=21468]
  0x0000023f6810ab70 ConcurrentGCThread "G1 Refine#8" [stack: 0x000000ef4df00000,0x000000ef4e000000] [id=29564]
  0x0000023f67a82450 ConcurrentGCThread "G1 Refine#9" [stack: 0x000000ef4e000000,0x000000ef4e100000] [id=25164]
  0x0000023f68b70120 ConcurrentGCThread "G1 Refine#10" [stack: 0x000000ef4e100000,0x000000ef4e200000] [id=12528]
  0x0000023f68b70410 ConcurrentGCThread "G1 Refine#11" [stack: 0x000000ef4e200000,0x000000ef4e300000] [id=30096]
  0x0000023f7f5e1220 ConcurrentGCThread "G1 Service" [stack: 0x000000ef49400000,0x000000ef49500000] [id=5504]

Threads with active compile tasks:

VM state: at safepoint (normal execution)

VM Mutex/Monitor currently owned by a thread:  ([mutex/lock_event])
[0x0000023f7d0e8b90] Threads_lock - owner thread: 0x0000023f6200fdb0
[0x0000023f7d0e9910] Heap_lock - owner thread: 0x0000023f676d3090

Heap address: 0x0000000700000000, size: 4096 MB, Compressed Oops mode: Zero based, Oop shift amount: 3

CDS archive(s) mapped at: [0x0000023f21000000-0x0000023f21ba0000-0x0000023f21ba0000), size 12189696, SharedBaseAddress: 0x0000023f21000000, ArchiveRelocationMode: 1.
Compressed class space mapped at: 0x0000023f22000000-0x0000023f62000000, reserved size: 1073741824
Narrow klass base: 0x0000023f21000000, Narrow klass shift: 0, Narrow klass range: 0x100000000

GC Precious Log:
 CPUs: 16 total, 16 available
 Memory: 5989M
 Large Page Support: Disabled
 NUMA Support: Disabled
 Compressed Oops: Enabled (Zero based)
 Heap Region Size: 2M
 Heap Min Capacity: 8M
 Heap Initial Capacity: 94M
 Heap Max Capacity: 4G
 Pre-touch: Disabled
 Parallel Workers: 13
 Concurrent Workers: 3
 Concurrent Refinement Workers: 13
 Periodic GC: Disabled

Heap:
 garbage-first heap   total 413696K, used 227322K [0x0000000700000000, 0x0000000800000000)
  region size 2048K, 5 young (10240K), 5 survivors (10240K)
 Metaspace       used 43775K, committed 44032K, reserved 1114112K
  class space    used 4782K, committed 4928K, reserved 1048576K

Heap Regions: E=young(eden), S=young(survivor), O=old, HS=humongous(starts), HC=humongous(continues), CS=collection set, F=free, OA=open archive, CA=closed archive, TAMS=top-at-mark-start (previous, next)
|   0|0x0000000700000000, 0x0000000700200000, 0x0000000700200000|100%| O|  |TAMS 0x0000000700200000, 0x0000000700200000| Untracked 
|   1|0x0000000700200000, 0x0000000700400000, 0x0000000700400000|100%| O|  |TAMS 0x0000000700400000, 0x0000000700400000| Untracked 
|   2|0x0000000700400000, 0x0000000700600000, 0x0000000700600000|100%| O|  |TAMS 0x0000000700600000, 0x0000000700600000| Untracked 
|   3|0x0000000700600000, 0x0000000700800000, 0x0000000700800000|100%| O|  |TAMS 0x0000000700800000, 0x0000000700800000| Untracked 
|   4|0x0000000700800000, 0x0000000700a00000, 0x0000000700a00000|100%| O|  |TAMS 0x0000000700a00000, 0x0000000700a00000| Untracked 
|   5|0x0000000700a00000, 0x0000000700c00000, 0x0000000700c00000|100%| O|  |TAMS 0x0000000700c00000, 0x0000000700c00000| Untracked 
|   6|0x0000000700c00000, 0x0000000700e00000, 0x0000000700e00000|100%| O|  |TAMS 0x0000000700e00000, 0x0000000700e00000| Untracked 
|   7|0x0000000700e00000, 0x0000000701000000, 0x0000000701000000|100%| O|  |TAMS 0x0000000701000000, 0x0000000701000000| Untracked 
|   8|0x0000000701000000, 0x0000000701200000, 0x0000000701200000|100%| O|  |TAMS 0x0000000701200000, 0x0000000701200000| Untracked 
|   9|0x0000000701200000, 0x0000000701400000, 0x0000000701400000|100%| O|  |TAMS 0x0000000701400000, 0x0000000701400000| Untracked 
|  10|0x0000000701400000, 0x0000000701600000, 0x0000000701600000|100%| O|  |TAMS 0x0000000701600000, 0x0000000701600000| Untracked 
|  11|0x0000000701600000, 0x0000000701800000, 0x0000000701800000|100%| O|  |TAMS 0x0000000701600000, 0x0000000701800000| Untracked 
|  12|0x0000000701800000, 0x0000000701a00000, 0x0000000701a00000|100%| O|  |TAMS 0x0000000701800000, 0x0000000701a00000| Untracked 
|  13|0x0000000701a00000, 0x0000000701c00000, 0x0000000701c00000|100%| O|  |TAMS 0x0000000701a00000, 0x0000000701c00000| Untracked 
|  14|0x0000000701c00000, 0x0000000701e00000, 0x0000000701e00000|100%| O|  |TAMS 0x0000000701c00000, 0x0000000701e00000| Untracked 
|  15|0x0000000701e00000, 0x0000000702000000, 0x0000000702000000|100%| O|  |TAMS 0x0000000702000000, 0x0000000702000000| Untracked 
|  16|0x0000000702000000, 0x0000000702200000, 0x0000000702200000|100%| O|  |TAMS 0x0000000702200000, 0x0000000702200000| Untracked 
|  17|0x0000000702200000, 0x0000000702400000, 0x0000000702400000|100%| O|  |TAMS 0x0000000702200000, 0x0000000702400000| Untracked 
|  18|0x0000000702400000, 0x0000000702600000, 0x0000000702600000|100%| O|  |TAMS 0x0000000702400000, 0x0000000702600000| Untracked 
|  19|0x0000000702600000, 0x0000000702800000, 0x0000000702800000|100%| O|  |TAMS 0x0000000702600000, 0x0000000702800000| Untracked 
|  20|0x0000000702800000, 0x0000000702a00000, 0x0000000702a00000|100%| O|  |TAMS 0x0000000702800000, 0x0000000702a00000| Untracked 
|  21|0x0000000702a00000, 0x0000000702c00000, 0x0000000702c00000|100%| O|  |TAMS 0x0000000702a00000, 0x0000000702c00000| Untracked 
|  22|0x0000000702c00000, 0x0000000702e00000, 0x0000000702e00000|100%| O|  |TAMS 0x0000000702c00000, 0x0000000702d4d400| Untracked 
|  23|0x0000000702e00000, 0x0000000703000000, 0x0000000703000000|100%| O|  |TAMS 0x0000000702e00000, 0x0000000703000000| Untracked 
|  24|0x0000000703000000, 0x0000000703200000, 0x0000000703200000|100%| O|  |TAMS 0x0000000703000000, 0x0000000703000000| Untracked 
|  25|0x0000000703200000, 0x0000000703400000, 0x0000000703400000|100%| O|  |TAMS 0x0000000703200000, 0x0000000703200000| Untracked 
|  26|0x0000000703400000, 0x0000000703600000, 0x0000000703600000|100%| O|  |TAMS 0x0000000703400000, 0x0000000703400000| Untracked 
|  27|0x0000000703600000, 0x0000000703800000, 0x0000000703800000|100%| O|  |TAMS 0x0000000703600000, 0x0000000703600000| Untracked 
|  28|0x0000000703800000, 0x0000000703a00000, 0x0000000703a00000|100%| O|  |TAMS 0x0000000703a00000, 0x0000000703a00000| Untracked 
|  29|0x0000000703a00000, 0x0000000703c00000, 0x0000000703c00000|100%| O|  |TAMS 0x0000000703c00000, 0x0000000703c00000| Untracked 
|  30|0x0000000703c00000, 0x0000000703e00000, 0x0000000703e00000|100%| O|  |TAMS 0x0000000703e00000, 0x0000000703e00000| Untracked 
|  31|0x0000000703e00000, 0x0000000704000000, 0x0000000704000000|100%| O|  |TAMS 0x0000000703e00000, 0x0000000703e00000| Untracked 
|  32|0x0000000704000000, 0x0000000704200000, 0x0000000704200000|100%| O|  |TAMS 0x0000000704000000, 0x0000000704000000| Untracked 
|  33|0x0000000704200000, 0x0000000704400000, 0x0000000704400000|100%| O|  |TAMS 0x0000000704200000, 0x0000000704200000| Untracked 
|  34|0x0000000704400000, 0x0000000704600000, 0x0000000704600000|100%| O|  |TAMS 0x0000000704400000, 0x0000000704400000| Untracked 
|  35|0x0000000704600000, 0x0000000704800000, 0x0000000704800000|100%| O|  |TAMS 0x0000000704600000, 0x0000000704600000| Untracked 
|  36|0x0000000704800000, 0x0000000704a00000, 0x0000000704a00000|100%| O|  |TAMS 0x0000000704800000, 0x0000000704800000| Untracked 
|  37|0x0000000704a00000, 0x0000000704c00000, 0x0000000704c00000|100%| O|  |TAMS 0x0000000704a00000, 0x0000000704a00000| Untracked 
|  38|0x0000000704c00000, 0x0000000704e00000, 0x0000000704e00000|100%| O|  |TAMS 0x0000000704c00000, 0x0000000704c00000| Untracked 
|  39|0x0000000704e00000, 0x0000000705000000, 0x0000000705000000|100%| O|  |TAMS 0x0000000704e00000, 0x0000000704e00000| Untracked 
|  40|0x0000000705000000, 0x0000000705200000, 0x0000000705200000|100%| O|  |TAMS 0x0000000705000000, 0x0000000705000000| Untracked 
|  41|0x0000000705200000, 0x0000000705400000, 0x0000000705400000|100%| O|  |TAMS 0x0000000705200000, 0x0000000705200000| Untracked 
|  42|0x0000000705400000, 0x0000000705600000, 0x0000000705600000|100%| O|  |TAMS 0x0000000705400000, 0x0000000705400000| Untracked 
|  43|0x0000000705600000, 0x0000000705800000, 0x0000000705800000|100%| O|  |TAMS 0x0000000705600000, 0x0000000705600000| Untracked 
|  44|0x0000000705800000, 0x0000000705a00000, 0x0000000705a00000|100%| O|  |TAMS 0x0000000705800000, 0x0000000705800000| Untracked 
|  45|0x0000000705a00000, 0x0000000705c00000, 0x0000000705c00000|100%| O|  |TAMS 0x0000000705a00000, 0x0000000705a00000| Untracked 
|  46|0x0000000705c00000, 0x0000000705e00000, 0x0000000705e00000|100%| O|  |TAMS 0x0000000705c00000, 0x0000000705c00000| Untracked 
|  47|0x0000000705e00000, 0x0000000706000000, 0x0000000706000000|100%| O|  |TAMS 0x0000000705e00000, 0x0000000705e00000| Untracked 
|  48|0x0000000706000000, 0x0000000706200000, 0x0000000706200000|100%| O|  |TAMS 0x0000000706000000, 0x0000000706000000| Untracked 
|  49|0x0000000706200000, 0x0000000706400000, 0x0000000706400000|100%| O|  |TAMS 0x0000000706200000, 0x0000000706200000| Untracked 
|  50|0x0000000706400000, 0x0000000706600000, 0x0000000706600000|100%| O|  |TAMS 0x0000000706400000, 0x0000000706400000| Untracked 
|  51|0x0000000706600000, 0x0000000706800000, 0x0000000706800000|100%| O|  |TAMS 0x0000000706600000, 0x0000000706600000| Untracked 
|  52|0x0000000706800000, 0x00000007069fe800, 0x0000000706a00000| 99%| O|  |TAMS 0x0000000706800000, 0x0000000706800000| Untracked 
|  53|0x0000000706a00000, 0x0000000706a00000, 0x0000000706c00000|  0%| F|  |TAMS 0x0000000706a00000, 0x0000000706a00000| Untracked 
|  54|0x0000000706c00000, 0x0000000706c00000, 0x0000000706e00000|  0%| F|  |TAMS 0x0000000706c00000, 0x0000000706c00000| Untracked 
|  55|0x0000000706e00000, 0x0000000706e00000, 0x0000000707000000|  0%| F|  |TAMS 0x0000000706e00000, 0x0000000706e00000| Untracked 
|  56|0x0000000707000000, 0x0000000707000000, 0x0000000707200000|  0%| F|  |TAMS 0x0000000707000000, 0x0000000707000000| Untracked 
|  57|0x0000000707200000, 0x0000000707200000, 0x0000000707400000|  0%| F|  |TAMS 0x0000000707200000, 0x0000000707200000| Untracked 
|  58|0x0000000707400000, 0x0000000707400000, 0x0000000707600000|  0%| F|  |TAMS 0x0000000707400000, 0x0000000707400000| Untracked 
|  59|0x0000000707600000, 0x0000000707600000, 0x0000000707800000|  0%| F|  |TAMS 0x0000000707600000, 0x0000000707600000| Untracked 
|  60|0x0000000707800000, 0x0000000707a00000, 0x0000000707a00000|100%| O|  |TAMS 0x0000000707a00000, 0x0000000707a00000| Untracked 
|  61|0x0000000707a00000, 0x0000000707a00000, 0x0000000707c00000|  0%| F|  |TAMS 0x0000000707a00000, 0x0000000707a00000| Untracked 
|  62|0x0000000707c00000, 0x0000000707e00000, 0x0000000707e00000|100%| O|  |TAMS 0x0000000707e00000, 0x0000000707e00000| Untracked 
|  63|0x0000000707e00000, 0x0000000707e00000, 0x0000000708000000|  0%| F|  |TAMS 0x0000000707e00000, 0x0000000707e00000| Untracked 
|  64|0x0000000708000000, 0x0000000708200000, 0x0000000708200000|100%| O|  |TAMS 0x0000000708200000, 0x0000000708200000| Untracked 
|  65|0x0000000708200000, 0x0000000708400000, 0x0000000708400000|100%| O|  |TAMS 0x0000000708200000, 0x0000000708400000| Untracked 
|  66|0x0000000708400000, 0x0000000708400000, 0x0000000708600000|  0%| F|  |TAMS 0x0000000708400000, 0x0000000708400000| Untracked 
|  67|0x0000000708600000, 0x0000000708600000, 0x0000000708800000|  0%| F|  |TAMS 0x0000000708600000, 0x0000000708600000| Untracked 
|  68|0x0000000708800000, 0x0000000708a00000, 0x0000000708a00000|100%| O|  |TAMS 0x0000000708a00000, 0x0000000708a00000| Untracked 
|  69|0x0000000708a00000, 0x0000000708a00000, 0x0000000708c00000|  0%| F|  |TAMS 0x0000000708a00000, 0x0000000708a00000| Untracked 
|  70|0x0000000708c00000, 0x0000000708e00000, 0x0000000708e00000|100%| O|  |TAMS 0x0000000708c00000, 0x0000000708e00000| Untracked 
|  71|0x0000000708e00000, 0x0000000709000000, 0x0000000709000000|100%| O|  |TAMS 0x0000000708e5e800, 0x0000000709000000| Untracked 
|  72|0x0000000709000000, 0x0000000709200000, 0x0000000709200000|100%| O|  |TAMS 0x0000000709000000, 0x0000000709200000| Untracked 
|  73|0x0000000709200000, 0x0000000709400000, 0x0000000709400000|100%| O|  |TAMS 0x0000000709200000, 0x0000000709400000| Untracked 
|  74|0x0000000709400000, 0x0000000709600000, 0x0000000709600000|100%| O|  |TAMS 0x0000000709400000, 0x0000000709600000| Untracked 
|  75|0x0000000709600000, 0x0000000709800000, 0x0000000709800000|100%| O|  |TAMS 0x0000000709600000, 0x0000000709800000| Untracked 
|  76|0x0000000709800000, 0x0000000709a00000, 0x0000000709a00000|100%| O|  |TAMS 0x0000000709800000, 0x0000000709a00000| Untracked 
|  77|0x0000000709a00000, 0x0000000709c00000, 0x0000000709c00000|100%| O|  |TAMS 0x0000000709a00000, 0x0000000709c00000| Untracked 
|  78|0x0000000709c00000, 0x0000000709e00000, 0x0000000709e00000|100%| O|  |TAMS 0x0000000709c00000, 0x0000000709e00000| Untracked 
|  79|0x0000000709e00000, 0x000000070a000000, 0x000000070a000000|100%| O|  |TAMS 0x0000000709e00000, 0x000000070a000000| Untracked 
|  80|0x000000070a000000, 0x000000070a200000, 0x000000070a200000|100%| O|  |TAMS 0x000000070a000000, 0x000000070a200000| Untracked 
|  81|0x000000070a200000, 0x000000070a400000, 0x000000070a400000|100%| O|  |TAMS 0x000000070a200000, 0x000000070a400000| Untracked 
|  82|0x000000070a400000, 0x000000070a600000, 0x000000070a600000|100%| O|  |TAMS 0x000000070a400000, 0x000000070a600000| Untracked 
|  83|0x000000070a600000, 0x000000070a800000, 0x000000070a800000|100%| O|  |TAMS 0x000000070a600000, 0x000000070a800000| Untracked 
|  84|0x000000070a800000, 0x000000070aa00000, 0x000000070aa00000|100%| O|  |TAMS 0x000000070a800000, 0x000000070aa00000| Untracked 
|  85|0x000000070aa00000, 0x000000070ac00000, 0x000000070ac00000|100%| O|  |TAMS 0x000000070aa00000, 0x000000070ac00000| Untracked 
|  86|0x000000070ac00000, 0x000000070ae00000, 0x000000070ae00000|100%| O|  |TAMS 0x000000070ac00000, 0x000000070ae00000| Untracked 
|  87|0x000000070ae00000, 0x000000070b000000, 0x000000070b000000|100%| O|  |TAMS 0x000000070ae00000, 0x000000070b000000| Untracked 
|  88|0x000000070b000000, 0x000000070b200000, 0x000000070b200000|100%| O|  |TAMS 0x000000070b000000, 0x000000070b200000| Untracked 
|  89|0x000000070b200000, 0x000000070b400000, 0x000000070b400000|100%| O|  |TAMS 0x000000070b200000, 0x000000070b400000| Untracked 
|  90|0x000000070b400000, 0x000000070b600000, 0x000000070b600000|100%| O|  |TAMS 0x000000070b400000, 0x000000070b600000| Untracked 
|  91|0x000000070b600000, 0x000000070b800000, 0x000000070b800000|100%| O|  |TAMS 0x000000070b600000, 0x000000070b800000| Untracked 
|  92|0x000000070b800000, 0x000000070ba00000, 0x000000070ba00000|100%| O|  |TAMS 0x000000070b800000, 0x000000070ba00000| Untracked 
|  93|0x000000070ba00000, 0x000000070bc00000, 0x000000070bc00000|100%| O|  |TAMS 0x000000070ba00000, 0x000000070bc00000| Untracked 
|  94|0x000000070bc00000, 0x000000070be00000, 0x000000070be00000|100%| O|  |TAMS 0x000000070bc00000, 0x000000070be00000| Untracked 
|  95|0x000000070be00000, 0x000000070c000000, 0x000000070c000000|100%| O|  |TAMS 0x000000070be00000, 0x000000070c000000| Untracked 
|  96|0x000000070c000000, 0x000000070c200000, 0x000000070c200000|100%| O|  |TAMS 0x000000070c000000, 0x000000070c200000| Untracked 
|  97|0x000000070c200000, 0x000000070c400000, 0x000000070c400000|100%| O|  |TAMS 0x000000070c200000, 0x000000070c400000| Untracked 
|  98|0x000000070c400000, 0x000000070c600000, 0x000000070c600000|100%| O|  |TAMS 0x000000070c400000, 0x000000070c600000| Untracked 
|  99|0x000000070c600000, 0x000000070c800000, 0x000000070c800000|100%| O|  |TAMS 0x000000070c600000, 0x000000070c800000| Untracked 
| 100|0x000000070c800000, 0x000000070ca00000, 0x000000070ca00000|100%| O|  |TAMS 0x000000070c800000, 0x000000070ca00000| Untracked 
| 101|0x000000070ca00000, 0x000000070cc00000, 0x000000070cc00000|100%| O|  |TAMS 0x000000070ca00000, 0x000000070cc00000| Untracked 
| 102|0x000000070cc00000, 0x000000070ce00000, 0x000000070ce00000|100%| O|  |TAMS 0x000000070cc00000, 0x000000070ce00000| Untracked 
| 103|0x000000070ce00000, 0x000000070d000000, 0x000000070d000000|100%| O|  |TAMS 0x000000070ce00000, 0x000000070d000000| Untracked 
| 104|0x000000070d000000, 0x000000070d200000, 0x000000070d200000|100%| O|  |TAMS 0x000000070d000000, 0x000000070d200000| Untracked 
| 105|0x000000070d200000, 0x000000070d400000, 0x000000070d400000|100%| O|  |TAMS 0x000000070d200000, 0x000000070d400000| Untracked 
| 106|0x000000070d400000, 0x000000070d600000, 0x000000070d600000|100%| O|  |TAMS 0x000000070d400000, 0x000000070d600000| Untracked 
| 107|0x000000070d600000, 0x000000070d800000, 0x000000070d800000|100%| O|  |TAMS 0x000000070d600000, 0x000000070d800000| Untracked 
| 108|0x000000070d800000, 0x000000070da00000, 0x000000070da00000|100%| O|  |TAMS 0x000000070d800000, 0x000000070da00000| Untracked 
| 109|0x000000070da00000, 0x000000070dc00000, 0x000000070dc00000|100%| O|  |TAMS 0x000000070da00000, 0x000000070dc00000| Untracked 
| 110|0x000000070dc00000, 0x000000070de00000, 0x000000070de00000|100%| O|  |TAMS 0x000000070dc00000, 0x000000070de00000| Untracked 
| 111|0x000000070de00000, 0x000000070e000000, 0x000000070e000000|100%| O|  |TAMS 0x000000070de00000, 0x000000070e000000| Untracked 
| 112|0x000000070e000000, 0x000000070e200000, 0x000000070e200000|100%| O|  |TAMS 0x000000070e000000, 0x000000070e200000| Untracked 
| 113|0x000000070e200000, 0x000000070e400000, 0x000000070e400000|100%| O|  |TAMS 0x000000070e200000, 0x000000070e400000| Untracked 
| 114|0x000000070e400000, 0x000000070e600000, 0x000000070e600000|100%| O|  |TAMS 0x000000070e400000, 0x000000070e600000| Untracked 
| 115|0x000000070e600000, 0x000000070e800000, 0x000000070e800000|100%| O|  |TAMS 0x000000070e600000, 0x000000070e800000| Untracked 
| 116|0x000000070e800000, 0x000000070ea00000, 0x000000070ea00000|100%| O|  |TAMS 0x000000070e800000, 0x000000070ea00000| Untracked 
| 117|0x000000070ea00000, 0x000000070ec00000, 0x000000070ec00000|100%| O|  |TAMS 0x000000070ea00000, 0x000000070ec00000| Untracked 
| 118|0x000000070ec00000, 0x000000070ec00000, 0x000000070ee00000|  0%| F|  |TAMS 0x000000070ec00000, 0x000000070ec00000| Untracked 
| 119|0x000000070ee00000, 0x000000070ee00000, 0x000000070f000000|  0%| F|  |TAMS 0x000000070ee00000, 0x000000070ee00000| Untracked 
| 120|0x000000070f000000, 0x000000070f000000, 0x000000070f200000|  0%| F|  |TAMS 0x000000070f000000, 0x000000070f000000| Untracked 
| 121|0x000000070f200000, 0x000000070f200000, 0x000000070f400000|  0%| F|  |TAMS 0x000000070f200000, 0x000000070f200000| Untracked 
| 122|0x000000070f400000, 0x000000070f400000, 0x000000070f600000|  0%| F|  |TAMS 0x000000070f400000, 0x000000070f400000| Untracked 
| 123|0x000000070f600000, 0x000000070f600000, 0x000000070f800000|  0%| F|  |TAMS 0x000000070f600000, 0x000000070f600000| Untracked 
| 124|0x000000070f800000, 0x000000070f800000, 0x000000070fa00000|  0%| F|  |TAMS 0x000000070f800000, 0x000000070f800000| Untracked 
| 125|0x000000070fa00000, 0x000000070fa00000, 0x000000070fc00000|  0%| F|  |TAMS 0x000000070fa00000, 0x000000070fa00000| Untracked 
| 126|0x000000070fc00000, 0x000000070fc00000, 0x000000070fe00000|  0%| F|  |TAMS 0x000000070fc00000, 0x000000070fc00000| Untracked 
| 127|0x000000070fe00000, 0x000000070fe00000, 0x0000000710000000|  0%| F|  |TAMS 0x000000070fe00000, 0x000000070fe00000| Untracked 
| 128|0x0000000710000000, 0x0000000710000000, 0x0000000710200000|  0%| F|  |TAMS 0x0000000710000000, 0x0000000710000000| Untracked 
| 129|0x0000000710200000, 0x0000000710200000, 0x0000000710400000|  0%| F|  |TAMS 0x0000000710200000, 0x0000000710200000| Untracked 
| 130|0x0000000710400000, 0x0000000710400000, 0x0000000710600000|  0%| F|  |TAMS 0x0000000710400000, 0x0000000710400000| Untracked 
| 131|0x0000000710600000, 0x0000000710600000, 0x0000000710800000|  0%| F|  |TAMS 0x0000000710600000, 0x0000000710600000| Untracked 
| 132|0x0000000710800000, 0x0000000710800000, 0x0000000710a00000|  0%| F|  |TAMS 0x0000000710800000, 0x0000000710800000| Untracked 
| 133|0x0000000710a00000, 0x0000000710a00000, 0x0000000710c00000|  0%| F|  |TAMS 0x0000000710a00000, 0x0000000710a00000| Untracked 
| 134|0x0000000710c00000, 0x0000000710c00000, 0x0000000710e00000|  0%| F|  |TAMS 0x0000000710c00000, 0x0000000710c00000| Untracked 
| 135|0x0000000710e00000, 0x0000000710e00000, 0x0000000711000000|  0%| F|  |TAMS 0x0000000710e00000, 0x0000000710e00000| Untracked 
| 136|0x0000000711000000, 0x0000000711000000, 0x0000000711200000|  0%| F|  |TAMS 0x0000000711000000, 0x0000000711000000| Untracked 
| 137|0x0000000711200000, 0x0000000711200000, 0x0000000711400000|  0%| F|  |TAMS 0x0000000711200000, 0x0000000711200000| Untracked 
| 138|0x0000000711400000, 0x0000000711400000, 0x0000000711600000|  0%| F|  |TAMS 0x0000000711400000, 0x0000000711400000| Untracked 
| 139|0x0000000711600000, 0x0000000711600000, 0x0000000711800000|  0%| F|  |TAMS 0x0000000711600000, 0x0000000711600000| Untracked 
| 140|0x0000000711800000, 0x0000000711800000, 0x0000000711a00000|  0%| F|  |TAMS 0x0000000711800000, 0x0000000711800000| Untracked 
| 141|0x0000000711a00000, 0x0000000711a00000, 0x0000000711c00000|  0%| F|  |TAMS 0x0000000711a00000, 0x0000000711a00000| Untracked 
| 142|0x0000000711c00000, 0x0000000711c00000, 0x0000000711e00000|  0%| F|  |TAMS 0x0000000711c00000, 0x0000000711c00000| Untracked 
| 143|0x0000000711e00000, 0x0000000711e00000, 0x0000000712000000|  0%| F|  |TAMS 0x0000000711e00000, 0x0000000711e00000| Untracked 
| 144|0x0000000712000000, 0x0000000712000000, 0x0000000712200000|  0%| F|  |TAMS 0x0000000712000000, 0x0000000712000000| Untracked 
| 145|0x0000000712200000, 0x0000000712200000, 0x0000000712400000|  0%| F|  |TAMS 0x0000000712200000, 0x0000000712200000| Untracked 
| 146|0x0000000712400000, 0x0000000712400000, 0x0000000712600000|  0%| F|  |TAMS 0x0000000712400000, 0x0000000712400000| Untracked 
| 147|0x0000000712600000, 0x0000000712600000, 0x0000000712800000|  0%| F|  |TAMS 0x0000000712600000, 0x0000000712600000| Untracked 
| 148|0x0000000712800000, 0x0000000712800000, 0x0000000712a00000|  0%| F|  |TAMS 0x0000000712800000, 0x0000000712800000| Untracked 
| 149|0x0000000712a00000, 0x0000000712a00000, 0x0000000712c00000|  0%| F|  |TAMS 0x0000000712a00000, 0x0000000712a00000| Untracked 
| 150|0x0000000712c00000, 0x0000000712c00000, 0x0000000712e00000|  0%| F|  |TAMS 0x0000000712c00000, 0x0000000712c00000| Untracked 
| 151|0x0000000712e00000, 0x0000000712e00000, 0x0000000713000000|  0%| F|  |TAMS 0x0000000712e00000, 0x0000000712e00000| Untracked 
| 152|0x0000000713000000, 0x0000000713000000, 0x0000000713200000|  0%| F|  |TAMS 0x0000000713000000, 0x0000000713000000| Untracked 
| 153|0x0000000713200000, 0x0000000713200000, 0x0000000713400000|  0%| F|  |TAMS 0x0000000713200000, 0x0000000713200000| Untracked 
| 154|0x0000000713400000, 0x0000000713400000, 0x0000000713600000|  0%| F|  |TAMS 0x0000000713400000, 0x0000000713400000| Untracked 
| 155|0x0000000713600000, 0x0000000713600000, 0x0000000713800000|  0%| F|  |TAMS 0x0000000713600000, 0x0000000713600000| Untracked 
| 156|0x0000000713800000, 0x0000000713800000, 0x0000000713a00000|  0%| F|  |TAMS 0x0000000713800000, 0x0000000713800000| Untracked 
| 157|0x0000000713a00000, 0x0000000713c00000, 0x0000000713c00000|100%| S|CS|TAMS 0x0000000713a00000, 0x0000000713a00000| Complete 
| 158|0x0000000713c00000, 0x0000000713e00000, 0x0000000713e00000|100%| S|CS|TAMS 0x0000000713c00000, 0x0000000713c00000| Complete 
| 159|0x0000000713e00000, 0x0000000714000000, 0x0000000714000000|100%| S|CS|TAMS 0x0000000713e00000, 0x0000000713e00000| Complete 
| 160|0x0000000714000000, 0x0000000714200000, 0x0000000714200000|100%| S|CS|TAMS 0x0000000714000000, 0x0000000714000000| Complete 
| 161|0x0000000714200000, 0x0000000714400000, 0x0000000714400000|100%| S|CS|TAMS 0x0000000714200000, 0x0000000714200000| Complete 
| 162|0x0000000714400000, 0x0000000714400000, 0x0000000714600000|  0%| F|  |TAMS 0x0000000714400000, 0x0000000714400000| Untracked 
| 163|0x0000000714600000, 0x0000000714600000, 0x0000000714800000|  0%| F|  |TAMS 0x0000000714600000, 0x0000000714600000| Untracked 
| 164|0x0000000714800000, 0x0000000714800000, 0x0000000714a00000|  0%| F|  |TAMS 0x0000000714800000, 0x0000000714800000| Untracked 
| 165|0x0000000714a00000, 0x0000000714a00000, 0x0000000714c00000|  0%| F|  |TAMS 0x0000000714a00000, 0x0000000714a00000| Untracked 
| 166|0x0000000714c00000, 0x0000000714c00000, 0x0000000714e00000|  0%| F|  |TAMS 0x0000000714c00000, 0x0000000714c00000| Untracked 
| 167|0x0000000714e00000, 0x0000000714e00000, 0x0000000715000000|  0%| F|  |TAMS 0x0000000714e00000, 0x0000000714e00000| Untracked 
| 168|0x0000000715000000, 0x0000000715000000, 0x0000000715200000|  0%| F|  |TAMS 0x0000000715000000, 0x0000000715000000| Untracked 
| 169|0x0000000715200000, 0x0000000715200000, 0x0000000715400000|  0%| F|  |TAMS 0x0000000715200000, 0x0000000715200000| Untracked 
| 170|0x0000000715400000, 0x0000000715400000, 0x0000000715600000|  0%| F|  |TAMS 0x0000000715400000, 0x0000000715400000| Untracked 
| 171|0x0000000715600000, 0x0000000715600000, 0x0000000715800000|  0%| F|  |TAMS 0x0000000715600000, 0x0000000715600000| Untracked 
| 172|0x0000000715800000, 0x0000000715800000, 0x0000000715a00000|  0%| F|  |TAMS 0x0000000715800000, 0x0000000715800000| Untracked 
| 173|0x0000000715a00000, 0x0000000715a00000, 0x0000000715c00000|  0%| F|  |TAMS 0x0000000715a00000, 0x0000000715a00000| Untracked 
| 174|0x0000000715c00000, 0x0000000715c00000, 0x0000000715e00000|  0%| F|  |TAMS 0x0000000715c00000, 0x0000000715c00000| Untracked 
| 175|0x0000000715e00000, 0x0000000715e00000, 0x0000000716000000|  0%| F|  |TAMS 0x0000000715e00000, 0x0000000715e00000| Untracked 
| 176|0x0000000716000000, 0x0000000716000000, 0x0000000716200000|  0%| F|  |TAMS 0x0000000716000000, 0x0000000716000000| Untracked 
| 177|0x0000000716200000, 0x0000000716200000, 0x0000000716400000|  0%| F|  |TAMS 0x0000000716200000, 0x0000000716200000| Untracked 
| 178|0x0000000716400000, 0x0000000716400000, 0x0000000716600000|  0%| F|  |TAMS 0x0000000716400000, 0x0000000716400000| Untracked 
| 179|0x0000000716600000, 0x0000000716600000, 0x0000000716800000|  0%| F|  |TAMS 0x0000000716600000, 0x0000000716600000| Untracked 
| 180|0x0000000716800000, 0x0000000716800000, 0x0000000716a00000|  0%| F|  |TAMS 0x0000000716800000, 0x0000000716800000| Untracked 
| 181|0x0000000716a00000, 0x0000000716a00000, 0x0000000716c00000|  0%| F|  |TAMS 0x0000000716a00000, 0x0000000716a00000| Untracked 
| 182|0x0000000716c00000, 0x0000000716c00000, 0x0000000716e00000|  0%| F|  |TAMS 0x0000000716c00000, 0x0000000716c00000| Untracked 
| 183|0x0000000716e00000, 0x0000000716e00000, 0x0000000717000000|  0%| F|  |TAMS 0x0000000716e00000, 0x0000000716e00000| Untracked 
| 184|0x0000000717000000, 0x0000000717000000, 0x0000000717200000|  0%| F|  |TAMS 0x0000000717000000, 0x0000000717000000| Untracked 
| 185|0x0000000717200000, 0x0000000717200000, 0x0000000717400000|  0%| F|  |TAMS 0x0000000717200000, 0x0000000717200000| Untracked 
| 186|0x0000000717400000, 0x0000000717400000, 0x0000000717600000|  0%| F|  |TAMS 0x0000000717400000, 0x0000000717400000| Untracked 
| 187|0x0000000717600000, 0x0000000717600000, 0x0000000717800000|  0%| F|  |TAMS 0x0000000717600000, 0x0000000717600000| Untracked 
| 188|0x0000000717800000, 0x0000000717800000, 0x0000000717a00000|  0%| F|  |TAMS 0x0000000717800000, 0x0000000717800000| Untracked 
| 189|0x0000000717a00000, 0x0000000717a00000, 0x0000000717c00000|  0%| F|  |TAMS 0x0000000717a00000, 0x0000000717a00000| Untracked 
| 190|0x0000000717c00000, 0x0000000717c00000, 0x0000000717e00000|  0%| F|  |TAMS 0x0000000717c00000, 0x0000000717c00000| Untracked 
| 191|0x0000000717e00000, 0x0000000717e00000, 0x0000000718000000|  0%| F|  |TAMS 0x0000000717e00000, 0x0000000717e00000| Untracked 
| 192|0x0000000718000000, 0x0000000718000000, 0x0000000718200000|  0%| F|  |TAMS 0x0000000718000000, 0x0000000718000000| Untracked 
| 193|0x0000000718200000, 0x0000000718200000, 0x0000000718400000|  0%| F|  |TAMS 0x0000000718200000, 0x0000000718200000| Untracked 
| 194|0x0000000718400000, 0x0000000718400000, 0x0000000718600000|  0%| F|  |TAMS 0x0000000718400000, 0x0000000718400000| Untracked 
| 195|0x0000000718600000, 0x0000000718600000, 0x0000000718800000|  0%| F|  |TAMS 0x0000000718600000, 0x0000000718600000| Untracked 
| 196|0x0000000718800000, 0x0000000718800000, 0x0000000718a00000|  0%| F|  |TAMS 0x0000000718800000, 0x0000000718800000| Untracked 
| 197|0x0000000718a00000, 0x0000000718a00000, 0x0000000718c00000|  0%| F|  |TAMS 0x0000000718a00000, 0x0000000718a00000| Untracked 
| 198|0x0000000718c00000, 0x0000000718c00000, 0x0000000718e00000|  0%| F|  |TAMS 0x0000000718c00000, 0x0000000718c00000| Untracked 
| 199|0x0000000718e00000, 0x0000000718e00000, 0x0000000719000000|  0%| F|  |TAMS 0x0000000718e00000, 0x0000000718e00000| Untracked 
| 200|0x0000000719000000, 0x0000000719000000, 0x0000000719200000|  0%| F|  |TAMS 0x0000000719000000, 0x0000000719000000| Untracked 
| 201|0x0000000719200000, 0x0000000719200000, 0x0000000719400000|  0%| F|  |TAMS 0x0000000719200000, 0x0000000719200000| Untracked 

Card table byte_map: [0x0000023f7e200000,0x0000023f7ea00000] _byte_map_base: 0x0000023f7aa00000

Marking Bits (Prev, Next): (CMBitMap*) 0x0000023f7d15f1b0, (CMBitMap*) 0x0000023f7d15f170
 Prev Bits: [0x0000023f1aa60000, 0x0000023f1ea60000)
 Next Bits: [0x0000023f16a60000, 0x0000023f1aa60000)

Polling page: 0x0000023f7b000000

Metaspace:

Usage:
  Non-class:     38.08 MB used.
      Class:      4.67 MB used.
       Both:     42.75 MB used.

Virtual space:
  Non-class space:       64.00 MB reserved,      38.19 MB ( 60%) committed,  1 nodes.
      Class space:        1.00 GB reserved,       4.81 MB ( <1%) committed,  1 nodes.
             Both:        1.06 GB reserved,      43.00 MB (  4%) committed. 

Chunk freelists:
   Non-Class:  9.50 MB
       Class:  11.17 MB
        Both:  20.67 MB

MaxMetaspaceSize: unlimited
CompressedClassSpaceSize: 1.00 GB
Initial GC threshold: 21.00 MB
Current GC threshold: 71.50 MB
CDS: on
MetaspaceReclaimPolicy: balanced
 - commit_granule_bytes: 65536.
 - commit_granule_words: 8192.
 - virtual_space_node_default_size: 8388608.
 - enlarge_chunks_in_place: 1.
 - new_chunks_are_fully_committed: 0.
 - uncommit_free_chunks: 1.
 - use_allocation_guard: 0.
 - handle_deallocations: 1.


Internal statistics:

num_allocs_failed_limit: 6.
num_arena_births: 314.
num_arena_deaths: 0.
num_vsnodes_births: 2.
num_vsnodes_deaths: 0.
num_space_committed: 686.
num_space_uncommitted: 0.
num_chunks_returned_to_freelist: 6.
num_chunks_taken_from_freelist: 1544.
num_chunk_merges: 6.
num_chunk_splits: 1087.
num_chunks_enlarged: 870.
num_inconsistent_stats: 0.

CodeHeap 'non-profiled nmethods': size=119168Kb used=5534Kb max_used=5534Kb free=113633Kb
 bounds [0x0000023f0f600000, 0x0000023f0fb70000, 0x0000023f16a60000]
CodeHeap 'profiled nmethods': size=119104Kb used=11325Kb max_used=11325Kb free=107778Kb
 bounds [0x0000023f07a60000, 0x0000023f08590000, 0x0000023f0eeb0000]
CodeHeap 'non-nmethods': size=7488Kb used=1440Kb max_used=3181Kb free=6047Kb
 bounds [0x0000023f0eeb0000, 0x0000023f0f230000, 0x0000023f0f600000]
 total_blobs=6816 nmethods=6018 adapters=710
 compilation: enabled
              stopped_count=0, restarted_count=0
 full_count=0

Compilation events (20 events):
Event: 858.175 Thread 0x0000023f62050f90 7589       4       java.io.DataInputStream::readFully (59 bytes)
Event: 858.177 Thread 0x0000023f62050f90 nmethod 7589 0x0000023f0fb64390 code [0x0000023f0fb64520, 0x0000023f0fb64698]
Event: 900.113 Thread 0x0000023f62050f90 7590       4       spark.utils.MimeParse::bestMatch (167 bytes)
Event: 900.279 Thread 0x0000023f62050f90 nmethod 7590 0x0000023f0fb64810 code [0x0000023f0fb64a80, 0x0000023f0fb66568]
Event: 910.426 Thread 0x0000023f62059cd0 7591       3       java.lang.invoke.Invokers$Holder::linkToTargetMethod (11 bytes)
Event: 910.426 Thread 0x0000023f62059cd0 nmethod 7591 0x0000023f07e86290 code [0x0000023f07e86440, 0x0000023f07e866f8]
Event: 910.427 Thread 0x0000023f62059cd0 7592       3       javax.swing.JComponent::getListeners (76 bytes)
Event: 910.431 Thread 0x0000023f62059cd0 nmethod 7592 0x0000023f07e84b90 code [0x0000023f07e84e40, 0x0000023f07e85e68]
Event: 910.431 Thread 0x0000023f62059cd0 7593       3       javax.swing.event.EventListenerList::getListeners (74 bytes)
Event: 910.432 Thread 0x0000023f62059cd0 nmethod 7593 0x0000023f07e84010 code [0x0000023f07e84200, 0x0000023f07e84918]
Event: 910.432 Thread 0x0000023f62059cd0 7594       3       javax.swing.event.EventListenerList::getListenerCount (34 bytes)
Event: 910.432 Thread 0x0000023f62059cd0 nmethod 7594 0x0000023f07e83a10 code [0x0000023f07e83bc0, 0x0000023f07e83ed8]
Event: 910.432 Thread 0x0000023f62059cd0 7595       3       java.awt.Container::getListeners (29 bytes)
Event: 910.433 Thread 0x0000023f62059cd0 nmethod 7595 0x0000023f08332a90 code [0x0000023f08332c40, 0x0000023f08332e38]
Event: 910.433 Thread 0x0000023f62059cd0 7596       3       java.awt.Component::getListeners (158 bytes)
Event: 910.433 Thread 0x0000023f62059cd0 nmethod 7596 0x0000023f07e83110 code [0x0000023f07e83300, 0x0000023f07e838f8]
Event: 910.433 Thread 0x0000023f62059cd0 7597       3       java.awt.AWTEventMulticaster::getListeners (38 bytes)
Event: 910.436 Thread 0x0000023f62059cd0 nmethod 7597 0x0000023f07e82990 code [0x0000023f07e82b80, 0x0000023f07e82f98]
Event: 910.436 Thread 0x0000023f62059cd0 7598       3       java.awt.AWTEventMulticaster::getListenerCount (44 bytes)
Event: 910.437 Thread 0x0000023f62059cd0 nmethod 7598 0x0000023f07e82210 code [0x0000023f07e823e0, 0x0000023f07e82858]

GC Heap History (20 events):
Event: 807.721 GC heap after
{Heap after GC invocations=97 (full 0):
 garbage-first heap   total 413696K, used 162217K [0x0000000700000000, 0x0000000800000000)
  region size 2048K, 2 young (4096K), 2 survivors (4096K)
 Metaspace       used 43760K, committed 44032K, reserved 1114112K
  class space    used 4782K, committed 4928K, reserved 1048576K
}
Event: 807.736 GC heap before
{Heap before GC invocations=97 (full 0):
 garbage-first heap   total 413696K, used 178601K [0x0000000700000000, 0x0000000800000000)
  region size 2048K, 10 young (20480K), 2 survivors (4096K)
 Metaspace       used 43760K, committed 44032K, reserved 1114112K
  class space    used 4782K, committed 4928K, reserved 1048576K
}
Event: 807.750 GC heap after
{Heap after GC invocations=98 (full 0):
 garbage-first heap   total 413696K, used 160736K [0x0000000700000000, 0x0000000800000000)
  region size 2048K, 2 young (4096K), 2 survivors (4096K)
 Metaspace       used 43760K, committed 44032K, reserved 1114112K
  class space    used 4782K, committed 4928K, reserved 1048576K
}
Event: 807.815 GC heap before
{Heap before GC invocations=98 (full 0):
 garbage-first heap   total 413696K, used 240608K [0x0000000700000000, 0x0000000800000000)
  region size 2048K, 41 young (83968K), 2 survivors (4096K)
 Metaspace       used 43760K, committed 44032K, reserved 1114112K
  class space    used 4782K, committed 4928K, reserved 1048576K
}
Event: 807.845 GC heap after
{Heap after GC invocations=99 (full 0):
 garbage-first heap   total 413696K, used 222586K [0x0000000700000000, 0x0000000800000000)
  region size 2048K, 6 young (12288K), 6 survivors (12288K)
 Metaspace       used 43760K, committed 44032K, reserved 1114112K
  class space    used 4782K, committed 4928K, reserved 1048576K
}
Event: 857.922 GC heap before
{Heap before GC invocations=100 (full 0):
 garbage-first heap   total 413696K, used 204154K [0x0000000700000000, 0x0000000800000000)
  region size 2048K, 33 young (67584K), 6 survivors (12288K)
 Metaspace       used 43761K, committed 44032K, reserved 1114112K
  class space    used 4782K, committed 4928K, reserved 1048576K
}
Event: 857.940 GC heap after
{Heap after GC invocations=101 (full 0):
 garbage-first heap   total 413696K, used 169845K [0x0000000700000000, 0x0000000800000000)
  region size 2048K, 5 young (10240K), 5 survivors (10240K)
 Metaspace       used 43761K, committed 44032K, reserved 1114112K
  class space    used 4782K, committed 4928K, reserved 1048576K
}
Event: 858.135 GC heap before
{Heap before GC invocations=101 (full 0):
 garbage-first heap   total 413696K, used 180085K [0x0000000700000000, 0x0000000800000000)
  region size 2048K, 10 young (20480K), 5 survivors (10240K)
 Metaspace       used 43761K, committed 44032K, reserved 1114112K
  class space    used 4782K, committed 4928K, reserved 1048576K
}
Event: 858.163 GC heap after
{Heap after GC invocations=102 (full 0):
 garbage-first heap   total 413696K, used 141845K [0x0000000700000000, 0x0000000800000000)
  region size 2048K, 2 young (4096K), 2 survivors (4096K)
 Metaspace       used 43761K, committed 44032K, reserved 1114112K
  class space    used 4782K, committed 4928K, reserved 1048576K
}
Event: 858.239 GC heap before
{Heap before GC invocations=102 (full 0):
 garbage-first heap   total 413696K, used 229909K [0x0000000700000000, 0x0000000800000000)
  region size 2048K, 45 young (92160K), 2 survivors (4096K)
 Metaspace       used 43765K, committed 44032K, reserved 1114112K
  class space    used 4782K, committed 4928K, reserved 1048576K
}
Event: 858.274 GC heap after
{Heap after GC invocations=103 (full 0):
 garbage-first heap   total 413696K, used 207273K [0x0000000700000000, 0x0000000800000000)
  region size 2048K, 6 young (12288K), 6 survivors (12288K)
 Metaspace       used 43765K, committed 44032K, reserved 1114112K
  class space    used 4782K, committed 4928K, reserved 1048576K
}
Event: 896.238 GC heap before
{Heap before GC invocations=104 (full 0):
 garbage-first heap   total 413696K, used 268713K [0x0000000700000000, 0x0000000800000000)
  region size 2048K, 36 young (73728K), 6 survivors (12288K)
 Metaspace       used 43765K, committed 44032K, reserved 1114112K
  class space    used 4782K, committed 4928K, reserved 1048576K
}
Event: 896.280 GC heap after
{Heap after GC invocations=105 (full 0):
 garbage-first heap   total 413696K, used 236872K [0x0000000700000000, 0x0000000800000000)
  region size 2048K, 5 young (10240K), 5 survivors (10240K)
 Metaspace       used 43765K, committed 44032K, reserved 1114112K
  class space    used 4782K, committed 4928K, reserved 1048576K
}
Event: 910.389 GC heap before
{Heap before GC invocations=105 (full 0):
 garbage-first heap   total 413696K, used 247112K [0x0000000700000000, 0x0000000800000000)
  region size 2048K, 10 young (20480K), 5 survivors (10240K)
 Metaspace       used 43765K, committed 44032K, reserved 1114112K
  class space    used 4782K, committed 4928K, reserved 1048576K
}
Event: 910.406 GC heap after
{Heap after GC invocations=106 (full 0):
 garbage-first heap   total 413696K, used 200410K [0x0000000700000000, 0x0000000800000000)
  region size 2048K, 1 young (2048K), 1 survivors (2048K)
 Metaspace       used 43765K, committed 44032K, reserved 1114112K
  class space    used 4782K, committed 4928K, reserved 1048576K
}
Event: 910.445 GC heap before
{Heap before GC invocations=106 (full 0):
 garbage-first heap   total 413696K, used 218842K [0x0000000700000000, 0x0000000800000000)
  region size 2048K, 10 young (20480K), 1 survivors (2048K)
 Metaspace       used 43775K, committed 44032K, reserved 1114112K
  class space    used 4782K, committed 4928K, reserved 1048576K
}
Event: 910.463 GC heap after
{Heap after GC invocations=107 (full 0):
 garbage-first heap   total 413696K, used 166625K [0x0000000700000000, 0x0000000800000000)
  region size 2048K, 2 young (4096K), 2 survivors (4096K)
 Metaspace       used 43775K, committed 44032K, reserved 1114112K
  class space    used 4782K, committed 4928K, reserved 1048576K
}
Event: 910.477 GC heap before
{Heap before GC invocations=107 (full 0):
 garbage-first heap   total 413696K, used 183009K [0x0000000700000000, 0x0000000800000000)
  region size 2048K, 10 young (20480K), 2 survivors (4096K)
 Metaspace       used 43775K, committed 44032K, reserved 1114112K
  class space    used 4782K, committed 4928K, reserved 1048576K
}
Event: 910.491 GC heap after
{Heap after GC invocations=108 (full 0):
 garbage-first heap   total 413696K, used 167221K [0x0000000700000000, 0x0000000800000000)
  region size 2048K, 2 young (4096K), 2 survivors (4096K)
 Metaspace       used 43775K, committed 44032K, reserved 1114112K
  class space    used 4782K, committed 4928K, reserved 1048576K
}
Event: 910.545 GC heap before
{Heap before GC invocations=108 (full 0):
 garbage-first heap   total 413696K, used 245045K [0x0000000700000000, 0x0000000800000000)
  region size 2048K, 40 young (81920K), 2 survivors (4096K)
 Metaspace       used 43775K, committed 44032K, reserved 1114112K
  class space    used 4782K, committed 4928K, reserved 1048576K
}

Dll operation events (13 events):
Event: 0.023 Loaded shared library C:\Program Files\AnyLogic 8.9 Personal Learning Edition\jre\bin\java.dll
Event: 0.054 Loaded shared library C:\Program Files\AnyLogic 8.9 Personal Learning Edition\jre\bin\jsvml.dll
Event: 0.243 Loaded shared library C:\Program Files\AnyLogic 8.9 Personal Learning Edition\jre\bin\net.dll
Event: 0.246 Loaded shared library C:\Program Files\AnyLogic 8.9 Personal Learning Edition\jre\bin\nio.dll
Event: 0.250 Loaded shared library C:\Program Files\AnyLogic 8.9 Personal Learning Edition\jre\bin\zip.dll
Event: 0.373 Loaded shared library C:\Program Files\AnyLogic 8.9 Personal Learning Edition\jre\bin\jimage.dll
Event: 0.881 Loaded shared library C:\Program Files\AnyLogic 8.9 Personal Learning Edition\jre\bin\awt.dll
Event: 1.589 Loaded shared library C:\Program Files\AnyLogic 8.9 Personal Learning Edition\jre\bin\verify.dll
Event: 1.734 Loaded shared library C:\Program Files\AnyLogic 8.9 Personal Learning Edition\jre\bin\management.dll
Event: 1.748 Loaded shared library C:\Program Files\AnyLogic 8.9 Personal Learning Edition\jre\bin\management_ext.dll
Event: 2.132 Loaded shared library C:\Program Files\AnyLogic 8.9 Personal Learning Edition\jre\bin\sunmscapi.dll
Event: 16.840 Loaded shared library C:\Program Files\AnyLogic 8.9 Personal Learning Edition\jre\bin\freetype.dll
Event: 16.843 Loaded shared library C:\Program Files\AnyLogic 8.9 Personal Learning Edition\jre\bin\fontmanager.dll

Deoptimization events (20 events):
Event: 342.650 Thread 0x0000023f676cd060 DEOPT PACKING pc=0x0000023f0fa3e7bc sp=0x000000ef4c1fe7f0
Event: 342.650 Thread 0x0000023f676cd060 DEOPT UNPACKING pc=0x0000023f0ef069a3 sp=0x000000ef4c1fe7a8 mode 2
Event: 342.650 Thread 0x0000023f676cd060 Uncommon trap: trap_request=0xffffff45 fr.pc=0x0000023f0fa9f81c relative=0x0000000000000b1c
Event: 342.650 Thread 0x0000023f676cd060 Uncommon trap: reason=unstable_if action=reinterpret pc=0x0000023f0fa9f81c method=java.nio.channels.spi.AbstractInterruptibleChannel.isOpen()Z @ 4 c2
Event: 342.650 Thread 0x0000023f676cd060 DEOPT PACKING pc=0x0000023f0fa9f81c sp=0x000000ef4c1fe9a0
Event: 342.650 Thread 0x0000023f676cd060 DEOPT UNPACKING pc=0x0000023f0ef069a3 sp=0x000000ef4c1fe918 mode 2
Event: 394.682 Thread 0x0000023f676d3090 Uncommon trap: trap_request=0xffffff45 fr.pc=0x0000023f0f6493f8 relative=0x00000000000019d8
Event: 394.682 Thread 0x0000023f676d3090 Uncommon trap: reason=unstable_if action=reinterpret pc=0x0000023f0f6493f8 method=java.util.HashMap.putVal(ILjava/lang/Object;Ljava/lang/Object;ZZ)Ljava/lang/Object; @ 94 c2
Event: 394.682 Thread 0x0000023f676d3090 DEOPT PACKING pc=0x0000023f0f6493f8 sp=0x000000ef4cffec10
Event: 394.682 Thread 0x0000023f676d3090 DEOPT UNPACKING pc=0x0000023f0ef069a3 sp=0x000000ef4cffe9d8 mode 2
Event: 495.896 Thread 0x0000023f676cdf90 Uncommon trap: trap_request=0xffffff45 fr.pc=0x0000023f0f922800 relative=0x0000000000001220
Event: 495.896 Thread 0x0000023f676cdf90 Uncommon trap: reason=unstable_if action=reinterpret pc=0x0000023f0f922800 method=org.eclipse.jetty.util.BufferUtil.putHexInt(Ljava/nio/ByteBuffer;I)V @ 129 c2
Event: 495.896 Thread 0x0000023f676cdf90 DEOPT PACKING pc=0x0000023f0f922800 sp=0x000000ef4c3fde80
Event: 495.896 Thread 0x0000023f676cdf90 DEOPT UNPACKING pc=0x0000023f0ef069a3 sp=0x000000ef4c3fdd38 mode 2
Event: 495.927 Thread 0x0000023f676d3090 Uncommon trap: trap_request=0xffffff45 fr.pc=0x0000023f0f72a818 relative=0x00000000000005f8
Event: 495.927 Thread 0x0000023f676d3090 Uncommon trap: reason=unstable_if action=reinterpret pc=0x0000023f0f72a818 method=java.util.HashMap.putVal(ILjava/lang/Object;Ljava/lang/Object;ZZ)Ljava/lang/Object; @ 206 c2
Event: 495.928 Thread 0x0000023f676d3090 DEOPT PACKING pc=0x0000023f0f72a818 sp=0x000000ef4cffeb90
Event: 495.928 Thread 0x0000023f676d3090 DEOPT UNPACKING pc=0x0000023f0ef069a3 sp=0x000000ef4cffe9d8 mode 2
Event: 757.664 Thread 0x0000023f676d3090 DEOPT PACKING pc=0x0000023f07b3b2e8 sp=0x000000ef4cffec10
Event: 757.665 Thread 0x0000023f676d3090 DEOPT UNPACKING pc=0x0000023f0ef07143 sp=0x000000ef4cffe1e0 mode 0

Classes unloaded (0 events):
No events

Classes redefined (0 events):
No events

Internal exceptions (20 events):
Event: 10.323 Thread 0x0000023f676d3090 Exception <a 'java/lang/NoSuchMethodError'{0x0000000702df3700}: 'void java.lang.invoke.DirectMethodHandle$Holder.invokeStaticInit(java.lang.Object, java.lang.Object, java.lang.Object, int)'> (0x0000000702df3700) 
thrown [s\src\hotspot\share\interpreter\linkResolver.cpp, line 759]
Event: 10.388 Thread 0x0000023f676d3090 Exception <a 'java/lang/NoSuchMethodError'{0x0000000702a86c80}: 'void java.lang.invoke.DirectMethodHandle$Holder.invokeInterface(java.lang.Object, java.lang.Object, java.lang.Object)'> (0x0000000702a86c80) 
thrown [s\src\hotspot\share\interpreter\linkResolver.cpp, line 759]
Event: 10.529 Thread 0x0000023f676d3090 Exception <a 'java/lang/NoSuchMethodError'{0x000000070295bb00}: 'java.lang.Object java.lang.invoke.DirectMethodHandle$Holder.invokeStatic(java.lang.Object, java.lang.Object, int, int)'> (0x000000070295bb00) 
thrown [s\src\hotspot\share\interpreter\linkResolver.cpp, line 759]
Event: 10.529 Thread 0x0000023f676d3090 Exception <a 'java/lang/NoSuchMethodError'{0x000000070295f7e8}: 'java.lang.Object java.lang.invoke.DirectMethodHandle$Holder.invokeStaticInit(java.lang.Object, java.lang.Object, int, int)'> (0x000000070295f7e8) 
thrown [s\src\hotspot\share\interpreter\linkResolver.cpp, line 759]
Event: 10.929 Thread 0x0000023f676d3090 Exception <a 'java/lang/NoSuchMethodError'{0x0000000705c026f0}: 'java.lang.Object java.lang.invoke.DirectMethodHandle$Holder.newInvokeSpecial(java.lang.Object, java.lang.Object, int, java.lang.Object)'> (0x0000000705c026f0) 
thrown [s\src\hotspot\share\interpreter\linkResolver.cpp, line 759]
Event: 10.929 Thread 0x0000023f676d3090 Exception <a 'java/lang/NoSuchMethodError'{0x0000000705c06d78}: 'java.lang.Object java.lang.invoke.DirectMethodHandle$Holder.invokeSpecial(java.lang.Object, java.lang.Object, java.lang.Object, int, java.lang.Object)'> (0x0000000705c06d78) 
thrown [s\src\hotspot\share\interpreter\linkResolver.cpp, line 759]
Event: 12.271 Thread 0x0000023f676d3090 Exception <a 'java/lang/NoSuchMethodError'{0x00000007062c2550}: 'void java.lang.invoke.DirectMethodHandle$Holder.invokeInterface(java.lang.Object, java.lang.Object, java.lang.Object, int)'> (0x00000007062c2550) 
thrown [s\src\hotspot\share\interpreter\linkResolver.cpp, line 759]
Event: 12.493 Thread 0x0000023f676d3090 Implicit null exception at 0x0000023f0f7cd980 to 0x0000023f0f7d016c
Event: 13.095 Thread 0x0000023f676d3090 Implicit null exception at 0x0000023f0f7f0498 to 0x0000023f0f7f6148
Event: 15.153 Thread 0x0000023f676d3090 Implicit null exception at 0x0000023f0f82d2aa to 0x0000023f0f82d5f4
Event: 16.084 Thread 0x0000023f676d3090 Exception <a 'java/lang/NoSuchMethodError'{0x000000070674e868}: 'java.lang.Object java.lang.invoke.DirectMethodHandle$Holder.invokeVirtual(java.lang.Object, java.lang.Object, int)'> (0x000000070674e868) 
thrown [s\src\hotspot\share\interpreter\linkResolver.cpp, line 759]
Event: 16.086 Thread 0x0000023f676d3090 Exception <a 'java/lang/NoSuchMethodError'{0x00000007067560d0}: 'void java.lang.invoke.DirectMethodHandle$Holder.invokeVirtual(java.lang.Object, java.lang.Object, int, java.lang.Object)'> (0x00000007067560d0) 
thrown [s\src\hotspot\share\interpreter\linkResolver.cpp, line 759]
Event: 16.088 Thread 0x0000023f676d3090 Exception <a 'java/lang/NoSuchMethodError'{0x0000000706764100}: 'int java.lang.invoke.DirectMethodHandle$Holder.invokeVirtual(java.lang.Object, java.lang.Object)'> (0x0000000706764100) 
thrown [s\src\hotspot\share\interpreter\linkResolver.cpp, line 759]
Event: 16.464 Thread 0x0000023f676d3090 Exception <a 'java/lang/NoSuchMethodError'{0x0000000706abc6e0}: 'void java.lang.invoke.DirectMethodHandle$Holder.invokeStatic(java.lang.Object, int, java.lang.Object)'> (0x0000000706abc6e0) 
thrown [s\src\hotspot\share\interpreter\linkResolver.cpp, line 759]
Event: 16.696 Thread 0x0000023f676d3090 Exception <a 'java/lang/NoSuchMethodError'{0x000000070684aa90}: 'java.lang.Object java.lang.invoke.DirectMethodHandle$Holder.invokeStatic(java.lang.Object, int, java.lang.Object, java.lang.Object, java.lang.Object, java.lang.Object)'> (0x000000070684aa90) 
thrown [s\src\hotspot\share\interpreter\linkResolver.cpp, line 759]
Event: 16.755 Thread 0x0000023f676d3090 Exception <a 'java/lang/ClassNotFoundException'{0x0000000706955678}: com/sun/swing/internal/plaf/metal/resources/spi/metalProvider> (0x0000000706955678) 
thrown [s\src\hotspot\share\classfile\systemDictionary.cpp, line 256]
Event: 16.758 Thread 0x0000023f676d3090 Exception <a 'java/lang/ClassNotFoundException'{0x00000007069596e8}: com/sun/swing/internal/plaf/basic/resources/spi/basicProvider> (0x00000007069596e8) 
thrown [s\src\hotspot\share\classfile\systemDictionary.cpp, line 256]
Event: 17.168 Thread 0x0000023f676d3090 Exception <a 'java/lang/NoSuchMethodError'{0x000000070663d770}: 'int java.lang.invoke.DirectMethodHandle$Holder.invokeSpecial(java.lang.Object, java.lang.Object, java.lang.Object, java.lang.Object)'> (0x000000070663d770) 
thrown [s\src\hotspot\share\interpreter\linkResolver.cpp, line 759]
Event: 78.161 Thread 0x0000023f676d3090 Implicit null exception at 0x0000023f0fa04dda to 0x0000023f0fa05af4
Event: 78.161 Thread 0x0000023f676d3090 Implicit null exception at 0x0000023f0fa03d60 to 0x0000023f0fa0488c

VM Operations (20 events):
Event: 857.940 Executing VM operation: G1CollectForAllocation done
Event: 858.135 Executing VM operation: G1CollectForAllocation
Event: 858.163 Executing VM operation: G1CollectForAllocation done
Event: 858.239 Executing VM operation: G1CollectForAllocation
Event: 858.274 Executing VM operation: G1CollectForAllocation done
Event: 858.309 Executing VM operation: G1PauseRemark
Event: 858.313 Executing VM operation: G1PauseRemark done
Event: 858.343 Executing VM operation: G1PauseCleanup
Event: 858.343 Executing VM operation: G1PauseCleanup done
Event: 896.238 Executing VM operation: G1CollectForAllocation
Event: 896.280 Executing VM operation: G1CollectForAllocation done
Event: 901.621 Executing VM operation: HandshakeAllThreads
Event: 901.621 Executing VM operation: HandshakeAllThreads done
Event: 910.389 Executing VM operation: G1CollectForAllocation
Event: 910.406 Executing VM operation: G1CollectForAllocation done
Event: 910.445 Executing VM operation: G1CollectForAllocation
Event: 910.463 Executing VM operation: G1CollectForAllocation done
Event: 910.477 Executing VM operation: G1CollectForAllocation
Event: 910.491 Executing VM operation: G1CollectForAllocation done
Event: 910.545 Executing VM operation: G1CollectForAllocation

Events (20 events):
Event: 758.424 Thread 0x0000023f68b33180 Thread exited: 0x0000023f68b33180
Event: 758.424 Thread 0x0000023f68b32250 Thread exited: 0x0000023f68b32250
Event: 762.664 Thread 0x0000023f67d780f0 Thread exited: 0x0000023f67d780f0
Event: 785.160 Thread 0x0000023f676d3ab0 Thread exited: 0x0000023f676d3ab0
Event: 807.691 Thread 0x0000023f68b31d40 Thread added: 0x0000023f68b31d40
Event: 807.692 Thread 0x0000023f68b303f0 Thread added: 0x0000023f68b303f0
Event: 807.695 Thread 0x0000023f67d790e0 Thread added: 0x0000023f67d790e0
Event: 808.700 Thread 0x0000023f68b31d40 Thread exited: 0x0000023f68b31d40
Event: 808.700 Thread 0x0000023f68b303f0 Thread exited: 0x0000023f68b303f0
Event: 813.671 Thread 0x0000023f67d790e0 Thread exited: 0x0000023f67d790e0
Event: 845.446 Thread 0x0000023f676d44d0 Thread exited: 0x0000023f676d44d0
Event: 845.567 Thread 0x0000023f68b30e10 Thread added: 0x0000023f68b30e10
Event: 858.168 Thread 0x0000023f68b32760 Thread added: 0x0000023f68b32760
Event: 858.169 Thread 0x0000023f68b33690 Thread added: 0x0000023f68b33690
Event: 859.173 Thread 0x0000023f68b32760 Thread exited: 0x0000023f68b32760
Event: 859.173 Thread 0x0000023f68b33690 Thread exited: 0x0000023f68b33690
Event: 905.570 Thread 0x0000023f68b30e10 Thread exited: 0x0000023f68b30e10
Event: 905.759 Thread 0x0000023f68b33180 Thread added: 0x0000023f68b33180
Event: 910.428 Thread 0x0000023f68b2fee0 Thread added: 0x0000023f68b2fee0
Event: 910.429 Thread 0x0000023f68b303f0 Thread added: 0x0000023f68b303f0


Dynamic libraries:
0x00007ff62cf00000 - 0x00007ff62cf0e000 	C:\Program Files\AnyLogic 8.9 Personal Learning Edition\jre\bin\javaw.exe
0x00007fffb7820000 - 0x00007fffb7a87000 	C:\WINDOWS\SYSTEM32\ntdll.dll
0x00007fffb6e30000 - 0x00007fffb6ef9000 	C:\WINDOWS\System32\KERNEL32.DLL
0x00007fffb4f10000 - 0x00007fffb5307000 	C:\WINDOWS\System32\KERNELBASE.dll
0x00007fffb5450000 - 0x00007fffb559b000 	C:\WINDOWS\System32\ucrtbase.dll
0x00007fffab000000 - 0x00007fffab01b000 	C:\Program Files\AnyLogic 8.9 Personal Learning Edition\jre\bin\VCRUNTIME140.dll
0x00007fffab2f0000 - 0x00007fffab307000 	C:\Program Files\AnyLogic 8.9 Personal Learning Edition\jre\bin\jli.dll
0x00007fffb5b20000 - 0x00007fffb5ce6000 	C:\WINDOWS\System32\USER32.dll
0x00007fffb4250000 - 0x00007fffb4277000 	C:\WINDOWS\System32\win32u.dll
0x00007fffb5e90000 - 0x00007fffb5ebb000 	C:\WINDOWS\System32\GDI32.dll
0x00007fffb4570000 - 0x00007fffb469c000 	C:\WINDOWS\System32\gdi32full.dll
0x00007fffb5310000 - 0x00007fffb53b3000 	C:\WINDOWS\System32\msvcp_win.dll
0x00007fffa3340000 - 0x00007fffa35d2000 	C:\WINDOWS\WinSxS\amd64_microsoft.windows.common-controls_6595b64144ccf1df_6.0.26100.8457_none_3e0b2faee331e92d\COMCTL32.dll
0x00007fffb7390000 - 0x00007fffb7439000 	C:\WINDOWS\System32\msvcrt.dll
0x00007fffb68f0000 - 0x00007fffb6922000 	C:\WINDOWS\System32\IMM32.DLL
0x00007fffaaed0000 - 0x00007fffaaedc000 	C:\Program Files\AnyLogic 8.9 Personal Learning Edition\jre\bin\vcruntime140_1.dll
0x00007fffa1160000 - 0x00007fffa11ed000 	C:\Program Files\AnyLogic 8.9 Personal Learning Edition\jre\bin\msvcp140.dll
0x00007fff08d60000 - 0x00007fff099c1000 	C:\Program Files\AnyLogic 8.9 Personal Learning Edition\jre\bin\server\jvm.dll
0x00007fffb6b10000 - 0x00007fffb6bc6000 	C:\WINDOWS\System32\ADVAPI32.dll
0x00007fffb5d50000 - 0x00007fffb5df7000 	C:\WINDOWS\System32\sechost.dll
0x00007fffb7610000 - 0x00007fffb7728000 	C:\WINDOWS\System32\RPCRT4.dll
0x00007fffb1450000 - 0x00007fffb145b000 	C:\WINDOWS\SYSTEM32\VERSION.dll
0x00007fffacf20000 - 0x00007fffacf2a000 	C:\WINDOWS\SYSTEM32\WSOCK32.dll
0x00007fffb40b0000 - 0x00007fffb410e000 	C:\WINDOWS\SYSTEM32\POWRPROF.dll
0x00007fffb2200000 - 0x00007fffb2236000 	C:\WINDOWS\SYSTEM32\WINMM.dll
0x00007fffb5e00000 - 0x00007fffb5e80000 	C:\WINDOWS\System32\WS2_32.dll
0x00007fffb4090000 - 0x00007fffb40a4000 	C:\WINDOWS\SYSTEM32\UMPDC.dll
0x00007fffb2fe0000 - 0x00007fffb2ffb000 	C:\WINDOWS\SYSTEM32\kernel.appcore.dll
0x00007fffaeda0000 - 0x00007fffaedaa000 	C:\Program Files\AnyLogic 8.9 Personal Learning Edition\jre\bin\jimage.dll
0x00007fffb1f20000 - 0x00007fffb2162000 	C:\WINDOWS\SYSTEM32\DBGHELP.DLL
0x00007fffb55b0000 - 0x00007fffb5933000 	C:\WINDOWS\System32\combase.dll
0x00007fffb6cd0000 - 0x00007fffb6da9000 	C:\WINDOWS\System32\OLEAUT32.dll
0x00007fffb2190000 - 0x00007fffb21cb000 	C:\WINDOWS\SYSTEM32\dbgcore.DLL
0x00007fffb4280000 - 0x00007fffb4328000 	C:\WINDOWS\System32\bcryptPrimitives.dll
0x00007fffab980000 - 0x00007fffab9a5000 	C:\Program Files\AnyLogic 8.9 Personal Learning Edition\jre\bin\java.dll
0x00007fffa44c0000 - 0x00007fffa4597000 	C:\Program Files\AnyLogic 8.9 Personal Learning Edition\jre\bin\jsvml.dll
0x00007fffb6060000 - 0x00007fffb67ce000 	C:\WINDOWS\System32\SHELL32.dll
0x00007fffb46a0000 - 0x00007fffb4f0c000 	C:\WINDOWS\System32\windows.storage.dll
0x00007fffb67e0000 - 0x00007fffb68d6000 	C:\WINDOWS\System32\SHCORE.dll
0x00007fffb5aa0000 - 0x00007fffb5b06000 	C:\WINDOWS\System32\shlwapi.dll
0x00007fffb4170000 - 0x00007fffb4199000 	C:\WINDOWS\SYSTEM32\profapi.dll
0x00007fffab930000 - 0x00007fffab949000 	C:\Program Files\AnyLogic 8.9 Personal Learning Edition\jre\bin\net.dll
0x00007fffad1b0000 - 0x00007fffad2d9000 	C:\WINDOWS\SYSTEM32\WINHTTP.dll
0x00007fffb3550000 - 0x00007fffb35bc000 	C:\WINDOWS\system32\mswsock.dll
0x00007fffab740000 - 0x00007fffab756000 	C:\Program Files\AnyLogic 8.9 Personal Learning Edition\jre\bin\nio.dll
0x00007fffab6f0000 - 0x00007fffab708000 	C:\Program Files\AnyLogic 8.9 Personal Learning Edition\jre\bin\zip.dll
0x00007fff8b670000 - 0x00007fff8b800000 	C:\Program Files\AnyLogic 8.9 Personal Learning Edition\jre\bin\awt.dll
0x00007fffb12b0000 - 0x00007fffb1350000 	C:\WINDOWS\SYSTEM32\apphelp.dll
0x00007fffaed90000 - 0x00007fffaeda0000 	C:\Program Files\AnyLogic 8.9 Personal Learning Edition\jre\bin\verify.dll
0x00007fffb2a40000 - 0x00007fffb2a72000 	C:\WINDOWS\SYSTEM32\IPHLPAPI.DLL
0x00007fffb68e0000 - 0x00007fffb68ea000 	C:\WINDOWS\System32\NSI.dll
0x00007fffad880000 - 0x00007fffad89d000 	C:\WINDOWS\SYSTEM32\dhcpcsvc6.DLL
0x00007fffacd00000 - 0x00007fffacd25000 	C:\WINDOWS\SYSTEM32\dhcpcsvc.DLL
0x00007fffb2ae0000 - 0x00007fffb2c12000 	C:\WINDOWS\SYSTEM32\DNSAPI.dll
0x00007fffacf80000 - 0x00007fffacf89000 	C:\Program Files\AnyLogic 8.9 Personal Learning Edition\jre\bin\management.dll
0x00007fffab970000 - 0x00007fffab97b000 	C:\Program Files\AnyLogic 8.9 Personal Learning Edition\jre\bin\management_ext.dll
0x00007fffb55a0000 - 0x00007fffb55a8000 	C:\WINDOWS\System32\PSAPI.DLL
0x00007fffab730000 - 0x00007fffab73e000 	C:\Program Files\AnyLogic 8.9 Personal Learning Edition\jre\bin\sunmscapi.dll
0x00007fffb43f0000 - 0x00007fffb4568000 	C:\WINDOWS\System32\CRYPT32.dll
0x00007fffb3a50000 - 0x00007fffb3a80000 	C:\WINDOWS\SYSTEM32\ncrypt.dll
0x00007fffb3a00000 - 0x00007fffb3a3f000 	C:\WINDOWS\SYSTEM32\NTASN1.dll
0x00007fff7bd90000 - 0x00007fff7bd98000 	C:\WINDOWS\system32\wshunix.dll
0x00007fffb3840000 - 0x00007fffb385b000 	C:\WINDOWS\SYSTEM32\CRYPTSP.dll
0x00007fffb2f40000 - 0x00007fffb2f79000 	C:\WINDOWS\system32\rsaenh.dll
0x00007fffb3600000 - 0x00007fffb3633000 	C:\WINDOWS\SYSTEM32\USERENV.dll
0x00007fffb4140000 - 0x00007fffb416a000 	C:\WINDOWS\SYSTEM32\bcrypt.dll
0x00007fffb3830000 - 0x00007fffb383c000 	C:\WINDOWS\SYSTEM32\CRYPTBASE.dll
0x00007fff971f0000 - 0x00007fff97208000 	C:\WINDOWS\system32\napinsp.dll
0x00007fff96ef0000 - 0x00007fff96f03000 	C:\WINDOWS\System32\winrnr.dll
0x00007fff96df0000 - 0x00007fff96e12000 	C:\WINDOWS\system32\nlansp_c.dll
0x00007fff96d70000 - 0x00007fff96d86000 	C:\WINDOWS\system32\wshbth.dll
0x00007fffa84a0000 - 0x00007fffa84ab000 	C:\Windows\System32\rasadhlp.dll
0x00007fffa8b80000 - 0x00007fffa8c06000 	C:\WINDOWS\System32\fwpuclnt.dll
0x00007fffb1680000 - 0x00007fffb172a000 	C:\WINDOWS\system32\uxtheme.dll
0x00007fffb5940000 - 0x00007fffb5a9c000 	C:\WINDOWS\System32\MSCTF.dll
0x00007fffb5ec0000 - 0x00007fffb6057000 	C:\WINDOWS\System32\ole32.dll
0x00007fffb1960000 - 0x00007fffb198f000 	C:\WINDOWS\system32\DWMAPI.DLL
0x00007fffa0910000 - 0x00007fffa0998000 	C:\Program Files\AnyLogic 8.9 Personal Learning Edition\jre\bin\freetype.dll
0x00007fff8e3e0000 - 0x00007fff8e4b3000 	C:\Program Files\AnyLogic 8.9 Personal Learning Edition\jre\bin\fontmanager.dll
0x00007fff5dcc0000 - 0x00007fff5ddcf000 	C:\WINDOWS\system32\opengl32.dll
0x00007fff5d900000 - 0x00007fff5d92d000 	C:\WINDOWS\SYSTEM32\GLU32.dll
0x00007fffb1780000 - 0x00007fffb17c5000 	C:\WINDOWS\SYSTEM32\dxcore.dll
0x00007fff5f740000 - 0x00007fff5f8f3000 	C:\WINDOWS\system32\d3d9.dll
0x00007fffabcc0000 - 0x00007fffabe7b000 	C:\WINDOWS\System32\DriverStore\FileRepository\u0404276.inf_amd64_b6ae906c9d4ab767\B403905\aticfx64.dll
0x00007fff0d7b0000 - 0x00007fff0d7e4000 	C:\WINDOWS\System32\DriverStore\FileRepository\u0404276.inf_amd64_b6ae906c9d4ab767\B403905\atiu9p64.dll
0x00007ffef11f0000 - 0x00007ffef1f37000 	C:\WINDOWS\System32\DriverStore\FileRepository\u0404276.inf_amd64_b6ae906c9d4ab767\B403905\atiumd64.dll
0x0000000063500000 - 0x0000000064413000 	C:\WINDOWS\System32\DriverStore\FileRepository\u0404276.inf_amd64_b6ae906c9d4ab767\B403905\atiumd6a.dll
0x00007fffb6f00000 - 0x00007fffb7387000 	C:\WINDOWS\System32\SETUPAPI.dll
0x00007fffa89d0000 - 0x00007fffa8a05000 	C:\WINDOWS\SYSTEM32\amdihk64.dll
0x00007fffadf10000 - 0x00007fffadf71000 	C:\WINDOWS\SYSTEM32\directxdatabasehelper.dll

dbghelp: loaded successfully - version: 4.0.5 - missing functions: none
symbol engine: initialized successfully - sym options: 0x614 - pdb path: .;C:\Program Files\AnyLogic 8.9 Personal Learning Edition\jre\bin;C:\WINDOWS\SYSTEM32;C:\WINDOWS\WinSxS\amd64_microsoft.windows.common-controls_6595b64144ccf1df_6.0.26100.8457_none_3e0b2faee331e92d;C:\Program Files\AnyLogic 8.9 Personal Learning Edition\jre\bin\server;C:\WINDOWS\System32\DriverStore\FileRepository\u0404276.inf_amd64_b6ae906c9d4ab767\B403905

VM Arguments:
jvm_args: -Xmx4096m -Xmx4096m -DlanguageId_xjal=en0rvuiv -DbuiltInTileCachePath_xjal=C:\Program Files\AnyLogic 8.9 Personal Learning Edition\plugins\com.anylogic.gis_8.9.9.202606170507\tiles -DflowchartCountersVisible_xjal=true -DflowchartPortStateAnimated_xjal=true -DenableWarnings_xjal=true -DenableObject3DLod_xjal=true -Denable2DVisibilityCheck_xjal=true -DstandaloneBrowserPath_xjal=C:/Program Files/AnyLogic 8.9 Personal Learning Edition/chromium/chromium-win64/chrome.exe -DstandaloneBrowserCommandArguments_xjal=--app=$1 --test-type -DanylogicIncomingPort_xjal=7880 -DbrowserUserDataPath_xjal=--user-data-dir=C:\Users\Lenovo\.AnyLogicPLE\Workspace8.8\chromium\userData -DuseProxy_xjal=false -Dfile.encoding=UTF-8 -XX:+ShowCodeDetailsInExceptionMessages 
java_command: com.anylogic.ms.MS colombodengueabm_v2.ParamVar_CommutingShare 1c5caa6
java_class_path (initial): C:\Users\Lenovo\.AnyLogicPLE\Workspace8.8\ColomboDengueABM_v2_BUILD\classes;C:\Program Files\AnyLogic 8.9 Personal Learning Edition\plugins\com.anylogic.libraries.modules_8.9.9.202606170507\lib\MarkupDescriptors\MarkupDescriptors.jar;C:\Program Files\AnyLogic 8.9 Personal Learning Edition\plugins\com.anylogic.process_modeling_library_8.9.9.202606170507\lib\ProcessModelingLibrary.jar;C:\Program Files\AnyLogic 8.9 Personal Learning Edition\plugins\com.anylogic.engine_8.9.9.202606170507\com.anylogic.engine.jar;C:\Program Files\AnyLogic 8.9 Personal Learning Edition\plugins\com.anylogic.engine.database_8.9.9.202606170507\com.anylogic.engine.database.jar;C:\Program Files\AnyLogic 8.9 Personal Learning Edition\plugins\com.anylogic.engine.datautil_8.9.9.202606170507\com.anylogic.engine.datautil.jar;C:\Program Files\AnyLogic 8.9 Personal Learning Edition\plugins\com.anylogic.engine.editorapi_8.9.9.202606170507\com.anylogic.engine.editorapi.jar;C:\Program Files\AnyLogic 8.9 Personal Learning Edition\plugins\com.anylogic.engine.gis_8.9.9.202606170507\com.anylogic.engine.gis.jar;C:\Program Files\AnyLogic 8.9 Personal Learning Edition\plugins\com.anylogic.engine.sa_8.9.9.202606170507\com.anylogic.engine.sa.jar;C:\Program Files\AnyLogic 8.9 Personal Learning Edition\plugins\com.anylogic.core8_8.9.9.202606170507\com.anylogic.ms.jar;C:\Program Files\AnyLogic 8.9 Personal Learning Edition\plugins\com.anylogic.engine.sa_8.9.9.202606170507\lib\sa\com.anylogic.engine.sa.web.jar;C:\Program Files\AnyLogic 8.9 Personal Learning Edition\plugins\com.anylogic.engine.sa_8.9.9.202606170507\lib\al-spark-core-2.9.4-with-jetty-9.4.57.jar;C:\Program Files\AnyLogic 8.9 Personal Learning Edition\plugins\com.anylogic.engine.sa_8.9.9.202606170507\lib\jackson-annotations-2.16.2.jar;C:\Program Files\AnyLogic 8.9 Personal Learning Edition\plugins\com.anylogic.engine.sa_8.9.9.202606170507\lib\jackson-core-2.16.2.jar;C:\Program Files\AnyLogic 8.9 Personal Learning Edition\plug
Launcher Type: SUN_STANDARD

[Global flags]
     intx CICompilerCount                          = 12                                        {product} {ergonomic}
     uint ConcGCThreads                            = 3                                         {product} {ergonomic}
     uint G1ConcRefinementThreads                  = 13                                        {product} {ergonomic}
   size_t G1HeapRegionSize                         = 2097152                                   {product} {ergonomic}
    uintx GCDrainStackTargetSize                   = 64                                        {product} {ergonomic}
   size_t InitialHeapSize                          = 98566144                                  {product} {ergonomic}
   size_t MarkStackSize                            = 4194304                                   {product} {ergonomic}
   size_t MaxHeapSize                              = 4294967296                                {product} {command line}
   size_t MaxNewSize                               = 2575302656                                {product} {ergonomic}
   size_t MinHeapDeltaBytes                        = 2097152                                   {product} {ergonomic}
   size_t MinHeapSize                              = 8388608                                   {product} {ergonomic}
    uintx NonNMethodCodeHeapSize                   = 7602480                                {pd product} {ergonomic}
    uintx NonProfiledCodeHeapSize                  = 122027880                              {pd product} {ergonomic}
    uintx ProfiledCodeHeapSize                     = 122027880                              {pd product} {ergonomic}
    uintx ReservedCodeCacheSize                    = 251658240                              {pd product} {ergonomic}
     bool SegmentedCodeCache                       = true                                      {product} {ergonomic}
     bool ShowCodeDetailsInExceptionMessages       = true                                   {manageable} {command line}
   size_t SoftMaxHeapSize                          = 4294967296                             {manageable} {ergonomic}
     bool UseCompressedClassPointers               = true                           {product lp64_product} {ergonomic}
     bool UseCompressedOops                        = true                           {product lp64_product} {ergonomic}
     bool UseG1GC                                  = true                                      {product} {ergonomic}
     bool UseLargePagesIndividualAllocation        = false                                  {pd product} {ergonomic}

Logging:
Log output configuration:
 #0: stdout all=warning uptime,level,tags
 #1: stderr all=off uptime,level,tags

Environment Variables:
PATH=C:/Program Files/AnyLogic 8.9 Personal Learning Edition/jre/bin/server;C:/Program Files/AnyLogic 8.9 Personal Learning Edition/jre/bin;C:\WINDOWS\system32;C:\WINDOWS;C:\WINDOWS\System32\Wbem;C:\WINDOWS\System32\WindowsPowerShell\v1.0\;C:\WINDOWS\System32\OpenSSH\;C:\Program Files\IBM\SPSS\Statistics\25\JRE\bin;C:\MinGW-4.8.1\bin;C:\Program Files\Graphviz\bin;C:\Program Files\dotnet\;C:\Program Files\nodejs\;C:\Program Files\Git\cmd;C:\Users\Lenovo\AppData\Local\Programs\Python\Python312\Scripts\;C:\Users\Lenovo\AppData\Local\Programs\Python\Python312\;C:\Users\Lenovo\AppData\Local\Microsoft\WindowsApps;C:\Users\Lenovo\AppData\Local\Programs\Microsoft VS Code\bin;C:\Program Files\Graphviz\bin;C:\Users\Lenovo\AppData\Roaming\npm;C:\Users\Lenovo\Models\ColomboDengueABM_v2;
USERNAME=Lenovo
OS=Windows_NT
PROCESSOR_IDENTIFIER=AMD64 Family 23 Model 104 Stepping 1, AuthenticAMD
TMP=C:\Users\Lenovo\AppData\Local\Temp
TEMP=C:\Users\Lenovo\AppData\Local\Temp



Periodic native trim disabled


---------------  S Y S T E M  ---------------

OS:
 Windows 11 , 64 bit Build 26100 (10.0.26100.8328)
OS uptime: 42 days 8:17 hours

CPU: total 16 (initial active 16) (16 cores per cpu, 2 threads per core) family 23 model 104 stepping 1 microcode 0x8608103, cx8, cmov, fxsr, ht, mmx, 3dnowpref, sse, sse2, sse3, ssse3, sse4a, sse4.1, sse4.2, popcnt, lzcnt, tsc, tscinvbit, avx, avx2, aes, clmul, bmi1, bmi2, adx, sha, fma, vzeroupper, clflush, clflushopt
Processor Information for all 16 processors :
  Max Mhz: 1801, Current Mhz: 1801, Mhz Limit: 1801

Memory: 4k page, system-wide physical 5989M (584M free)
TotalPageFile size 24421M (AvailPageFile size 530M)
current process WorkingSet (physical memory assigned to process): 390M, peak: 465M
current process commit charge ("private bytes"): 614M, peak: 1421M

vm_info: OpenJDK 64-Bit Server VM (17.0.9+9) for windows-amd64 JRE (17.0.9+9), built on Oct 26 2023 14:01:42 by "admin" with MS VC++ 16.10 / 16.11 (VS2019)

END.
