#
# There is insufficient memory for the Java Runtime Environment to continue.
# Native memory allocation (mmap) failed to map 520093696 bytes for G1 virtual space
# Possible reasons:
#   The system is out of physical RAM or swap space
#   The process is running with CompressedOops enabled, and the Java Heap may be blocking the growth of the native heap
# Possible solutions:
#   Reduce memory load on the system
#   Increase physical memory or swap space
#   Check if swap backing store is full
#   Decrease Java heap size (-Xmx/-Xms)
#   Decrease number of Java threads
#   Decrease Java thread stack sizes (-Xss)
#   Set larger code cache with -XX:ReservedCodeCacheSize=
#   JVM is running with Zero Based Compressed Oops mode in which the Java heap is
#     placed in the first 32GB address space. The Java Heap base address is the
#     maximum limit for the native heap growth. Please use -XX:HeapBaseMinAddress
#     to set the Java Heap base and to place the Java Heap above 32GB virtual address.
# This output file may be truncated or incomplete.
#
#  Out of Memory Error (os_windows.cpp:3613), pid=26976, tid=8468
#
# JRE version: OpenJDK Runtime Environment Temurin-17.0.9+9 (17.0.9+9) (build 17.0.9+9)
# Java VM: OpenJDK 64-Bit Server VM Temurin-17.0.9+9 (17.0.9+9, mixed mode, sharing, tiered, compressed oops, compressed class ptrs, g1 gc, windows-amd64)
# No core dump will be written. Minidumps are not enabled by default on client versions of Windows
#

---------------  S U M M A R Y ------------

Command Line: -Xmx4096m -Xmx4096m -DlanguageId_xjal=en0vxxl3 -DbuiltInTileCachePath_xjal=C:\Program Files\AnyLogic 8.9 Personal Learning Edition\plugins\com.anylogic.gis_8.9.9.202606170507\tiles -DflowchartCountersVisible_xjal=true -DflowchartPortStateAnimated_xjal=true -DenableWarnings_xjal=true -DenableObject3DLod_xjal=true -Denable2DVisibilityCheck_xjal=true -DstandaloneBrowserPath_xjal=C:/Program Files/AnyLogic 8.9 Personal Learning Edition/chromium/chromium-win64/chrome.exe -DstandaloneBrowserCommandArguments_xjal=--app=$1 --test-type -DanylogicIncomingPort_xjal=7880 -DbrowserUserDataPath_xjal=--user-data-dir=C:\Users\Lenovo\.AnyLogicPLE\Workspace8.8\chromium\userData -DuseProxy_xjal=false -Dfile.encoding=UTF-8 -XX:+ShowCodeDetailsInExceptionMessages com.anylogic.ms.MS colombodengueabm_v2.ParamVar_Weather 1c5ca99

Host: AMD Ryzen 7 5700U with Radeon Graphics         , 16 cores, 5G,  Windows 11 , 64 bit Build 26100 (10.0.26100.8328)
Time: Sat Jul 18 18:48:44 2026 Sri Lanka Standard Time elapsed time: 340.130956 seconds (0d 0h 5m 40s)

---------------  T H R E A D  ---------------

Current thread (0x000002a621949a90):  VMThread "VM Thread" [stack: 0x000000ba21200000,0x000000ba21300000] [id=8468]

Stack: [0x000000ba21200000,0x000000ba21300000]
Native frames: (J=compiled Java code, j=interpreted, Vv=VM code, C=native code)
V  [jvm.dll+0x67cf49]
V  [jvm.dll+0x83478a]
V  [jvm.dll+0x83624e]
V  [jvm.dll+0x8368b3]
V  [jvm.dll+0x247f1f]
V  [jvm.dll+0x679d69]
V  [jvm.dll+0x66e6ba]
V  [jvm.dll+0x307e5b]
V  [jvm.dll+0x30f306]
V  [jvm.dll+0x35f0ce]
V  [jvm.dll+0x35f2ff]
V  [jvm.dll+0x2dea58]
V  [jvm.dll+0x2dcc34]
V  [jvm.dll+0x2dc23c]
V  [jvm.dll+0x3202bb]
V  [jvm.dll+0x83adab]
V  [jvm.dll+0x83baf1]
V  [jvm.dll+0x83c00d]
V  [jvm.dll+0x83c3e4]
V  [jvm.dll+0x83c4b0]
V  [jvm.dll+0x7e3c3a]
V  [jvm.dll+0x67be35]
C  [ucrtbase.dll+0x37b0]
C  [KERNEL32.DLL+0x2e957]
C  [ntdll.dll+0x427c]

VM_Operation (0x000000ba23cfc7c0): G1CollectForAllocation, mode: safepoint, requested by thread 0x000002a66ac693f0


---------------  P R O C E S S  ---------------

Threads class SMR info:
_java_thread_list=0x000002a66ca7f0b0, length=54, elements={
0x000002a62194e120, 0x000002a621950c00, 0x000002a621965100, 0x000002a6219659d0,
0x000002a6219682b0, 0x000002a621968b80, 0x000002a62196c850, 0x000002a6248b90c0,
0x000002a6248b95e0, 0x000002a624b349a0, 0x000002a624b44f50, 0x000002a66ab47900,
0x000002a66ab75e70, 0x000002a66ab22580, 0x000002a66ab22a60, 0x000002a66ab22f40,
0x000002a66ab23420, 0x000002a66ab23900, 0x000002a66ac6bc70, 0x000002a66ac6a830,
0x000002a66ac68ee0, 0x000002a66ac6ad40, 0x000002a66ac6b250, 0x000002a66ac6c690,
0x000002a66ac6b760, 0x000002a66ac69900, 0x000002a66ac69e10, 0x000002a66ac6c180,
0x000002a66ac6a320, 0x000002a66ac693f0, 0x000002a66b078ae0, 0x000002a66b076c80,
0x000002a66b076770, 0x000002a66b076260, 0x000002a66b075330, 0x000002a66b079a10,
0x000002a66b07a940, 0x000002a66b079f20, 0x000002a66b078ff0, 0x000002a66b079500,
0x000002a66b077190, 0x000002a66b07ae50, 0x000002a66b0776a0, 0x000002a66b0780c0,
0x000002a66b07c290, 0x000002a66b075840, 0x000002a66b07bd80, 0x000002a66b07a430,
0x000002a66b0785d0, 0x000002a66b07c7a0, 0x000002a66c35bc90, 0x000002a66c35c1a0,
0x000002a66c35b780, 0x000002a66c35ad60
}

Java Threads: ( => current thread )
  0x000002a62194e120 JavaThread "Reference Handler" daemon [_thread_blocked, id=34380, stack(0x000000ba21300000,0x000000ba21400000)]
  0x000002a621950c00 JavaThread "Finalizer" daemon [_thread_blocked, id=28752, stack(0x000000ba21400000,0x000000ba21500000)]
  0x000002a621965100 JavaThread "Signal Dispatcher" daemon [_thread_blocked, id=3608, stack(0x000000ba21500000,0x000000ba21600000)]
  0x000002a6219659d0 JavaThread "Attach Listener" daemon [_thread_blocked, id=8480, stack(0x000000ba21600000,0x000000ba21700000)]
  0x000002a6219682b0 JavaThread "Service Thread" daemon [_thread_blocked, id=35340, stack(0x000000ba21700000,0x000000ba21800000)]
  0x000002a621968b80 JavaThread "Monitor Deflation Thread" daemon [_thread_blocked, id=19672, stack(0x000000ba21800000,0x000000ba21900000)]
  0x000002a62196c850 JavaThread "C2 CompilerThread0" daemon [_thread_blocked, id=16964, stack(0x000000ba21900000,0x000000ba21a00000)]
  0x000002a6248b90c0 JavaThread "C1 CompilerThread0" daemon [_thread_blocked, id=33720, stack(0x000000ba21a00000,0x000000ba21b00000)]
  0x000002a6248b95e0 JavaThread "Sweeper thread" daemon [_thread_blocked, id=30144, stack(0x000000ba21b00000,0x000000ba21c00000)]
  0x000002a624b349a0 JavaThread "Notification Thread" daemon [_thread_blocked, id=14912, stack(0x000000ba21d00000,0x000000ba21e00000)]
  0x000002a624b44f50 JavaThread "Common-Cleaner" daemon [_thread_blocked, id=32044, stack(0x000000ba21f00000,0x000000ba22000000)]
  0x000002a66ab47900 JavaThread "Thread-9" daemon [_thread_blocked, id=28204, stack(0x000000ba22800000,0x000000ba22900000)]
  0x000002a66ab75e70 JavaThread "Thread-6" daemon [_thread_blocked, id=1732, stack(0x000000ba22900000,0x000000ba22a00000)]
  0x000002a66ab22580 JavaThread "Thread-5" daemon [_thread_blocked, id=5464, stack(0x000000ba22a00000,0x000000ba22b00000)]
  0x000002a66ab22a60 JavaThread "Thread-1" daemon [_thread_blocked, id=2268, stack(0x000000ba22b00000,0x000000ba22c00000)]
  0x000002a66ab22f40 JavaThread "Thread-8" daemon [_thread_blocked, id=35608, stack(0x000000ba22c00000,0x000000ba22d00000)]
  0x000002a66ab23420 JavaThread "Thread-10" daemon [_thread_blocked, id=34188, stack(0x000000ba22d00000,0x000000ba22e00000)]
  0x000002a66ab23900 JavaThread "Thread-4" daemon [_thread_blocked, id=6164, stack(0x000000ba22e00000,0x000000ba22f00000)]
  0x000002a66ac6bc70 JavaThread "Thread-11" daemon [_thread_blocked, id=37288, stack(0x000000ba22f00000,0x000000ba23000000)]
  0x000002a66ac6a830 JavaThread "Thread-12" daemon [_thread_blocked, id=31008, stack(0x000000ba23000000,0x000000ba23100000)]
  0x000002a66ac68ee0 JavaThread "Thread-3" daemon [_thread_blocked, id=22692, stack(0x000000ba23100000,0x000000ba23200000)]
  0x000002a66ac6ad40 JavaThread "Thread-2" daemon [_thread_blocked, id=25480, stack(0x000000ba23200000,0x000000ba23300000)]
  0x000002a66ac6b250 JavaThread "Thread-0" daemon [_thread_blocked, id=25876, stack(0x000000ba23300000,0x000000ba23400000)]
  0x000002a66ac6c690 JavaThread "Thread-7" daemon [_thread_blocked, id=36940, stack(0x000000ba23400000,0x000000ba23500000)]
  0x000002a66ac6b760 JavaThread "Thread-13" daemon [_thread_blocked, id=7956, stack(0x000000ba23500000,0x000000ba23600000)]
  0x000002a66ac69900 JavaThread "Thread-14" daemon [_thread_blocked, id=38168, stack(0x000000ba23600000,0x000000ba23700000)]
  0x000002a66ac69e10 JavaThread "Thread-15" [_thread_blocked, id=14436, stack(0x000000ba23a00000,0x000000ba23b00000)]
  0x000002a66ac6c180 JavaThread "DestroyJavaVM" [_thread_blocked, id=32624, stack(0x000000ba20c00000,0x000000ba20d00000)]
  0x000002a66ac6a320 JavaThread "qtp1431857372-41" [_thread_in_native, id=8084, stack(0x000000ba23b00000,0x000000ba23c00000)]
  0x000002a66ac693f0 JavaThread "qtp1431857372-42" [_thread_blocked, id=16448, stack(0x000000ba23c00000,0x000000ba23d00000)]
  0x000002a66b078ae0 JavaThread "qtp1431857372-43" [_thread_in_native, id=8752, stack(0x000000ba23d00000,0x000000ba23e00000)]
  0x000002a66b076c80 JavaThread "qtp1431857372-44" [_thread_in_native, id=30780, stack(0x000000ba23e00000,0x000000ba23f00000)]
  0x000002a66b076770 JavaThread "qtp1431857372-48" [_thread_in_native, id=9960, stack(0x000000ba24200000,0x000000ba24300000)]
  0x000002a66b076260 JavaThread "Session-HouseKeeper-37624540-1" [_thread_blocked, id=24940, stack(0x000000ba24300000,0x000000ba24400000)]
  0x000002a66b075330 JavaThread "qtp1431857372-50-acceptor-0@2a2d90b4-ServerConnector@4defab01{HTTP/1.1, (http/1.1)}{0.0.0.0:24296}" [_thread_blocked, id=33944, stack(0x000000ba23900000,0x000000ba23a00000)]
  0x000002a66b079a10 JavaThread "qtp1431857372-51-acceptor-1@62f32cb-ServerConnector@4defab01{HTTP/1.1, (http/1.1)}{0.0.0.0:24296}" [_thread_in_native, id=3804, stack(0x000000ba24400000,0x000000ba24500000)]
  0x000002a66b07a940 JavaThread "qtp1431857372-52" [_thread_blocked, id=28636, stack(0x000000ba22200000,0x000000ba22300000)]
  0x000002a66b079f20 JavaThread "Connector-Scheduler-4defab01-1" [_thread_blocked, id=36096, stack(0x000000ba22000000,0x000000ba22100000)]
  0x000002a66b078ff0 JavaThread "qtp1431857372-54" [_thread_in_native, id=25872, stack(0x000000ba24500000,0x000000ba24600000)]
  0x000002a66b079500 JavaThread "qtp1431857372-55" [_thread_in_native, id=32536, stack(0x000000ba24600000,0x000000ba24700000)]
  0x000002a66b077190 JavaThread "qtp1431857372-57" [_thread_in_native, id=4296, stack(0x000000ba24800000,0x000000ba24900000)]
  0x000002a66b07ae50 JavaThread "Frame Collector" [_thread_blocked, id=15980, stack(0x000000ba24900000,0x000000ba24a00000)]
  0x000002a66b0776a0 JavaThread "AnyLogic parameter variation experiment" daemon [_thread_blocked, id=36608, stack(0x000000ba24a00000,0x000000ba24b00000)]
  0x000002a66b0780c0 JavaThread "Java2D Disposer" daemon [_thread_blocked, id=20808, stack(0x000000ba25b00000,0x000000ba25c00000)]
  0x000002a66b07c290 JavaThread "AWT-Windows" daemon [_thread_in_native, id=8740, stack(0x000000ba25d00000,0x000000ba25e00000)]
  0x000002a66b075840 JavaThread "qtp1431857372-76" [_thread_in_native, id=20312, stack(0x000000ba21c00000,0x000000ba21d00000)]
  0x000002a66b07bd80 JavaThread "qtp1431857372-77" [_thread_blocked, id=30124, stack(0x000000ba24000000,0x000000ba24100000)]
  0x000002a66b07a430 JavaThread "qtp1431857372-78" [_thread_blocked, id=27924, stack(0x000000ba24700000,0x000000ba24800000)]
  0x000002a66b0785d0 JavaThread "qtp1431857372-79" [_thread_blocked, id=2008, stack(0x000000ba25200000,0x000000ba25300000)]
  0x000002a66b07c7a0 JavaThread "qtp1431857372-80" [_thread_blocked, id=35632, stack(0x000000ba25c00000,0x000000ba25d00000)]
  0x000002a66c35bc90 JavaThread "qtp1431857372-81" [_thread_blocked, id=3512, stack(0x000000ba25e00000,0x000000ba25f00000)]
  0x000002a66c35c1a0 JavaThread "qtp1431857372-83" [_thread_blocked, id=38364, stack(0x000000ba25f00000,0x000000ba26000000)]
  0x000002a66c35b780 JavaThread "qtp1431857372-84" [_thread_blocked, id=38396, stack(0x000000ba26000000,0x000000ba26100000)]
  0x000002a66c35ad60 JavaThread "qtp1431857372-82" [_thread_blocked, id=36636, stack(0x000000ba26b00000,0x000000ba26c00000)]

Other Threads:
=>0x000002a621949a90 VMThread "VM Thread" [stack: 0x000000ba21200000,0x000000ba21300000] [id=8468]
  0x000002a624b372a0 WatcherThread [stack: 0x000000ba21e00000,0x000000ba21f00000] [id=38120]
  0x000002a67f85db90 GCTaskThread "GC Thread#0" [stack: 0x000000ba20d00000,0x000000ba20e00000] [id=34160]
  0x000002a66abc5ad0 GCTaskThread "GC Thread#1" [stack: 0x000000ba22300000,0x000000ba22400000] [id=21720]
  0x000002a66abbd060 GCTaskThread "GC Thread#2" [stack: 0x000000ba22400000,0x000000ba22500000] [id=33044]
  0x000002a66abbd320 GCTaskThread "GC Thread#3" [stack: 0x000000ba22500000,0x000000ba22600000] [id=38536]
  0x000002a66aabf3a0 GCTaskThread "GC Thread#4" [stack: 0x000000ba22600000,0x000000ba22700000] [id=33972]
  0x000002a66aabf660 GCTaskThread "GC Thread#5" [stack: 0x000000ba22700000,0x000000ba22800000] [id=10040]
  0x000002a66ab594e0 GCTaskThread "GC Thread#6" [stack: 0x000000ba22100000,0x000000ba22200000] [id=21132]
  0x000002a66ab46350 GCTaskThread "GC Thread#7" [stack: 0x000000ba23700000,0x000000ba23800000] [id=22544]
  0x000002a66ab46610 GCTaskThread "GC Thread#8" [stack: 0x000000ba23800000,0x000000ba23900000] [id=35952]
  0x000002a66a5593c0 GCTaskThread "GC Thread#9" [stack: 0x000000ba24d00000,0x000000ba24e00000] [id=20992]
  0x000002a66a353a70 GCTaskThread "GC Thread#10" [stack: 0x000000ba24e00000,0x000000ba24f00000] [id=30708]
  0x000002a66b0c0310 GCTaskThread "GC Thread#11" [stack: 0x000000ba24f00000,0x000000ba25000000] [id=25496]
  0x000002a66b0c05d0 GCTaskThread "GC Thread#12" [stack: 0x000000ba25000000,0x000000ba25100000] [id=33592]
  0x000002a6217c3320 ConcurrentGCThread "G1 Main Marker" [stack: 0x000000ba20e00000,0x000000ba20f00000] [id=30380]
  0x000002a6217c3af0 ConcurrentGCThread "G1 Conc#0" [stack: 0x000000ba20f00000,0x000000ba21000000] [id=3488]
  0x000002a66b225c10 ConcurrentGCThread "G1 Conc#1" [stack: 0x000000ba24b00000,0x000000ba24c00000] [id=35544]
  0x000002a66b224610 ConcurrentGCThread "G1 Conc#2" [stack: 0x000000ba24c00000,0x000000ba24d00000] [id=33328]
  0x000002a6218068f0 ConcurrentGCThread "G1 Refine#0" [stack: 0x000000ba21000000,0x000000ba21100000] [id=1664]
  0x000002a66c4efd30 ConcurrentGCThread "G1 Refine#1" [stack: 0x000000ba25400000,0x000000ba25500000] [id=11536]
  0x000002a66bb61c70 ConcurrentGCThread "G1 Refine#2" [stack: 0x000000ba25500000,0x000000ba25600000] [id=28364]
  0x000002a66a663fd0 ConcurrentGCThread "G1 Refine#3" [stack: 0x000000ba25600000,0x000000ba25700000] [id=18112]
  0x000002a66b579df0 ConcurrentGCThread "G1 Refine#4" [stack: 0x000000ba25700000,0x000000ba25800000] [id=25280]
  0x000002a66c1b50a0 ConcurrentGCThread "G1 Refine#5" [stack: 0x000000ba25800000,0x000000ba25900000] [id=36840]
  0x000002a66b79c510 ConcurrentGCThread "G1 Refine#6" [stack: 0x000000ba25900000,0x000000ba25a00000] [id=23716]
  0x000002a66bceebd0 ConcurrentGCThread "G1 Refine#7" [stack: 0x000000ba25a00000,0x000000ba25b00000] [id=5992]
  0x000002a66c9265d0 ConcurrentGCThread "G1 Refine#8" [stack: 0x000000ba24100000,0x000000ba24200000] [id=38704]
  0x000002a66c9262e0 ConcurrentGCThread "G1 Refine#9" [stack: 0x000000ba20a00000,0x000000ba20b00000] [id=36152]
  0x000002a66cecaa70 ConcurrentGCThread "G1 Refine#10" [stack: 0x000000ba20b00000,0x000000ba20c00000] [id=18692]
  0x000002a6218070d0 ConcurrentGCThread "G1 Service" [stack: 0x000000ba21100000,0x000000ba21200000] [id=30996]

Threads with active compile tasks:

VM state: at safepoint (normal execution)

VM Mutex/Monitor currently owned by a thread:  ([mutex/lock_event])
[0x000002a67f7e7070] Threads_lock - owner thread: 0x000002a621949a90
[0x000002a67f7e61d0] Heap_lock - owner thread: 0x000002a66ac693f0

Heap address: 0x0000000700000000, size: 4096 MB, Compressed Oops mode: Zero based, Oop shift amount: 3

CDS archive(s) mapped at: [0x000002a625000000-0x000002a625ba0000-0x000002a625ba0000), size 12189696, SharedBaseAddress: 0x000002a625000000, ArchiveRelocationMode: 1.
Compressed class space mapped at: 0x000002a626000000-0x000002a666000000, reserved size: 1073741824
Narrow klass base: 0x000002a625000000, Narrow klass shift: 0, Narrow klass range: 0x100000000

GC Precious Log:
 CPUs: 16 total, 16 available
 Memory: 5989M
 Large Page Support: Disabled
 NUMA Support: Disabled
 Compressed Oops: Enabled (Zero based)
 Heap Region Size: 2M
 Heap Min Capacity: 8M
 Heap Initial Capacity: 94M
 Heap Max Capacity: 4G
 Pre-touch: Disabled
 Parallel Workers: 13
 Concurrent Workers: 3
 Concurrent Refinement Workers: 13
 Periodic GC: Disabled

Heap:
 garbage-first heap   total 507904K, used 206482K [0x0000000700000000, 0x0000000800000000)
  region size 2048K, 5 young (10240K), 5 survivors (10240K)
 Metaspace       used 43503K, committed 43776K, reserved 1114112K
  class space    used 4777K, committed 4928K, reserved 1048576K

Heap Regions: E=young(eden), S=young(survivor), O=old, HS=humongous(starts), HC=humongous(continues), CS=collection set, F=free, OA=open archive, CA=closed archive, TAMS=top-at-mark-start (previous, next)
|   0|0x0000000700000000, 0x0000000700200000, 0x0000000700200000|100%| O|  |TAMS 0x0000000700200000, 0x0000000700000000| Untracked 
|   1|0x0000000700200000, 0x0000000700400000, 0x0000000700400000|100%| O|  |TAMS 0x0000000700400000, 0x0000000700200000| Untracked 
|   2|0x0000000700400000, 0x0000000700600000, 0x0000000700600000|100%| O|  |TAMS 0x0000000700600000, 0x0000000700400000| Untracked 
|   3|0x0000000700600000, 0x0000000700800000, 0x0000000700800000|100%| O|  |TAMS 0x0000000700800000, 0x0000000700600000| Untracked 
|   4|0x0000000700800000, 0x0000000700a00000, 0x0000000700a00000|100%| O|  |TAMS 0x0000000700a00000, 0x0000000700800000| Untracked 
|   5|0x0000000700a00000, 0x0000000700c00000, 0x0000000700c00000|100%| O|  |TAMS 0x0000000700c00000, 0x0000000700a00000| Untracked 
|   6|0x0000000700c00000, 0x0000000700e00000, 0x0000000700e00000|100%| O|  |TAMS 0x0000000700e00000, 0x0000000700c00000| Untracked 
|   7|0x0000000700e00000, 0x0000000701000000, 0x0000000701000000|100%| O|  |TAMS 0x0000000700e00000, 0x0000000700e00000| Untracked 
|   8|0x0000000701000000, 0x0000000701200000, 0x0000000701200000|100%| O|  |TAMS 0x0000000701200000, 0x0000000701000000| Untracked 
|   9|0x0000000701200000, 0x0000000701400000, 0x0000000701400000|100%| O|  |TAMS 0x0000000701400000, 0x0000000701200000| Untracked 
|  10|0x0000000701400000, 0x0000000701600000, 0x0000000701600000|100%| O|  |TAMS 0x0000000701600000, 0x0000000701400000| Untracked 
|  11|0x0000000701600000, 0x0000000701800000, 0x0000000701800000|100%| O|  |TAMS 0x0000000701800000, 0x0000000701600000| Complete 
|  12|0x0000000701800000, 0x0000000701a00000, 0x0000000701a00000|100%| O|  |TAMS 0x0000000701800000, 0x0000000701800000| Untracked 
|  13|0x0000000701a00000, 0x0000000701c00000, 0x0000000701c00000|100%| O|  |TAMS 0x0000000701a00000, 0x0000000701a00000| Untracked 
|  14|0x0000000701c00000, 0x0000000701e00000, 0x0000000701e00000|100%| O|  |TAMS 0x0000000701c00000, 0x0000000701c00000| Untracked 
|  15|0x0000000701e00000, 0x0000000702000000, 0x0000000702000000|100%| O|  |TAMS 0x0000000701e00000, 0x0000000701e00000| Untracked 
|  16|0x0000000702000000, 0x0000000702200000, 0x0000000702200000|100%| O|  |TAMS 0x0000000702200000, 0x0000000702000000| Untracked 
|  17|0x0000000702200000, 0x0000000702400000, 0x0000000702400000|100%| O|  |TAMS 0x0000000702200000, 0x0000000702200000| Untracked 
|  18|0x0000000702400000, 0x0000000702600000, 0x0000000702600000|100%| O|  |TAMS 0x0000000702600000, 0x0000000702400000| Untracked 
|  19|0x0000000702600000, 0x0000000702800000, 0x0000000702800000|100%| O|  |TAMS 0x0000000702800000, 0x0000000702600000| Untracked 
|  20|0x0000000702800000, 0x0000000702a00000, 0x0000000702a00000|100%| O|  |TAMS 0x0000000702800000, 0x0000000702800000| Untracked 
|  21|0x0000000702a00000, 0x0000000702c00000, 0x0000000702c00000|100%| O|  |TAMS 0x0000000702c00000, 0x0000000702a00000| Complete 
|  22|0x0000000702c00000, 0x0000000702e00000, 0x0000000702e00000|100%| O|  |TAMS 0x0000000702c00000, 0x0000000702c00000| Untracked 
|  23|0x0000000702e00000, 0x0000000703000000, 0x0000000703000000|100%| O|  |TAMS 0x0000000702e00000, 0x0000000702e00000| Untracked 
|  24|0x0000000703000000, 0x0000000703200000, 0x0000000703200000|100%| O|  |TAMS 0x0000000703200000, 0x0000000703000000| Complete 
|  25|0x0000000703200000, 0x0000000703400000, 0x0000000703400000|100%| O|  |TAMS 0x0000000703200000, 0x0000000703200000| Untracked 
|  26|0x0000000703400000, 0x0000000703600000, 0x0000000703600000|100%| O|  |TAMS 0x0000000703400000, 0x0000000703400000| Untracked 
|  27|0x0000000703600000, 0x0000000703800000, 0x0000000703800000|100%| O|  |TAMS 0x0000000703600000, 0x0000000703600000| Untracked 
|  28|0x0000000703800000, 0x0000000703a00000, 0x0000000703a00000|100%| O|  |TAMS 0x0000000703a00000, 0x0000000703800000| Untracked 
|  29|0x0000000703a00000, 0x0000000703ba4800, 0x0000000703c00000| 82%| O|  |TAMS 0x0000000703a00000, 0x0000000703a00000| Untracked 
|  30|0x0000000703c00000, 0x0000000703e00000, 0x0000000703e00000|100%| O|  |TAMS 0x0000000703e00000, 0x0000000703c00000| Complete 
|  31|0x0000000703e00000, 0x0000000703e00000, 0x0000000704000000|  0%| F|  |TAMS 0x0000000703e00000, 0x0000000703e00000| Untracked 
|  32|0x0000000704000000, 0x0000000704000000, 0x0000000704200000|  0%| F|  |TAMS 0x0000000704000000, 0x0000000704000000| Untracked 
|  33|0x0000000704200000, 0x0000000704200000, 0x0000000704400000|  0%| F|  |TAMS 0x0000000704200000, 0x0000000704200000| Untracked 
|  34|0x0000000704400000, 0x0000000704400000, 0x0000000704600000|  0%| F|  |TAMS 0x0000000704400000, 0x0000000704400000| Untracked 
|  35|0x0000000704600000, 0x0000000704800000, 0x0000000704800000|100%| O|  |TAMS 0x0000000704800000, 0x0000000704600000| Untracked 
|  36|0x0000000704800000, 0x0000000704800000, 0x0000000704a00000|  0%| F|  |TAMS 0x0000000704800000, 0x0000000704800000| Untracked 
|  37|0x0000000704a00000, 0x0000000704a00000, 0x0000000704c00000|  0%| F|  |TAMS 0x0000000704a00000, 0x0000000704a00000| Untracked 
|  38|0x0000000704c00000, 0x0000000704c00000, 0x0000000704e00000|  0%| F|  |TAMS 0x0000000704c00000, 0x0000000704c00000| Untracked 
|  39|0x0000000704e00000, 0x0000000704e00000, 0x0000000705000000|  0%| F|  |TAMS 0x0000000704e00000, 0x0000000704e00000| Untracked 
|  40|0x0000000705000000, 0x0000000705000000, 0x0000000705200000|  0%| F|  |TAMS 0x0000000705000000, 0x0000000705000000| Untracked 
|  41|0x0000000705200000, 0x0000000705200000, 0x0000000705400000|  0%| F|  |TAMS 0x0000000705200000, 0x0000000705200000| Untracked 
|  42|0x0000000705400000, 0x0000000705400000, 0x0000000705600000|  0%| F|  |TAMS 0x0000000705400000, 0x0000000705400000| Untracked 
|  43|0x0000000705600000, 0x0000000705600000, 0x0000000705800000|  0%| F|  |TAMS 0x0000000705600000, 0x0000000705600000| Untracked 
|  44|0x0000000705800000, 0x0000000705800000, 0x0000000705a00000|  0%| F|  |TAMS 0x0000000705800000, 0x0000000705800000| Untracked 
|  45|0x0000000705a00000, 0x0000000705a00000, 0x0000000705c00000|  0%| F|  |TAMS 0x0000000705a00000, 0x0000000705a00000| Untracked 
|  46|0x0000000705c00000, 0x0000000705c00000, 0x0000000705e00000|  0%| F|  |TAMS 0x0000000705c00000, 0x0000000705c00000| Untracked 
|  47|0x0000000705e00000, 0x0000000705e00000, 0x0000000706000000|  0%| F|  |TAMS 0x0000000705e00000, 0x0000000705e00000| Untracked 
|  48|0x0000000706000000, 0x0000000706000000, 0x0000000706200000|  0%| F|  |TAMS 0x0000000706000000, 0x0000000706000000| Untracked 
|  49|0x0000000706200000, 0x0000000706200000, 0x0000000706400000|  0%| F|  |TAMS 0x0000000706200000, 0x0000000706200000| Untracked 
|  50|0x0000000706400000, 0x0000000706400000, 0x0000000706600000|  0%| F|  |TAMS 0x0000000706400000, 0x0000000706400000| Untracked 
|  51|0x0000000706600000, 0x0000000706600000, 0x0000000706800000|  0%| F|  |TAMS 0x0000000706600000, 0x0000000706600000| Untracked 
|  52|0x0000000706800000, 0x0000000706a00000, 0x0000000706a00000|100%| O|  |TAMS 0x0000000706a00000, 0x0000000706800000| Complete 
|  53|0x0000000706a00000, 0x0000000706c00000, 0x0000000706c00000|100%| O|  |TAMS 0x0000000706c00000, 0x0000000706a00000| Complete 
|  54|0x0000000706c00000, 0x0000000706e00000, 0x0000000706e00000|100%| O|  |TAMS 0x0000000706e00000, 0x0000000706c00000| Complete 
|  55|0x0000000706e00000, 0x0000000707000000, 0x0000000707000000|100%| O|  |TAMS 0x0000000707000000, 0x0000000706e00000| Complete 
|  56|0x0000000707000000, 0x0000000707200000, 0x0000000707200000|100%| O|  |TAMS 0x0000000707200000, 0x0000000707000000| Complete 
|  57|0x0000000707200000, 0x0000000707400000, 0x0000000707400000|100%| O|  |TAMS 0x0000000707400000, 0x0000000707200000| Complete 
|  58|0x0000000707400000, 0x0000000707400000, 0x0000000707600000|  0%| F|  |TAMS 0x0000000707400000, 0x0000000707400000| Untracked 
|  59|0x0000000707600000, 0x0000000707800000, 0x0000000707800000|100%| O|  |TAMS 0x0000000707800000, 0x0000000707600000| Complete 
|  60|0x0000000707800000, 0x0000000707a00000, 0x0000000707a00000|100%| O|  |TAMS 0x0000000707a00000, 0x0000000707800000| Complete 
|  61|0x0000000707a00000, 0x0000000707c00000, 0x0000000707c00000|100%| O|  |TAMS 0x0000000707c00000, 0x0000000707a00000| Complete 
|  62|0x0000000707c00000, 0x0000000707e00000, 0x0000000707e00000|100%| O|  |TAMS 0x0000000707e00000, 0x0000000707c00000| Untracked 
|  63|0x0000000707e00000, 0x0000000708000000, 0x0000000708000000|100%| O|  |TAMS 0x0000000708000000, 0x0000000707e00000| Untracked 
|  64|0x0000000708000000, 0x0000000708200000, 0x0000000708200000|100%| O|  |TAMS 0x0000000708200000, 0x0000000708000000| Complete 
|  65|0x0000000708200000, 0x0000000708400000, 0x0000000708400000|100%| O|  |TAMS 0x0000000708400000, 0x0000000708200000| Complete 
|  66|0x0000000708400000, 0x0000000708400000, 0x0000000708600000|  0%| F|  |TAMS 0x0000000708400000, 0x0000000708400000| Untracked 
|  67|0x0000000708600000, 0x0000000708600000, 0x0000000708800000|  0%| F|  |TAMS 0x0000000708600000, 0x0000000708600000| Untracked 
|  68|0x0000000708800000, 0x0000000708800000, 0x0000000708a00000|  0%| F|  |TAMS 0x0000000708800000, 0x0000000708800000| Untracked 
|  69|0x0000000708a00000, 0x0000000708a00000, 0x0000000708c00000|  0%| F|  |TAMS 0x0000000708a00000, 0x0000000708a00000| Untracked 
|  70|0x0000000708c00000, 0x0000000708c00000, 0x0000000708e00000|  0%| F|  |TAMS 0x0000000708c00000, 0x0000000708c00000| Untracked 
|  71|0x0000000708e00000, 0x0000000709000000, 0x0000000709000000|100%| O|  |TAMS 0x0000000709000000, 0x0000000708e00000| Complete 
|  72|0x0000000709000000, 0x0000000709200000, 0x0000000709200000|100%| O|  |TAMS 0x0000000709200000, 0x0000000709000000| Complete 
|  73|0x0000000709200000, 0x0000000709400000, 0x0000000709400000|100%| O|  |TAMS 0x0000000709400000, 0x0000000709200000| Complete 
|  74|0x0000000709400000, 0x0000000709400000, 0x0000000709600000|  0%| F|  |TAMS 0x0000000709400000, 0x0000000709400000| Untracked 
|  75|0x0000000709600000, 0x0000000709800000, 0x0000000709800000|100%| O|  |TAMS 0x0000000709800000, 0x0000000709600000| Complete 
|  76|0x0000000709800000, 0x0000000709a00000, 0x0000000709a00000|100%| O|  |TAMS 0x0000000709a00000, 0x0000000709800000| Complete 
|  77|0x0000000709a00000, 0x0000000709c00000, 0x0000000709c00000|100%| O|  |TAMS 0x0000000709c00000, 0x0000000709a00000| Complete 
|  78|0x0000000709c00000, 0x0000000709c00000, 0x0000000709e00000|  0%| F|  |TAMS 0x0000000709c00000, 0x0000000709c00000| Untracked 
|  79|0x0000000709e00000, 0x0000000709e00000, 0x000000070a000000|  0%| F|  |TAMS 0x0000000709e00000, 0x0000000709e00000| Untracked 
|  80|0x000000070a000000, 0x000000070a000000, 0x000000070a200000|  0%| F|  |TAMS 0x000000070a000000, 0x000000070a000000| Untracked 
|  81|0x000000070a200000, 0x000000070a200000, 0x000000070a400000|  0%| F|  |TAMS 0x000000070a200000, 0x000000070a200000| Untracked 
|  82|0x000000070a400000, 0x000000070a400000, 0x000000070a600000|  0%| F|  |TAMS 0x000000070a400000, 0x000000070a400000| Untracked 
|  83|0x000000070a600000, 0x000000070a600000, 0x000000070a800000|  0%| F|  |TAMS 0x000000070a600000, 0x000000070a600000| Untracked 
|  84|0x000000070a800000, 0x000000070a800000, 0x000000070aa00000|  0%| F|  |TAMS 0x000000070a800000, 0x000000070a800000| Untracked 
|  85|0x000000070aa00000, 0x000000070aa00000, 0x000000070ac00000|  0%| F|  |TAMS 0x000000070aa00000, 0x000000070aa00000| Untracked 
|  86|0x000000070ac00000, 0x000000070ac00000, 0x000000070ae00000|  0%| F|  |TAMS 0x000000070ac00000, 0x000000070ac00000| Untracked 
|  87|0x000000070ae00000, 0x000000070ae00000, 0x000000070b000000|  0%| F|  |TAMS 0x000000070ae00000, 0x000000070ae00000| Untracked 
|  88|0x000000070b000000, 0x000000070b000000, 0x000000070b200000|  0%| F|  |TAMS 0x000000070b000000, 0x000000070b000000| Untracked 
|  89|0x000000070b200000, 0x000000070b200000, 0x000000070b400000|  0%| F|  |TAMS 0x000000070b200000, 0x000000070b200000| Untracked 
|  90|0x000000070b400000, 0x000000070b400000, 0x000000070b600000|  0%| F|  |TAMS 0x000000070b400000, 0x000000070b400000| Untracked 
|  91|0x000000070b600000, 0x000000070b600000, 0x000000070b800000|  0%| F|  |TAMS 0x000000070b600000, 0x000000070b600000| Untracked 
|  92|0x000000070b800000, 0x000000070b800000, 0x000000070ba00000|  0%| F|  |TAMS 0x000000070b800000, 0x000000070b800000| Untracked 
|  93|0x000000070ba00000, 0x000000070ba00000, 0x000000070bc00000|  0%| F|  |TAMS 0x000000070ba00000, 0x000000070ba00000| Untracked 
|  94|0x000000070bc00000, 0x000000070bc00000, 0x000000070be00000|  0%| F|  |TAMS 0x000000070bc00000, 0x000000070bc00000| Untracked 
|  95|0x000000070be00000, 0x000000070be00000, 0x000000070c000000|  0%| F|  |TAMS 0x000000070be00000, 0x000000070be00000| Untracked 
|  96|0x000000070c000000, 0x000000070c000000, 0x000000070c200000|  0%| F|  |TAMS 0x000000070c000000, 0x000000070c000000| Untracked 
|  97|0x000000070c200000, 0x000000070c200000, 0x000000070c400000|  0%| F|  |TAMS 0x000000070c200000, 0x000000070c200000| Untracked 
|  98|0x000000070c400000, 0x000000070c400000, 0x000000070c600000|  0%| F|  |TAMS 0x000000070c400000, 0x000000070c400000| Untracked 
|  99|0x000000070c600000, 0x000000070c600000, 0x000000070c800000|  0%| F|  |TAMS 0x000000070c600000, 0x000000070c600000| Untracked 
| 100|0x000000070c800000, 0x000000070ca00000, 0x000000070ca00000|100%| O|  |TAMS 0x000000070ca00000, 0x000000070c800000| Complete 
| 101|0x000000070ca00000, 0x000000070cc00000, 0x000000070cc00000|100%| O|  |TAMS 0x000000070cc00000, 0x000000070ca00000| Untracked 
| 102|0x000000070cc00000, 0x000000070ce00000, 0x000000070ce00000|100%| O|  |TAMS 0x000000070ce00000, 0x000000070cc00000| Untracked 
| 103|0x000000070ce00000, 0x000000070d000000, 0x000000070d000000|100%| O|  |TAMS 0x000000070d000000, 0x000000070ce00000| Untracked 
| 104|0x000000070d000000, 0x000000070d200000, 0x000000070d200000|100%| O|  |TAMS 0x000000070d200000, 0x000000070d000000| Complete 
| 105|0x000000070d200000, 0x000000070d400000, 0x000000070d400000|100%| O|  |TAMS 0x000000070d400000, 0x000000070d200000| Untracked 
| 106|0x000000070d400000, 0x000000070d600000, 0x000000070d600000|100%| O|  |TAMS 0x000000070d600000, 0x000000070d400000| Complete 
| 107|0x000000070d600000, 0x000000070d800000, 0x000000070d800000|100%| O|  |TAMS 0x000000070d800000, 0x000000070d600000| Complete 
| 108|0x000000070d800000, 0x000000070da00000, 0x000000070da00000|100%| O|  |TAMS 0x000000070da00000, 0x000000070d800000| Complete 
| 109|0x000000070da00000, 0x000000070dc00000, 0x000000070dc00000|100%| O|  |TAMS 0x000000070dc00000, 0x000000070da00000| Complete 
| 110|0x000000070dc00000, 0x000000070de00000, 0x000000070de00000|100%| O|  |TAMS 0x000000070de00000, 0x000000070dc00000| Untracked 
| 111|0x000000070de00000, 0x000000070e000000, 0x000000070e000000|100%| O|  |TAMS 0x000000070e000000, 0x000000070de00000| Complete 
| 112|0x000000070e000000, 0x000000070e200000, 0x000000070e200000|100%| O|  |TAMS 0x000000070e200000, 0x000000070e000000| Complete 
| 113|0x000000070e200000, 0x000000070e400000, 0x000000070e400000|100%| O|  |TAMS 0x000000070e400000, 0x000000070e200000| Complete 
| 114|0x000000070e400000, 0x000000070e600000, 0x000000070e600000|100%| O|  |TAMS 0x000000070e4dd200, 0x000000070e400000| Untracked 
| 115|0x000000070e600000, 0x000000070e800000, 0x000000070e800000|100%| O|  |TAMS 0x000000070e600000, 0x000000070e600000| Untracked 
| 116|0x000000070e800000, 0x000000070ea00000, 0x000000070ea00000|100%| O|  |TAMS 0x000000070e800000, 0x000000070e800000| Untracked 
| 117|0x000000070ea00000, 0x000000070ec00000, 0x000000070ec00000|100%| O|  |TAMS 0x000000070ea00000, 0x000000070ea00000| Untracked 
| 118|0x000000070ec00000, 0x000000070ee00000, 0x000000070ee00000|100%| O|  |TAMS 0x000000070ec00000, 0x000000070ec00000| Untracked 
| 119|0x000000070ee00000, 0x000000070f000000, 0x000000070f000000|100%| O|  |TAMS 0x000000070ee00000, 0x000000070ee00000| Untracked 
| 120|0x000000070f000000, 0x000000070f200000, 0x000000070f200000|100%| O|  |TAMS 0x000000070f000000, 0x000000070f000000| Untracked 
| 121|0x000000070f200000, 0x000000070f400000, 0x000000070f400000|100%| O|  |TAMS 0x000000070f200000, 0x000000070f200000| Untracked 
| 122|0x000000070f400000, 0x000000070f600000, 0x000000070f600000|100%| O|  |TAMS 0x000000070f400000, 0x000000070f400000| Untracked 
| 123|0x000000070f600000, 0x000000070f800000, 0x000000070f800000|100%| O|  |TAMS 0x000000070f600000, 0x000000070f600000| Untracked 
| 124|0x000000070f800000, 0x000000070fa00000, 0x000000070fa00000|100%| O|  |TAMS 0x000000070f800000, 0x000000070f800000| Untracked 
| 125|0x000000070fa00000, 0x000000070fc00000, 0x000000070fc00000|100%| O|  |TAMS 0x000000070fa00000, 0x000000070fa00000| Untracked 
| 126|0x000000070fc00000, 0x000000070fe00000, 0x000000070fe00000|100%| O|  |TAMS 0x000000070fc00000, 0x000000070fc00000| Untracked 
| 127|0x000000070fe00000, 0x0000000710000000, 0x0000000710000000|100%| O|  |TAMS 0x000000070fe00000, 0x000000070fe00000| Untracked 
| 128|0x0000000710000000, 0x0000000710200000, 0x0000000710200000|100%| O|  |TAMS 0x0000000710000000, 0x0000000710000000| Untracked 
| 129|0x0000000710200000, 0x0000000710400000, 0x0000000710400000|100%| O|  |TAMS 0x0000000710200000, 0x0000000710200000| Untracked 
| 130|0x0000000710400000, 0x0000000710600000, 0x0000000710600000|100%| O|  |TAMS 0x0000000710400000, 0x0000000710400000| Untracked 
| 131|0x0000000710600000, 0x0000000710800000, 0x0000000710800000|100%| O|  |TAMS 0x0000000710600000, 0x0000000710600000| Untracked 
| 132|0x0000000710800000, 0x0000000710a00000, 0x0000000710a00000|100%| O|  |TAMS 0x0000000710800000, 0x0000000710800000| Untracked 
| 133|0x0000000710a00000, 0x0000000710c00000, 0x0000000710c00000|100%| O|  |TAMS 0x0000000710a00000, 0x0000000710a00000| Untracked 
| 134|0x0000000710c00000, 0x0000000710e00000, 0x0000000710e00000|100%| O|  |TAMS 0x0000000710c00000, 0x0000000710c00000| Untracked 
| 135|0x0000000710e00000, 0x0000000711000000, 0x0000000711000000|100%| O|  |TAMS 0x0000000710e00000, 0x0000000710e00000| Untracked 
| 136|0x0000000711000000, 0x0000000711200000, 0x0000000711200000|100%| O|  |TAMS 0x0000000711000000, 0x0000000711000000| Untracked 
| 137|0x0000000711200000, 0x0000000711400000, 0x0000000711400000|100%| O|  |TAMS 0x0000000711200000, 0x0000000711200000| Untracked 
| 138|0x0000000711400000, 0x0000000711600000, 0x0000000711600000|100%| O|  |TAMS 0x0000000711400000, 0x0000000711400000| Untracked 
| 139|0x0000000711600000, 0x0000000711800000, 0x0000000711800000|100%| O|  |TAMS 0x0000000711600000, 0x0000000711600000| Untracked 
| 140|0x0000000711800000, 0x0000000711a00000, 0x0000000711a00000|100%| O|  |TAMS 0x0000000711800000, 0x0000000711800000| Untracked 
| 141|0x0000000711a00000, 0x0000000711c00000, 0x0000000711c00000|100%| O|  |TAMS 0x0000000711a00000, 0x0000000711a00000| Untracked 
| 142|0x0000000711c00000, 0x0000000711e00000, 0x0000000711e00000|100%| O|  |TAMS 0x0000000711c00000, 0x0000000711c00000| Untracked 
| 143|0x0000000711e00000, 0x0000000712000000, 0x0000000712000000|100%| O|  |TAMS 0x0000000711e00000, 0x0000000711e00000| Untracked 
| 144|0x0000000712000000, 0x0000000712200000, 0x0000000712200000|100%| O|  |TAMS 0x0000000712000000, 0x0000000712000000| Untracked 
| 145|0x0000000712200000, 0x0000000712200000, 0x0000000712400000|  0%| F|  |TAMS 0x0000000712200000, 0x0000000712200000| Untracked 
| 146|0x0000000712400000, 0x0000000712400000, 0x0000000712600000|  0%| F|  |TAMS 0x0000000712400000, 0x0000000712400000| Untracked 
| 147|0x0000000712600000, 0x0000000712600000, 0x0000000712800000|  0%| F|  |TAMS 0x0000000712600000, 0x0000000712600000| Untracked 
| 148|0x0000000712800000, 0x0000000712800000, 0x0000000712a00000|  0%| F|  |TAMS 0x0000000712800000, 0x0000000712800000| Untracked 
| 149|0x0000000712a00000, 0x0000000712a00000, 0x0000000712c00000|  0%| F|  |TAMS 0x0000000712a00000, 0x0000000712a00000| Untracked 
| 150|0x0000000712c00000, 0x0000000712c00000, 0x0000000712e00000|  0%| F|  |TAMS 0x0000000712c00000, 0x0000000712c00000| Untracked 
| 151|0x0000000712e00000, 0x0000000712e00000, 0x0000000713000000|  0%| F|  |TAMS 0x0000000712e00000, 0x0000000712e00000| Untracked 
| 152|0x0000000713000000, 0x0000000713000000, 0x0000000713200000|  0%| F|  |TAMS 0x0000000713000000, 0x0000000713000000| Untracked 
| 153|0x0000000713200000, 0x0000000713200000, 0x0000000713400000|  0%| F|  |TAMS 0x0000000713200000, 0x0000000713200000| Untracked 
| 154|0x0000000713400000, 0x0000000713400000, 0x0000000713600000|  0%| F|  |TAMS 0x0000000713400000, 0x0000000713400000| Untracked 
| 155|0x0000000713600000, 0x0000000713600000, 0x0000000713800000|  0%| F|  |TAMS 0x0000000713600000, 0x0000000713600000| Untracked 
| 156|0x0000000713800000, 0x0000000713800000, 0x0000000713a00000|  0%| F|  |TAMS 0x0000000713800000, 0x0000000713800000| Untracked 
| 157|0x0000000713a00000, 0x0000000713a00000, 0x0000000713c00000|  0%| F|  |TAMS 0x0000000713a00000, 0x0000000713a00000| Untracked 
| 158|0x0000000713c00000, 0x0000000713c00000, 0x0000000713e00000|  0%| F|  |TAMS 0x0000000713c00000, 0x0000000713c00000| Untracked 
| 159|0x0000000713e00000, 0x0000000713e00000, 0x0000000714000000|  0%| F|  |TAMS 0x0000000713e00000, 0x0000000713e00000| Untracked 
| 160|0x0000000714000000, 0x0000000714000000, 0x0000000714200000|  0%| F|  |TAMS 0x0000000714000000, 0x0000000714000000| Untracked 
| 161|0x0000000714200000, 0x0000000714200000, 0x0000000714400000|  0%| F|  |TAMS 0x0000000714200000, 0x0000000714200000| Untracked 
| 162|0x0000000714400000, 0x0000000714400000, 0x0000000714600000|  0%| F|  |TAMS 0x0000000714400000, 0x0000000714400000| Untracked 
| 163|0x0000000714600000, 0x0000000714600000, 0x0000000714800000|  0%| F|  |TAMS 0x0000000714600000, 0x0000000714600000| Untracked 
| 164|0x0000000714800000, 0x0000000714800000, 0x0000000714a00000|  0%| F|  |TAMS 0x0000000714800000, 0x0000000714800000| Untracked 
| 165|0x0000000714a00000, 0x0000000714a00000, 0x0000000714c00000|  0%| F|  |TAMS 0x0000000714a00000, 0x0000000714a00000| Untracked 
| 166|0x0000000714c00000, 0x0000000714c00000, 0x0000000714e00000|  0%| F|  |TAMS 0x0000000714c00000, 0x0000000714c00000| Untracked 
| 167|0x0000000714e00000, 0x0000000714e00000, 0x0000000715000000|  0%| F|  |TAMS 0x0000000714e00000, 0x0000000714e00000| Untracked 
| 168|0x0000000715000000, 0x0000000715000000, 0x0000000715200000|  0%| F|  |TAMS 0x0000000715000000, 0x0000000715000000| Untracked 
| 169|0x0000000715200000, 0x0000000715200000, 0x0000000715400000|  0%| F|  |TAMS 0x0000000715200000, 0x0000000715200000| Untracked 
| 170|0x0000000715400000, 0x0000000715400000, 0x0000000715600000|  0%| F|  |TAMS 0x0000000715400000, 0x0000000715400000| Untracked 
| 171|0x0000000715600000, 0x0000000715600000, 0x0000000715800000|  0%| F|  |TAMS 0x0000000715600000, 0x0000000715600000| Untracked 
| 172|0x0000000715800000, 0x0000000715800000, 0x0000000715a00000|  0%| F|  |TAMS 0x0000000715800000, 0x0000000715800000| Untracked 
| 173|0x0000000715a00000, 0x0000000715a00000, 0x0000000715c00000|  0%| F|  |TAMS 0x0000000715a00000, 0x0000000715a00000| Untracked 
| 174|0x0000000715c00000, 0x0000000715c00000, 0x0000000715e00000|  0%| F|  |TAMS 0x0000000715c00000, 0x0000000715c00000| Untracked 
| 175|0x0000000715e00000, 0x0000000715e00000, 0x0000000716000000|  0%| F|  |TAMS 0x0000000715e00000, 0x0000000715e00000| Untracked 
| 176|0x0000000716000000, 0x0000000716000000, 0x0000000716200000|  0%| F|  |TAMS 0x0000000716000000, 0x0000000716000000| Untracked 
| 177|0x0000000716200000, 0x0000000716200000, 0x0000000716400000|  0%| F|  |TAMS 0x0000000716200000, 0x0000000716200000| Untracked 
| 178|0x0000000716400000, 0x0000000716400000, 0x0000000716600000|  0%| F|  |TAMS 0x0000000716400000, 0x0000000716400000| Untracked 
| 179|0x0000000716600000, 0x0000000716600000, 0x0000000716800000|  0%| F|  |TAMS 0x0000000716600000, 0x0000000716600000| Untracked 
| 180|0x0000000716800000, 0x0000000716800000, 0x0000000716a00000|  0%| F|  |TAMS 0x0000000716800000, 0x0000000716800000| Untracked 
| 181|0x0000000716a00000, 0x0000000716a00000, 0x0000000716c00000|  0%| F|  |TAMS 0x0000000716a00000, 0x0000000716a00000| Untracked 
| 182|0x0000000716c00000, 0x0000000716c00000, 0x0000000716e00000|  0%| F|  |TAMS 0x0000000716c00000, 0x0000000716c00000| Untracked 
| 183|0x0000000716e00000, 0x0000000716e00000, 0x0000000717000000|  0%| F|  |TAMS 0x0000000716e00000, 0x0000000716e00000| Untracked 
| 184|0x0000000717000000, 0x0000000717000000, 0x0000000717200000|  0%| F|  |TAMS 0x0000000717000000, 0x0000000717000000| Untracked 
| 185|0x0000000717200000, 0x0000000717200000, 0x0000000717400000|  0%| F|  |TAMS 0x0000000717200000, 0x0000000717200000| Untracked 
| 186|0x0000000717400000, 0x0000000717400000, 0x0000000717600000|  0%| F|  |TAMS 0x0000000717400000, 0x0000000717400000| Untracked 
| 187|0x0000000717600000, 0x0000000717600000, 0x0000000717800000|  0%| F|  |TAMS 0x0000000717600000, 0x0000000717600000| Untracked 
| 188|0x0000000717800000, 0x0000000717800000, 0x0000000717a00000|  0%| F|  |TAMS 0x0000000717800000, 0x0000000717800000| Untracked 
| 189|0x0000000717a00000, 0x0000000717a00000, 0x0000000717c00000|  0%| F|  |TAMS 0x0000000717a00000, 0x0000000717a00000| Untracked 
| 190|0x0000000717c00000, 0x0000000717c00000, 0x0000000717e00000|  0%| F|  |TAMS 0x0000000717c00000, 0x0000000717c00000| Untracked 
| 191|0x0000000717e00000, 0x0000000717e00000, 0x0000000718000000|  0%| F|  |TAMS 0x0000000717e00000, 0x0000000717e00000| Untracked 
| 192|0x0000000718000000, 0x0000000718000000, 0x0000000718200000|  0%| F|  |TAMS 0x0000000718000000, 0x0000000718000000| Untracked 
| 193|0x0000000718200000, 0x0000000718200000, 0x0000000718400000|  0%| F|  |TAMS 0x0000000718200000, 0x0000000718200000| Untracked 
| 194|0x0000000718400000, 0x0000000718400000, 0x0000000718600000|  0%| F|  |TAMS 0x0000000718400000, 0x0000000718400000| Untracked 
| 195|0x0000000718600000, 0x0000000718600000, 0x0000000718800000|  0%| F|  |TAMS 0x0000000718600000, 0x0000000718600000| Untracked 
| 196|0x0000000718800000, 0x0000000718800000, 0x0000000718a00000|  0%| F|  |TAMS 0x0000000718800000, 0x0000000718800000| Untracked 
| 197|0x0000000718a00000, 0x0000000718a00000, 0x0000000718c00000|  0%| F|  |TAMS 0x0000000718a00000, 0x0000000718a00000| Untracked 
| 198|0x0000000718c00000, 0x0000000718c00000, 0x0000000718e00000|  0%| F|  |TAMS 0x0000000718c00000, 0x0000000718c00000| Untracked 
| 199|0x0000000718e00000, 0x0000000718e00000, 0x0000000719000000|  0%| F|  |TAMS 0x0000000718e00000, 0x0000000718e00000| Untracked 
| 200|0x0000000719000000, 0x0000000719000000, 0x0000000719200000|  0%| F|  |TAMS 0x0000000719000000, 0x0000000719000000| Untracked 
| 201|0x0000000719200000, 0x0000000719200000, 0x0000000719400000|  0%| F|  |TAMS 0x0000000719200000, 0x0000000719200000| Untracked 
| 202|0x0000000719400000, 0x0000000719400000, 0x0000000719600000|  0%| F|  |TAMS 0x0000000719400000, 0x0000000719400000| Untracked 
| 203|0x0000000719600000, 0x0000000719600000, 0x0000000719800000|  0%| F|  |TAMS 0x0000000719600000, 0x0000000719600000| Untracked 
| 204|0x0000000719800000, 0x0000000719800000, 0x0000000719a00000|  0%| F|  |TAMS 0x0000000719800000, 0x0000000719800000| Untracked 
| 205|0x0000000719a00000, 0x0000000719a00000, 0x0000000719c00000|  0%| F|  |TAMS 0x0000000719a00000, 0x0000000719a00000| Untracked 
| 206|0x0000000719c00000, 0x0000000719c00000, 0x0000000719e00000|  0%| F|  |TAMS 0x0000000719c00000, 0x0000000719c00000| Untracked 
| 207|0x0000000719e00000, 0x0000000719e00000, 0x000000071a000000|  0%| F|  |TAMS 0x0000000719e00000, 0x0000000719e00000| Untracked 
| 208|0x000000071a000000, 0x000000071a000000, 0x000000071a200000|  0%| F|  |TAMS 0x000000071a000000, 0x000000071a000000| Untracked 
| 209|0x000000071a200000, 0x000000071a200000, 0x000000071a400000|  0%| F|  |TAMS 0x000000071a200000, 0x000000071a200000| Untracked 
| 210|0x000000071a400000, 0x000000071a400000, 0x000000071a600000|  0%| F|  |TAMS 0x000000071a400000, 0x000000071a400000| Untracked 
| 211|0x000000071a600000, 0x000000071a600000, 0x000000071a800000|  0%| F|  |TAMS 0x000000071a600000, 0x000000071a600000| Untracked 
| 212|0x000000071a800000, 0x000000071a800000, 0x000000071aa00000|  0%| F|  |TAMS 0x000000071a800000, 0x000000071a800000| Untracked 
| 213|0x000000071aa00000, 0x000000071aa00000, 0x000000071ac00000|  0%| F|  |TAMS 0x000000071aa00000, 0x000000071aa00000| Untracked 
| 214|0x000000071ac00000, 0x000000071ae00000, 0x000000071ae00000|100%| S|CS|TAMS 0x000000071ac00000, 0x000000071ac00000| Complete 
| 215|0x000000071ae00000, 0x000000071b000000, 0x000000071b000000|100%| S|CS|TAMS 0x000000071ae00000, 0x000000071ae00000| Complete 
| 216|0x000000071b000000, 0x000000071b200000, 0x000000071b200000|100%| S|CS|TAMS 0x000000071b000000, 0x000000071b000000| Complete 
| 217|0x000000071b200000, 0x000000071b400000, 0x000000071b400000|100%| S|CS|TAMS 0x000000071b200000, 0x000000071b200000| Complete 
| 218|0x000000071b400000, 0x000000071b600000, 0x000000071b600000|100%| S|CS|TAMS 0x000000071b400000, 0x000000071b400000| Complete 
| 219|0x000000071b600000, 0x000000071b600000, 0x000000071b800000|  0%| F|  |TAMS 0x000000071b600000, 0x000000071b600000| Untracked 
| 220|0x000000071b800000, 0x000000071b800000, 0x000000071ba00000|  0%| F|  |TAMS 0x000000071b800000, 0x000000071b800000| Untracked 
| 221|0x000000071ba00000, 0x000000071ba00000, 0x000000071bc00000|  0%| F|  |TAMS 0x000000071ba00000, 0x000000071ba00000| Untracked 
| 222|0x000000071bc00000, 0x000000071bc00000, 0x000000071be00000|  0%| F|  |TAMS 0x000000071bc00000, 0x000000071bc00000| Untracked 
| 223|0x000000071be00000, 0x000000071be00000, 0x000000071c000000|  0%| F|  |TAMS 0x000000071be00000, 0x000000071be00000| Untracked 
| 224|0x000000071c000000, 0x000000071c000000, 0x000000071c200000|  0%| F|  |TAMS 0x000000071c000000, 0x000000071c000000| Untracked 
| 225|0x000000071c200000, 0x000000071c200000, 0x000000071c400000|  0%| F|  |TAMS 0x000000071c200000, 0x000000071c200000| Untracked 
| 226|0x000000071c400000, 0x000000071c400000, 0x000000071c600000|  0%| F|  |TAMS 0x000000071c400000, 0x000000071c400000| Untracked 
| 227|0x000000071c600000, 0x000000071c600000, 0x000000071c800000|  0%| F|  |TAMS 0x000000071c600000, 0x000000071c600000| Untracked 
| 228|0x000000071c800000, 0x000000071c800000, 0x000000071ca00000|  0%| F|  |TAMS 0x000000071c800000, 0x000000071c800000| Untracked 
| 229|0x000000071ca00000, 0x000000071ca00000, 0x000000071cc00000|  0%| F|  |TAMS 0x000000071ca00000, 0x000000071ca00000| Untracked 
| 230|0x000000071cc00000, 0x000000071cc00000, 0x000000071ce00000|  0%| F|  |TAMS 0x000000071cc00000, 0x000000071cc00000| Untracked 
| 231|0x000000071ce00000, 0x000000071ce00000, 0x000000071d000000|  0%| F|  |TAMS 0x000000071ce00000, 0x000000071ce00000| Untracked 
| 232|0x000000071d000000, 0x000000071d000000, 0x000000071d200000|  0%| F|  |TAMS 0x000000071d000000, 0x000000071d000000| Untracked 
| 233|0x000000071d200000, 0x000000071d200000, 0x000000071d400000|  0%| F|  |TAMS 0x000000071d200000, 0x000000071d200000| Untracked 
| 234|0x000000071d400000, 0x000000071d400000, 0x000000071d600000|  0%| F|  |TAMS 0x000000071d400000, 0x000000071d400000| Untracked 
| 235|0x000000071d600000, 0x000000071d600000, 0x000000071d800000|  0%| F|  |TAMS 0x000000071d600000, 0x000000071d600000| Untracked 
| 236|0x000000071d800000, 0x000000071d800000, 0x000000071da00000|  0%| F|  |TAMS 0x000000071d800000, 0x000000071d800000| Untracked 
| 237|0x000000071da00000, 0x000000071da00000, 0x000000071dc00000|  0%| F|  |TAMS 0x000000071da00000, 0x000000071da00000| Untracked 
| 238|0x000000071dc00000, 0x000000071dc00000, 0x000000071de00000|  0%| F|  |TAMS 0x000000071dc00000, 0x000000071dc00000| Untracked 
| 239|0x000000071de00000, 0x000000071de00000, 0x000000071e000000|  0%| F|  |TAMS 0x000000071de00000, 0x000000071de00000| Untracked 
| 240|0x000000071e000000, 0x000000071e000000, 0x000000071e200000|  0%| F|  |TAMS 0x000000071e000000, 0x000000071e000000| Untracked 
| 241|0x000000071e200000, 0x000000071e200000, 0x000000071e400000|  0%| F|  |TAMS 0x000000071e200000, 0x000000071e200000| Untracked 
| 242|0x000000071e400000, 0x000000071e400000, 0x000000071e600000|  0%| F|  |TAMS 0x000000071e400000, 0x000000071e400000| Untracked 
| 243|0x000000071e600000, 0x000000071e600000, 0x000000071e800000|  0%| F|  |TAMS 0x000000071e600000, 0x000000071e600000| Untracked 
| 244|0x000000071e800000, 0x000000071e800000, 0x000000071ea00000|  0%| F|  |TAMS 0x000000071e800000, 0x000000071e800000| Untracked 
| 245|0x000000071ea00000, 0x000000071ea00000, 0x000000071ec00000|  0%| F|  |TAMS 0x000000071ea00000, 0x000000071ea00000| Untracked 
| 246|0x000000071ec00000, 0x000000071ec00000, 0x000000071ee00000|  0%| F|  |TAMS 0x000000071ec00000, 0x000000071ec00000| Untracked 
| 247|0x000000071ee00000, 0x000000071ee00000, 0x000000071f000000|  0%| F|  |TAMS 0x000000071ee00000, 0x000000071ee00000| Untracked 

Card table byte_map: [0x000002a618780000,0x000002a618f80000] _byte_map_base: 0x000002a614f80000

Marking Bits (Prev, Next): (CMBitMap*) 0x000002a67f85e0c0, (CMBitMap*) 0x000002a67f85e100
 Prev Bits: [0x000002a619780000, 0x000002a61d780000)
 Next Bits: [0x000002a61d780000, 0x000002a621780000)

Polling page: 0x000002a67eb70000

Metaspace:

Usage:
  Non-class:     37.82 MB used.
      Class:      4.67 MB used.
       Both:     42.48 MB used.

Virtual space:
  Non-class space:       64.00 MB reserved,      37.94 MB ( 59%) committed,  1 nodes.
      Class space:        1.00 GB reserved,       4.81 MB ( <1%) committed,  1 nodes.
             Both:        1.06 GB reserved,      42.75 MB (  4%) committed. 

Chunk freelists:
   Non-Class:  9.57 MB
       Class:  11.17 MB
        Both:  20.74 MB

MaxMetaspaceSize: unlimited
CompressedClassSpaceSize: 1.00 GB
Initial GC threshold: 21.00 MB
Current GC threshold: 71.25 MB
CDS: on
MetaspaceReclaimPolicy: balanced
 - commit_granule_bytes: 65536.
 - commit_granule_words: 8192.
 - virtual_space_node_default_size: 8388608.
 - enlarge_chunks_in_place: 1.
 - new_chunks_are_fully_committed: 0.
 - uncommit_free_chunks: 1.
 - use_allocation_guard: 0.
 - handle_deallocations: 1.


Internal statistics:

num_allocs_failed_limit: 3.
num_arena_births: 308.
num_arena_deaths: 0.
num_vsnodes_births: 2.
num_vsnodes_deaths: 0.
num_space_committed: 682.
num_space_uncommitted: 0.
num_chunks_returned_to_freelist: 3.
num_chunks_taken_from_freelist: 1512.
num_chunk_merges: 3.
num_chunk_splits: 1072.
num_chunks_enlarged: 879.
num_inconsistent_stats: 0.

CodeHeap 'non-profiled nmethods': size=119168Kb used=4619Kb max_used=4619Kb free=114548Kb
 bounds [0x000002a610a10000, 0x000002a610ea0000, 0x000002a617e70000]
CodeHeap 'profiled nmethods': size=119104Kb used=10754Kb max_used=11661Kb free=108349Kb
 bounds [0x000002a608e70000, 0x000002a6099e0000, 0x000002a6102c0000]
CodeHeap 'non-nmethods': size=7488Kb used=1437Kb max_used=3190Kb free=6050Kb
 bounds [0x000002a6102c0000, 0x000002a610640000, 0x000002a610a10000]
 total_blobs=6388 nmethods=5590 adapters=710
 compilation: enabled
              stopped_count=0, restarted_count=0
 full_count=0

Compilation events (20 events):
Event: 315.271 Thread 0x000002a62196c850 7255       4       org.eclipse.jetty.util.thread.ReservedThreadExecutor::access$500 (4 bytes)
Event: 315.272 Thread 0x000002a62196c850 nmethod 7255 0x000002a610e8f410 code [0x000002a610e8f580, 0x000002a610e8f5d8]
Event: 316.031 Thread 0x000002a62196c850 7256   !   4       java.util.zip.Deflater::deflate (413 bytes)
Event: 316.042 Thread 0x000002a62196c850 nmethod 7256 0x000002a610e8f710 code [0x000002a610e8f8a0, 0x000002a610e8fe08]
Event: 317.592 Thread 0x000002a62196c850 7257       4       org.eclipse.jetty.util.AtomicBiInteger::encodeLo (25 bytes)
Event: 317.593 Thread 0x000002a62196c850 nmethod 7257 0x000002a610e90210 code [0x000002a610e90380, 0x000002a610e903f8]
Event: 318.090 Thread 0x000002a62196c850 7258       4       org.eclipse.jetty.util.thread.Invocable::getInvocationType (4 bytes)
Event: 318.092 Thread 0x000002a62196c850 nmethod 7258 0x000002a610e90510 code [0x000002a610e90680, 0x000002a610e906f8]
Event: 324.741 Thread 0x000002a6248b90c0 7259   !   3       java.util.concurrent.ConcurrentHashMap::putVal (432 bytes)
Event: 324.748 Thread 0x000002a6248b90c0 nmethod 7259 0x000002a60957e990 code [0x000002a60957ed00, 0x000002a609580908]
Event: 328.091 Thread 0x000002a6248b90c0 7260       3       java.util.concurrent.ConcurrentHashMap::addCount (280 bytes)
Event: 328.094 Thread 0x000002a6248b90c0 nmethod 7260 0x000002a609694610 code [0x000002a609694860, 0x000002a609695238]
Event: 329.400 Thread 0x000002a62196c850 7261       4       java.io.WinNTFileSystem::resolve (275 bytes)
Event: 329.433 Thread 0x000002a62196c850 nmethod 7261 0x000002a610e90810 code [0x000002a610e909e0, 0x000002a610e91a58]
Event: 332.232 Thread 0x000002a62196c850 7262       4       spark.RouteImpl::render (2 bytes)
Event: 332.232 Thread 0x000002a62196c850 nmethod 7262 0x000002a610e92410 code [0x000002a610e92580, 0x000002a610e925f8]
Event: 337.439 Thread 0x000002a62196c850 7263       4       com.fasterxml.jackson.core.json.JsonWriteContext::<init> (49 bytes)
Event: 337.444 Thread 0x000002a62196c850 nmethod 7263 0x000002a610e92710 code [0x000002a610e92880, 0x000002a610e92bd8]
Event: 338.675 Thread 0x000002a62196c850 7264       4       org.eclipse.jetty.util.AtomicBiInteger::getHi (10 bytes)
Event: 338.675 Thread 0x000002a62196c850 nmethod 7264 0x000002a610e92c90 code [0x000002a610e92e00, 0x000002a610e92e58]

GC Heap History (20 events):
Event: 67.240 GC heap after
{Heap after GC invocations=27 (full 0):
 garbage-first heap   total 223232K, used 128606K [0x0000000700000000, 0x0000000800000000)
  region size 2048K, 1 young (2048K), 1 survivors (2048K)
 Metaspace       used 43023K, committed 43392K, reserved 1114112K
  class space    used 4762K, committed 4928K, reserved 1048576K
}
Event: 87.273 GC heap before
{Heap before GC invocations=27 (full 0):
 garbage-first heap   total 223232K, used 157278K [0x0000000700000000, 0x0000000800000000)
  region size 2048K, 15 young (30720K), 1 survivors (2048K)
 Metaspace       used 43182K, committed 43520K, reserved 1114112K
  class space    used 4774K, committed 4928K, reserved 1048576K
}
Event: 87.289 GC heap after
{Heap after GC invocations=28 (full 0):
 garbage-first heap   total 223232K, used 134672K [0x0000000700000000, 0x0000000800000000)
  region size 2048K, 2 young (4096K), 2 survivors (4096K)
 Metaspace       used 43182K, committed 43520K, reserved 1114112K
  class space    used 4774K, committed 4928K, reserved 1048576K
}
Event: 87.439 GC heap before
{Heap before GC invocations=29 (full 0):
 garbage-first heap   total 239616K, used 163344K [0x0000000700000000, 0x0000000800000000)
  region size 2048K, 16 young (32768K), 2 survivors (4096K)
 Metaspace       used 43185K, committed 43520K, reserved 1114112K
  class space    used 4774K, committed 4928K, reserved 1048576K
}
Event: 87.456 GC heap after
{Heap after GC invocations=30 (full 0):
 garbage-first heap   total 239616K, used 154196K [0x0000000700000000, 0x0000000800000000)
  region size 2048K, 2 young (4096K), 2 survivors (4096K)
 Metaspace       used 43185K, committed 43520K, reserved 1114112K
  class space    used 4774K, committed 4928K, reserved 1048576K
}
Event: 87.476 GC heap before
{Heap before GC invocations=30 (full 0):
 garbage-first heap   total 239616K, used 160340K [0x0000000700000000, 0x0000000800000000)
  region size 2048K, 5 young (10240K), 2 survivors (4096K)
 Metaspace       used 43185K, committed 43520K, reserved 1114112K
  class space    used 4774K, committed 4928K, reserved 1048576K
}
Event: 87.481 GC heap after
{Heap after GC invocations=31 (full 0):
 garbage-first heap   total 239616K, used 135854K [0x0000000700000000, 0x0000000800000000)
  region size 2048K, 1 young (2048K), 1 survivors (2048K)
 Metaspace       used 43185K, committed 43520K, reserved 1114112K
  class space    used 4774K, committed 4928K, reserved 1048576K
}
Event: 87.509 GC heap before
{Heap before GC invocations=31 (full 0):
 garbage-first heap   total 239616K, used 144046K [0x0000000700000000, 0x0000000800000000)
  region size 2048K, 5 young (10240K), 1 survivors (2048K)
 Metaspace       used 43185K, committed 43520K, reserved 1114112K
  class space    used 4774K, committed 4928K, reserved 1048576K
}
Event: 87.516 GC heap after
{Heap after GC invocations=32 (full 0):
 garbage-first heap   total 507904K, used 118089K [0x0000000700000000, 0x0000000800000000)
  region size 2048K, 1 young (2048K), 1 survivors (2048K)
 Metaspace       used 43185K, committed 43520K, reserved 1114112K
  class space    used 4774K, committed 4928K, reserved 1048576K
}
Event: 87.595 GC heap before
{Heap before GC invocations=32 (full 0):
 garbage-first heap   total 507904K, used 140617K [0x0000000700000000, 0x0000000800000000)
  region size 2048K, 12 young (24576K), 1 survivors (2048K)
 Metaspace       used 43185K, committed 43520K, reserved 1114112K
  class space    used 4774K, committed 4928K, reserved 1048576K
}
Event: 87.604 GC heap after
{Heap after GC invocations=33 (full 0):
 garbage-first heap   total 507904K, used 88796K [0x0000000700000000, 0x0000000800000000)
  region size 2048K, 2 young (4096K), 2 survivors (4096K)
 Metaspace       used 43185K, committed 43520K, reserved 1114112K
  class space    used 4774K, committed 4928K, reserved 1048576K
}
Event: 169.229 GC heap before
{Heap before GC invocations=33 (full 0):
 garbage-first heap   total 507904K, used 242396K [0x0000000700000000, 0x0000000800000000)
  region size 2048K, 77 young (157696K), 2 survivors (4096K)
 Metaspace       used 43457K, committed 43776K, reserved 1114112K
  class space    used 4776K, committed 4928K, reserved 1048576K
}
Event: 169.307 GC heap after
{Heap after GC invocations=34 (full 0):
 garbage-first heap   total 507904K, used 159942K [0x0000000700000000, 0x0000000800000000)
  region size 2048K, 10 young (20480K), 10 survivors (20480K)
 Metaspace       used 43457K, committed 43776K, reserved 1114112K
  class space    used 4776K, committed 4928K, reserved 1048576K
}
Event: 257.109 GC heap before
{Heap before GC invocations=35 (full 0):
 garbage-first heap   total 507904K, used 295110K [0x0000000700000000, 0x0000000800000000)
  region size 2048K, 76 young (155648K), 10 survivors (20480K)
 Metaspace       used 43466K, committed 43776K, reserved 1114112K
  class space    used 4776K, committed 4928K, reserved 1048576K
}
Event: 257.323 GC heap after
{Heap after GC invocations=36 (full 0):
 garbage-first heap   total 507904K, used 227287K [0x0000000700000000, 0x0000000800000000)
  region size 2048K, 10 young (20480K), 10 survivors (20480K)
 Metaspace       used 43466K, committed 43776K, reserved 1114112K
  class space    used 4776K, committed 4928K, reserved 1048576K
}
Event: 257.608 GC heap before
{Heap before GC invocations=36 (full 0):
 garbage-first heap   total 507904K, used 231383K [0x0000000700000000, 0x0000000800000000)
  region size 2048K, 12 young (24576K), 10 survivors (20480K)
 Metaspace       used 43476K, committed 43776K, reserved 1114112K
  class space    used 4776K, committed 4928K, reserved 1048576K
}
Event: 257.648 GC heap after
{Heap after GC invocations=37 (full 0):
 garbage-first heap   total 507904K, used 236404K [0x0000000700000000, 0x0000000800000000)
  region size 2048K, 2 young (4096K), 2 survivors (4096K)
 Metaspace       used 43476K, committed 43776K, reserved 1114112K
  class space    used 4776K, committed 4928K, reserved 1048576K
}
Event: 258.528 GC heap before
{Heap before GC invocations=37 (full 0):
 garbage-first heap   total 507904K, used 338804K [0x0000000700000000, 0x0000000800000000)
  region size 2048K, 52 young (106496K), 2 survivors (4096K)
 Metaspace       used 43476K, committed 43776K, reserved 1114112K
  class space    used 4776K, committed 4928K, reserved 1048576K
}
Event: 258.615 GC heap after
{Heap after GC invocations=38 (full 0):
 garbage-first heap   total 507904K, used 311296K [0x0000000700000000, 0x0000000800000000)
  region size 2048K, 7 young (14336K), 7 survivors (14336K)
 Metaspace       used 43476K, committed 43776K, reserved 1114112K
  class space    used 4776K, committed 4928K, reserved 1048576K
}
Event: 338.947 GC heap before
{Heap before GC invocations=39 (full 0):
 garbage-first heap   total 507904K, used 245760K [0x0000000700000000, 0x0000000800000000)
  region size 2048K, 36 young (73728K), 7 survivors (14336K)
 Metaspace       used 43503K, committed 43776K, reserved 1114112K
  class space    used 4777K, committed 4928K, reserved 1048576K
}

Dll operation events (13 events):
Event: 0.025 Loaded shared library C:\Program Files\AnyLogic 8.9 Personal Learning Edition\jre\bin\java.dll
Event: 0.051 Loaded shared library C:\Program Files\AnyLogic 8.9 Personal Learning Edition\jre\bin\jsvml.dll
Event: 0.216 Loaded shared library C:\Program Files\AnyLogic 8.9 Personal Learning Edition\jre\bin\net.dll
Event: 0.219 Loaded shared library C:\Program Files\AnyLogic 8.9 Personal Learning Edition\jre\bin\nio.dll
Event: 0.223 Loaded shared library C:\Program Files\AnyLogic 8.9 Personal Learning Edition\jre\bin\zip.dll
Event: 0.343 Loaded shared library C:\Program Files\AnyLogic 8.9 Personal Learning Edition\jre\bin\jimage.dll
Event: 0.807 Loaded shared library C:\Program Files\AnyLogic 8.9 Personal Learning Edition\jre\bin\awt.dll
Event: 1.533 Loaded shared library C:\Program Files\AnyLogic 8.9 Personal Learning Edition\jre\bin\verify.dll
Event: 1.693 Loaded shared library C:\Program Files\AnyLogic 8.9 Personal Learning Edition\jre\bin\management.dll
Event: 1.718 Loaded shared library C:\Program Files\AnyLogic 8.9 Personal Learning Edition\jre\bin\management_ext.dll
Event: 2.087 Loaded shared library C:\Program Files\AnyLogic 8.9 Personal Learning Edition\jre\bin\sunmscapi.dll
Event: 15.727 Loaded shared library C:\Program Files\AnyLogic 8.9 Personal Learning Edition\jre\bin\freetype.dll
Event: 15.732 Loaded shared library C:\Program Files\AnyLogic 8.9 Personal Learning Edition\jre\bin\fontmanager.dll

Deoptimization events (20 events):
Event: 303.814 Thread 0x000002a66b077190 DEOPT PACKING pc=0x000002a610decbc8 sp=0x000000ba248fe8e0
Event: 303.814 Thread 0x000002a66b076c80 DEOPT UNPACKING pc=0x000002a6103169a3 sp=0x000000ba23efeca8 mode 2
Event: 303.814 Thread 0x000002a66b075840 DEOPT UNPACKING pc=0x000002a6103169a3 sp=0x000000ba21cfe908 mode 2
Event: 303.814 Thread 0x000002a66b077190 DEOPT UNPACKING pc=0x000002a6103169a3 sp=0x000000ba248fe808 mode 2
Event: 303.845 Thread 0x000002a66c35bc90 Uncommon trap: trap_request=0xffffffde fr.pc=0x000002a610b6d5d0 relative=0x0000000000000870
Event: 303.845 Thread 0x000002a66b07a430 Uncommon trap: trap_request=0xffffffde fr.pc=0x000002a610b6d5d0 relative=0x0000000000000870
Event: 303.845 Thread 0x000002a66c35c1a0 Uncommon trap: trap_request=0xffffffde fr.pc=0x000002a610b6d5d0 relative=0x0000000000000870
Event: 303.845 Thread 0x000002a66b07c7a0 Uncommon trap: trap_request=0xffffffde fr.pc=0x000002a610b6d5d0 relative=0x0000000000000870
Event: 303.845 Thread 0x000002a66c35bc90 Uncommon trap: reason=class_check action=maybe_recompile pc=0x000002a610b6d5d0 method=java.util.Collections$SetFromMap.remove(Ljava/lang/Object;)Z @ 5 c2
Event: 303.845 Thread 0x000002a66b07c7a0 Uncommon trap: reason=class_check action=maybe_recompile pc=0x000002a610b6d5d0 method=java.util.Collections$SetFromMap.remove(Ljava/lang/Object;)Z @ 5 c2
Event: 303.845 Thread 0x000002a66b07a430 Uncommon trap: reason=class_check action=maybe_recompile pc=0x000002a610b6d5d0 method=java.util.Collections$SetFromMap.remove(Ljava/lang/Object;)Z @ 5 c2
Event: 303.845 Thread 0x000002a66c35c1a0 Uncommon trap: reason=class_check action=maybe_recompile pc=0x000002a610b6d5d0 method=java.util.Collections$SetFromMap.remove(Ljava/lang/Object;)Z @ 5 c2
Event: 303.845 Thread 0x000002a66c35bc90 DEOPT PACKING pc=0x000002a610b6d5d0 sp=0x000000ba25eff0e0
Event: 303.845 Thread 0x000002a66b07c7a0 DEOPT PACKING pc=0x000002a610b6d5d0 sp=0x000000ba25cfecd0
Event: 303.845 Thread 0x000002a66b07a430 DEOPT PACKING pc=0x000002a610b6d5d0 sp=0x000000ba247ff040
Event: 303.845 Thread 0x000002a66b07c7a0 DEOPT UNPACKING pc=0x000002a6103169a3 sp=0x000000ba25cfecd8 mode 2
Event: 303.845 Thread 0x000002a66c35c1a0 DEOPT PACKING pc=0x000002a610b6d5d0 sp=0x000000ba25fff180
Event: 303.845 Thread 0x000002a66c35bc90 DEOPT UNPACKING pc=0x000002a6103169a3 sp=0x000000ba25eff0e8 mode 2
Event: 303.845 Thread 0x000002a66c35c1a0 DEOPT UNPACKING pc=0x000002a6103169a3 sp=0x000000ba25fff188 mode 2
Event: 303.845 Thread 0x000002a66b07a430 DEOPT UNPACKING pc=0x000002a6103169a3 sp=0x000000ba247ff048 mode 2

Classes unloaded (0 events):
No events

Classes redefined (0 events):
No events

Internal exceptions (20 events):
Event: 8.844 Thread 0x000002a66b0776a0 Exception <a 'java/lang/NoSuchMethodError'{0x0000000702d56fc8}: 'void java.lang.invoke.DirectMethodHandle$Holder.invokeStatic(java.lang.Object, java.lang.Object, java.lang.Object, int)'> (0x0000000702d56fc8) 
thrown [s\src\hotspot\share\interpreter\linkResolver.cpp, line 759]
Event: 8.845 Thread 0x000002a66b0776a0 Exception <a 'java/lang/NoSuchMethodError'{0x0000000702d5a730}: 'void java.lang.invoke.DirectMethodHandle$Holder.invokeStaticInit(java.lang.Object, java.lang.Object, java.lang.Object, int)'> (0x0000000702d5a730) 
thrown [s\src\hotspot\share\interpreter\linkResolver.cpp, line 759]
Event: 8.901 Thread 0x000002a66b0776a0 Exception <a 'java/lang/NoSuchMethodError'{0x0000000702deda98}: 'void java.lang.invoke.DirectMethodHandle$Holder.invokeInterface(java.lang.Object, java.lang.Object, java.lang.Object)'> (0x0000000702deda98) 
thrown [s\src\hotspot\share\interpreter\linkResolver.cpp, line 759]
Event: 9.034 Thread 0x000002a66b0776a0 Exception <a 'java/lang/NoSuchMethodError'{0x00000007028dea20}: 'java.lang.Object java.lang.invoke.DirectMethodHandle$Holder.invokeStatic(java.lang.Object, java.lang.Object, int, int)'> (0x00000007028dea20) 
thrown [s\src\hotspot\share\interpreter\linkResolver.cpp, line 759]
Event: 9.034 Thread 0x000002a66b0776a0 Exception <a 'java/lang/NoSuchMethodError'{0x00000007028e2498}: 'java.lang.Object java.lang.invoke.DirectMethodHandle$Holder.invokeStaticInit(java.lang.Object, java.lang.Object, int, int)'> (0x00000007028e2498) 
thrown [s\src\hotspot\share\interpreter\linkResolver.cpp, line 759]
Event: 9.408 Thread 0x000002a66b0776a0 Exception <a 'java/lang/NoSuchMethodError'{0x0000000702132818}: 'java.lang.Object java.lang.invoke.DirectMethodHandle$Holder.newInvokeSpecial(java.lang.Object, java.lang.Object, int, java.lang.Object)'> (0x0000000702132818) 
thrown [s\src\hotspot\share\interpreter\linkResolver.cpp, line 759]
Event: 9.408 Thread 0x000002a66b0776a0 Exception <a 'java/lang/NoSuchMethodError'{0x0000000702136ea0}: 'java.lang.Object java.lang.invoke.DirectMethodHandle$Holder.invokeSpecial(java.lang.Object, java.lang.Object, java.lang.Object, int, java.lang.Object)'> (0x0000000702136ea0) 
thrown [s\src\hotspot\share\interpreter\linkResolver.cpp, line 759]
Event: 10.773 Thread 0x000002a66b0776a0 Exception <a 'java/lang/NoSuchMethodError'{0x00000007055ab830}: 'void java.lang.invoke.DirectMethodHandle$Holder.invokeInterface(java.lang.Object, java.lang.Object, java.lang.Object, int)'> (0x00000007055ab830) 
thrown [s\src\hotspot\share\interpreter\linkResolver.cpp, line 759]
Event: 11.000 Thread 0x000002a66b0776a0 Implicit null exception at 0x000002a610be2a1b to 0x000002a610be5278
Event: 11.636 Thread 0x000002a66b0776a0 Implicit null exception at 0x000002a610c083b7 to 0x000002a610c0e504
Event: 13.962 Thread 0x000002a66b0776a0 Implicit null exception at 0x000002a610a9d72a to 0x000002a610a9da74
Event: 14.943 Thread 0x000002a66b0776a0 Exception <a 'java/lang/NoSuchMethodError'{0x0000000705c34b60}: 'java.lang.Object java.lang.invoke.DirectMethodHandle$Holder.invokeVirtual(java.lang.Object, java.lang.Object, int)'> (0x0000000705c34b60) 
thrown [s\src\hotspot\share\interpreter\linkResolver.cpp, line 759]
Event: 14.945 Thread 0x000002a66b0776a0 Exception <a 'java/lang/NoSuchMethodError'{0x0000000705c3c3c8}: 'void java.lang.invoke.DirectMethodHandle$Holder.invokeVirtual(java.lang.Object, java.lang.Object, int, java.lang.Object)'> (0x0000000705c3c3c8) 
thrown [s\src\hotspot\share\interpreter\linkResolver.cpp, line 759]
Event: 14.947 Thread 0x000002a66b0776a0 Exception <a 'java/lang/NoSuchMethodError'{0x0000000705c4a3f8}: 'int java.lang.invoke.DirectMethodHandle$Holder.invokeVirtual(java.lang.Object, java.lang.Object)'> (0x0000000705c4a3f8) 
thrown [s\src\hotspot\share\interpreter\linkResolver.cpp, line 759]
Event: 15.027 Thread 0x000002a66b0776a0 Implicit null exception at 0x000002a610a68905 to 0x000002a610a6929c
Event: 15.326 Thread 0x000002a66b0776a0 Exception <a 'java/lang/NoSuchMethodError'{0x0000000705664ee0}: 'void java.lang.invoke.DirectMethodHandle$Holder.invokeStatic(java.lang.Object, int, java.lang.Object)'> (0x0000000705664ee0) 
thrown [s\src\hotspot\share\interpreter\linkResolver.cpp, line 759]
Event: 15.578 Thread 0x000002a66b0776a0 Exception <a 'java/lang/NoSuchMethodError'{0x0000000705413c70}: 'java.lang.Object java.lang.invoke.DirectMethodHandle$Holder.invokeStatic(java.lang.Object, int, java.lang.Object, java.lang.Object, java.lang.Object, java.lang.Object)'> (0x0000000705413c70) 
thrown [s\src\hotspot\share\interpreter\linkResolver.cpp, line 759]
Event: 15.645 Thread 0x000002a66b0776a0 Exception <a 'java/lang/ClassNotFoundException'{0x00000007054f2688}: com/sun/swing/internal/plaf/metal/resources/spi/metalProvider> (0x00000007054f2688) 
thrown [s\src\hotspot\share\classfile\systemDictionary.cpp, line 256]
Event: 15.648 Thread 0x000002a66b0776a0 Exception <a 'java/lang/ClassNotFoundException'{0x00000007054f66f8}: com/sun/swing/internal/plaf/basic/resources/spi/basicProvider> (0x00000007054f66f8) 
thrown [s\src\hotspot\share\classfile\systemDictionary.cpp, line 256]
Event: 16.071 Thread 0x000002a66b0776a0 Exception <a 'java/lang/NoSuchMethodError'{0x00000007055a2db8}: 'int java.lang.invoke.DirectMethodHandle$Holder.invokeSpecial(java.lang.Object, java.lang.Object, java.lang.Object, java.lang.Object)'> (0x00000007055a2db8) 
thrown [s\src\hotspot\share\interpreter\linkResolver.cpp, line 759]

VM Operations (20 events):
Event: 269.990 Executing VM operation: Cleanup done
Event: 274.034 Executing VM operation: Cleanup
Event: 274.035 Executing VM operation: Cleanup done
Event: 276.036 Executing VM operation: Cleanup
Event: 276.036 Executing VM operation: Cleanup done
Event: 289.187 Executing VM operation: Cleanup
Event: 289.187 Executing VM operation: Cleanup done
Event: 294.231 Executing VM operation: Cleanup
Event: 294.231 Executing VM operation: Cleanup done
Event: 300.288 Executing VM operation: Cleanup
Event: 300.288 Executing VM operation: Cleanup done
Event: 300.680 Executing VM operation: HandshakeAllThreads
Event: 300.680 Executing VM operation: HandshakeAllThreads done
Event: 304.710 Executing VM operation: Cleanup
Event: 304.711 Executing VM operation: Cleanup done
Event: 318.882 Executing VM operation: Cleanup
Event: 318.882 Executing VM operation: Cleanup done
Event: 338.074 Executing VM operation: Cleanup
Event: 338.075 Executing VM operation: Cleanup done
Event: 338.938 Executing VM operation: G1CollectForAllocation

Events (20 events):
Event: 207.569 Thread 0x000002a66b07bd80 Thread exited: 0x000002a66b07bd80
Event: 214.793 Thread 0x000002a66b075840 Thread exited: 0x000002a66b075840
Event: 237.028 Thread 0x000002a66b075840 Thread added: 0x000002a66b075840
Event: 238.070 Thread 0x000002a66b075840 Thread exited: 0x000002a66b075840
Event: 238.098 Thread 0x000002a66b0785d0 Thread added: 0x000002a66b0785d0
Event: 239.135 Thread 0x000002a66b0785d0 Thread exited: 0x000002a66b0785d0
Event: 257.439 Thread 0x000002a66b0785d0 Thread added: 0x000002a66b0785d0
Event: 257.461 Thread 0x000002a66b075840 Thread added: 0x000002a66b075840
Event: 258.496 Thread 0x000002a66b0785d0 Thread exited: 0x000002a66b0785d0
Event: 258.496 Thread 0x000002a66b075840 Thread exited: 0x000002a66b075840
Event: 275.292 Thread 0x000002a66b07a430 Thread exited: 0x000002a66b07a430
Event: 275.430 Thread 0x000002a66b075840 Thread added: 0x000002a66b075840
Event: 303.704 Thread 0x000002a66b07bd80 Thread added: 0x000002a66b07bd80
Event: 303.704 Thread 0x000002a66b07a430 Thread added: 0x000002a66b07a430
Event: 303.705 Thread 0x000002a66b0785d0 Thread added: 0x000002a66b0785d0
Event: 303.705 Thread 0x000002a66b07c7a0 Thread added: 0x000002a66b07c7a0
Event: 303.839 Thread 0x000002a66c35bc90 Thread added: 0x000002a66c35bc90
Event: 303.839 Thread 0x000002a66c35c1a0 Thread added: 0x000002a66c35c1a0
Event: 303.840 Thread 0x000002a66c35b780 Thread added: 0x000002a66c35b780
Event: 303.840 Thread 0x000002a66c35ad60 Thread added: 0x000002a66c35ad60


Dynamic libraries:
0x00007ff644510000 - 0x00007ff64451e000 	C:\Program Files\AnyLogic 8.9 Personal Learning Edition\jre\bin\javaw.exe
0x00007fffb7820000 - 0x00007fffb7a87000 	C:\WINDOWS\SYSTEM32\ntdll.dll
0x00007fffb6e30000 - 0x00007fffb6ef9000 	C:\WINDOWS\System32\KERNEL32.DLL
0x00007fffb4f10000 - 0x00007fffb5307000 	C:\WINDOWS\System32\KERNELBASE.dll
0x00007fffb5450000 - 0x00007fffb559b000 	C:\WINDOWS\System32\ucrtbase.dll
0x00007fffab2f0000 - 0x00007fffab307000 	C:\Program Files\AnyLogic 8.9 Personal Learning Edition\jre\bin\jli.dll
0x00007fffab000000 - 0x00007fffab01b000 	C:\Program Files\AnyLogic 8.9 Personal Learning Edition\jre\bin\VCRUNTIME140.dll
0x00007fffb5b20000 - 0x00007fffb5ce6000 	C:\WINDOWS\System32\USER32.dll
0x00007fffb4250000 - 0x00007fffb4277000 	C:\WINDOWS\System32\win32u.dll
0x00007fffb5e90000 - 0x00007fffb5ebb000 	C:\WINDOWS\System32\GDI32.dll
0x00007fffb4570000 - 0x00007fffb469c000 	C:\WINDOWS\System32\gdi32full.dll
0x00007fffa3340000 - 0x00007fffa35d2000 	C:\WINDOWS\WinSxS\amd64_microsoft.windows.common-controls_6595b64144ccf1df_6.0.26100.8457_none_3e0b2faee331e92d\COMCTL32.dll
0x00007fffb5310000 - 0x00007fffb53b3000 	C:\WINDOWS\System32\msvcp_win.dll
0x00007fffb7390000 - 0x00007fffb7439000 	C:\WINDOWS\System32\msvcrt.dll
0x00007fffb68f0000 - 0x00007fffb6922000 	C:\WINDOWS\System32\IMM32.DLL
0x00007fffaaed0000 - 0x00007fffaaedc000 	C:\Program Files\AnyLogic 8.9 Personal Learning Edition\jre\bin\vcruntime140_1.dll
0x00007fffa1160000 - 0x00007fffa11ed000 	C:\Program Files\AnyLogic 8.9 Personal Learning Edition\jre\bin\msvcp140.dll
0x00007fff08d60000 - 0x00007fff099c1000 	C:\Program Files\AnyLogic 8.9 Personal Learning Edition\jre\bin\server\jvm.dll
0x00007fffb6b10000 - 0x00007fffb6bc6000 	C:\WINDOWS\System32\ADVAPI32.dll
0x00007fffb5d50000 - 0x00007fffb5df7000 	C:\WINDOWS\System32\sechost.dll
0x00007fffb7610000 - 0x00007fffb7728000 	C:\WINDOWS\System32\RPCRT4.dll
0x00007fffb2200000 - 0x00007fffb2236000 	C:\WINDOWS\SYSTEM32\WINMM.dll
0x00007fffb40b0000 - 0x00007fffb410e000 	C:\WINDOWS\SYSTEM32\POWRPROF.dll
0x00007fffacf20000 - 0x00007fffacf2a000 	C:\WINDOWS\SYSTEM32\WSOCK32.dll
0x00007fffb1450000 - 0x00007fffb145b000 	C:\WINDOWS\SYSTEM32\VERSION.dll
0x00007fffb5e00000 - 0x00007fffb5e80000 	C:\WINDOWS\System32\WS2_32.dll
0x00007fffb4090000 - 0x00007fffb40a4000 	C:\WINDOWS\SYSTEM32\UMPDC.dll
0x00007fffb2fe0000 - 0x00007fffb2ffb000 	C:\WINDOWS\SYSTEM32\kernel.appcore.dll
0x00007fffaeda0000 - 0x00007fffaedaa000 	C:\Program Files\AnyLogic 8.9 Personal Learning Edition\jre\bin\jimage.dll
0x00007fffb1f20000 - 0x00007fffb2162000 	C:\WINDOWS\SYSTEM32\DBGHELP.DLL
0x00007fffb55b0000 - 0x00007fffb5933000 	C:\WINDOWS\System32\combase.dll
0x00007fffb6cd0000 - 0x00007fffb6da9000 	C:\WINDOWS\System32\OLEAUT32.dll
0x00007fffb2190000 - 0x00007fffb21cb000 	C:\WINDOWS\SYSTEM32\dbgcore.DLL
0x00007fffb4280000 - 0x00007fffb4328000 	C:\WINDOWS\System32\bcryptPrimitives.dll
0x00007fffab980000 - 0x00007fffab9a5000 	C:\Program Files\AnyLogic 8.9 Personal Learning Edition\jre\bin\java.dll
0x00007fffa44c0000 - 0x00007fffa4597000 	C:\Program Files\AnyLogic 8.9 Personal Learning Edition\jre\bin\jsvml.dll
0x00007fffb6060000 - 0x00007fffb67ce000 	C:\WINDOWS\System32\SHELL32.dll
0x00007fffb46a0000 - 0x00007fffb4f0c000 	C:\WINDOWS\System32\windows.storage.dll
0x00007fffb67e0000 - 0x00007fffb68d6000 	C:\WINDOWS\System32\SHCORE.dll
0x00007fffb5aa0000 - 0x00007fffb5b06000 	C:\WINDOWS\System32\shlwapi.dll
0x00007fffb4170000 - 0x00007fffb4199000 	C:\WINDOWS\SYSTEM32\profapi.dll
0x00007fffab930000 - 0x00007fffab949000 	C:\Program Files\AnyLogic 8.9 Personal Learning Edition\jre\bin\net.dll
0x00007fffad1b0000 - 0x00007fffad2d9000 	C:\WINDOWS\SYSTEM32\WINHTTP.dll
0x00007fffb3550000 - 0x00007fffb35bc000 	C:\WINDOWS\system32\mswsock.dll
0x00007fffab740000 - 0x00007fffab756000 	C:\Program Files\AnyLogic 8.9 Personal Learning Edition\jre\bin\nio.dll
0x00007fffab6f0000 - 0x00007fffab708000 	C:\Program Files\AnyLogic 8.9 Personal Learning Edition\jre\bin\zip.dll
0x00007fff8b670000 - 0x00007fff8b800000 	C:\Program Files\AnyLogic 8.9 Personal Learning Edition\jre\bin\awt.dll
0x00007fffb12b0000 - 0x00007fffb1350000 	C:\WINDOWS\SYSTEM32\apphelp.dll
0x00007fffaed90000 - 0x00007fffaeda0000 	C:\Program Files\AnyLogic 8.9 Personal Learning Edition\jre\bin\verify.dll
0x00007fffb2a40000 - 0x00007fffb2a72000 	C:\WINDOWS\SYSTEM32\IPHLPAPI.DLL
0x00007fffb68e0000 - 0x00007fffb68ea000 	C:\WINDOWS\System32\NSI.dll
0x00007fffad880000 - 0x00007fffad89d000 	C:\WINDOWS\SYSTEM32\dhcpcsvc6.DLL
0x00007fffacd00000 - 0x00007fffacd25000 	C:\WINDOWS\SYSTEM32\dhcpcsvc.DLL
0x00007fffb2ae0000 - 0x00007fffb2c12000 	C:\WINDOWS\SYSTEM32\DNSAPI.dll
0x00007fffacf80000 - 0x00007fffacf89000 	C:\Program Files\AnyLogic 8.9 Personal Learning Edition\jre\bin\management.dll
0x00007fffab970000 - 0x00007fffab97b000 	C:\Program Files\AnyLogic 8.9 Personal Learning Edition\jre\bin\management_ext.dll
0x00007fffb55a0000 - 0x00007fffb55a8000 	C:\WINDOWS\System32\PSAPI.DLL
0x00007fffab730000 - 0x00007fffab73e000 	C:\Program Files\AnyLogic 8.9 Personal Learning Edition\jre\bin\sunmscapi.dll
0x00007fffb43f0000 - 0x00007fffb4568000 	C:\WINDOWS\System32\CRYPT32.dll
0x00007fffb3a50000 - 0x00007fffb3a80000 	C:\WINDOWS\SYSTEM32\ncrypt.dll
0x00007fffb3a00000 - 0x00007fffb3a3f000 	C:\WINDOWS\SYSTEM32\NTASN1.dll
0x00007fff7bd90000 - 0x00007fff7bd98000 	C:\WINDOWS\system32\wshunix.dll
0x00007fffb3840000 - 0x00007fffb385b000 	C:\WINDOWS\SYSTEM32\CRYPTSP.dll
0x00007fffb2f40000 - 0x00007fffb2f79000 	C:\WINDOWS\system32\rsaenh.dll
0x00007fffb3600000 - 0x00007fffb3633000 	C:\WINDOWS\SYSTEM32\USERENV.dll
0x00007fffb4140000 - 0x00007fffb416a000 	C:\WINDOWS\SYSTEM32\bcrypt.dll
0x00007fffb3830000 - 0x00007fffb383c000 	C:\WINDOWS\SYSTEM32\CRYPTBASE.dll
0x00007fff971f0000 - 0x00007fff97208000 	C:\WINDOWS\system32\napinsp.dll
0x00007fff96ef0000 - 0x00007fff96f03000 	C:\WINDOWS\System32\winrnr.dll
0x00007fff96df0000 - 0x00007fff96e12000 	C:\WINDOWS\system32\nlansp_c.dll
0x00007fff96d70000 - 0x00007fff96d86000 	C:\WINDOWS\system32\wshbth.dll
0x00007fffa84a0000 - 0x00007fffa84ab000 	C:\Windows\System32\rasadhlp.dll
0x00007fffa8b80000 - 0x00007fffa8c06000 	C:\WINDOWS\System32\fwpuclnt.dll
0x00007fffb1680000 - 0x00007fffb172a000 	C:\WINDOWS\system32\uxtheme.dll
0x00007fffb5940000 - 0x00007fffb5a9c000 	C:\WINDOWS\System32\MSCTF.dll
0x00007fffb5ec0000 - 0x00007fffb6057000 	C:\WINDOWS\System32\ole32.dll
0x00007fffb1960000 - 0x00007fffb198f000 	C:\WINDOWS\system32\DWMAPI.DLL
0x00007fffa0910000 - 0x00007fffa0998000 	C:\Program Files\AnyLogic 8.9 Personal Learning Edition\jre\bin\freetype.dll
0x00007fff8e3e0000 - 0x00007fff8e4b3000 	C:\Program Files\AnyLogic 8.9 Personal Learning Edition\jre\bin\fontmanager.dll
0x00007fff5dcc0000 - 0x00007fff5ddcf000 	C:\WINDOWS\system32\opengl32.dll
0x00007fff5d900000 - 0x00007fff5d92d000 	C:\WINDOWS\SYSTEM32\GLU32.dll
0x00007fffb1780000 - 0x00007fffb17c5000 	C:\WINDOWS\SYSTEM32\dxcore.dll
0x00007fff5f740000 - 0x00007fff5f8f3000 	C:\WINDOWS\system32\d3d9.dll
0x00007fffabcc0000 - 0x00007fffabe7b000 	C:\WINDOWS\System32\DriverStore\FileRepository\u0404276.inf_amd64_b6ae906c9d4ab767\B403905\aticfx64.dll
0x00007fff0d7b0000 - 0x00007fff0d7e4000 	C:\WINDOWS\System32\DriverStore\FileRepository\u0404276.inf_amd64_b6ae906c9d4ab767\B403905\atiu9p64.dll
0x00007ffef11f0000 - 0x00007ffef1f37000 	C:\WINDOWS\System32\DriverStore\FileRepository\u0404276.inf_amd64_b6ae906c9d4ab767\B403905\atiumd64.dll
0x0000000063500000 - 0x0000000064413000 	C:\WINDOWS\System32\DriverStore\FileRepository\u0404276.inf_amd64_b6ae906c9d4ab767\B403905\atiumd6a.dll
0x00007fffb6f00000 - 0x00007fffb7387000 	C:\WINDOWS\System32\SETUPAPI.dll
0x00007fffa89d0000 - 0x00007fffa8a05000 	C:\WINDOWS\SYSTEM32\amdihk64.dll
0x00007fffadf10000 - 0x00007fffadf71000 	C:\WINDOWS\SYSTEM32\directxdatabasehelper.dll

dbghelp: loaded successfully - version: 4.0.5 - missing functions: none
symbol engine: initialized successfully - sym options: 0x614 - pdb path: .;C:\Program Files\AnyLogic 8.9 Personal Learning Edition\jre\bin;C:\WINDOWS\SYSTEM32;C:\WINDOWS\WinSxS\amd64_microsoft.windows.common-controls_6595b64144ccf1df_6.0.26100.8457_none_3e0b2faee331e92d;C:\Program Files\AnyLogic 8.9 Personal Learning Edition\jre\bin\server;C:\WINDOWS\System32\DriverStore\FileRepository\u0404276.inf_amd64_b6ae906c9d4ab767\B403905

VM Arguments:
jvm_args: -Xmx4096m -Xmx4096m -DlanguageId_xjal=en0vxxl3 -DbuiltInTileCachePath_xjal=C:\Program Files\AnyLogic 8.9 Personal Learning Edition\plugins\com.anylogic.gis_8.9.9.202606170507\tiles -DflowchartCountersVisible_xjal=true -DflowchartPortStateAnimated_xjal=true -DenableWarnings_xjal=true -DenableObject3DLod_xjal=true -Denable2DVisibilityCheck_xjal=true -DstandaloneBrowserPath_xjal=C:/Program Files/AnyLogic 8.9 Personal Learning Edition/chromium/chromium-win64/chrome.exe -DstandaloneBrowserCommandArguments_xjal=--app=$1 --test-type -DanylogicIncomingPort_xjal=7880 -DbrowserUserDataPath_xjal=--user-data-dir=C:\Users\Lenovo\.AnyLogicPLE\Workspace8.8\chromium\userData -DuseProxy_xjal=false -Dfile.encoding=UTF-8 -XX:+ShowCodeDetailsInExceptionMessages 
java_command: com.anylogic.ms.MS colombodengueabm_v2.ParamVar_Weather 1c5ca99
java_class_path (initial): C:\Users\Lenovo\.AnyLogicPLE\Workspace8.8\ColomboDengueABM_v2_BUILD\classes;C:\Program Files\AnyLogic 8.9 Personal Learning Edition\plugins\com.anylogic.libraries.modules_8.9.9.202606170507\lib\MarkupDescriptors\MarkupDescriptors.jar;C:\Program Files\AnyLogic 8.9 Personal Learning Edition\plugins\com.anylogic.process_modeling_library_8.9.9.202606170507\lib\ProcessModelingLibrary.jar;C:\Program Files\AnyLogic 8.9 Personal Learning Edition\plugins\com.anylogic.engine_8.9.9.202606170507\com.anylogic.engine.jar;C:\Program Files\AnyLogic 8.9 Personal Learning Edition\plugins\com.anylogic.engine.database_8.9.9.202606170507\com.anylogic.engine.database.jar;C:\Program Files\AnyLogic 8.9 Personal Learning Edition\plugins\com.anylogic.engine.datautil_8.9.9.202606170507\com.anylogic.engine.datautil.jar;C:\Program Files\AnyLogic 8.9 Personal Learning Edition\plugins\com.anylogic.engine.editorapi_8.9.9.202606170507\com.anylogic.engine.editorapi.jar;C:\Program Files\AnyLogic 8.9 Personal Learning Edition\plugins\com.anylogic.engine.gis_8.9.9.202606170507\com.anylogic.engine.gis.jar;C:\Program Files\AnyLogic 8.9 Personal Learning Edition\plugins\com.anylogic.engine.sa_8.9.9.202606170507\com.anylogic.engine.sa.jar;C:\Program Files\AnyLogic 8.9 Personal Learning Edition\plugins\com.anylogic.core8_8.9.9.202606170507\com.anylogic.ms.jar;C:\Program Files\AnyLogic 8.9 Personal Learning Edition\plugins\com.anylogic.engine.sa_8.9.9.202606170507\lib\sa\com.anylogic.engine.sa.web.jar;C:\Program Files\AnyLogic 8.9 Personal Learning Edition\plugins\com.anylogic.engine.sa_8.9.9.202606170507\lib\al-spark-core-2.9.4-with-jetty-9.4.57.jar;C:\Program Files\AnyLogic 8.9 Personal Learning Edition\plugins\com.anylogic.engine.sa_8.9.9.202606170507\lib\jackson-annotations-2.16.2.jar;C:\Program Files\AnyLogic 8.9 Personal Learning Edition\plugins\com.anylogic.engine.sa_8.9.9.202606170507\lib\jackson-core-2.16.2.jar;C:\Program Files\AnyLogic 8.9 Personal Learning Edition\plug
Launcher Type: SUN_STANDARD

[Global flags]
     intx CICompilerCount                          = 12                                        {product} {ergonomic}
     uint ConcGCThreads                            = 3                                         {product} {ergonomic}
     uint G1ConcRefinementThreads                  = 13                                        {product} {ergonomic}
   size_t G1HeapRegionSize                         = 2097152                                   {product} {ergonomic}
    uintx GCDrainStackTargetSize                   = 64                                        {product} {ergonomic}
   size_t InitialHeapSize                          = 98566144                                  {product} {ergonomic}
   size_t MarkStackSize                            = 4194304                                   {product} {ergonomic}
   size_t MaxHeapSize                              = 4294967296                                {product} {command line}
   size_t MaxNewSize                               = 2575302656                                {product} {ergonomic}
   size_t MinHeapDeltaBytes                        = 2097152                                   {product} {ergonomic}
   size_t MinHeapSize                              = 8388608                                   {product} {ergonomic}
    uintx NonNMethodCodeHeapSize                   = 7602480                                {pd product} {ergonomic}
    uintx NonProfiledCodeHeapSize                  = 122027880                              {pd product} {ergonomic}
    uintx ProfiledCodeHeapSize                     = 122027880                              {pd product} {ergonomic}
    uintx ReservedCodeCacheSize                    = 251658240                              {pd product} {ergonomic}
     bool SegmentedCodeCache                       = true                                      {product} {ergonomic}
     bool ShowCodeDetailsInExceptionMessages       = true                                   {manageable} {command line}
   size_t SoftMaxHeapSize                          = 4294967296                             {manageable} {ergonomic}
     bool UseCompressedClassPointers               = true                           {product lp64_product} {ergonomic}
     bool UseCompressedOops                        = true                           {product lp64_product} {ergonomic}
     bool UseG1GC                                  = true                                      {product} {ergonomic}
     bool UseLargePagesIndividualAllocation        = false                                  {pd product} {ergonomic}

Logging:
Log output configuration:
 #0: stdout all=warning uptime,level,tags
 #1: stderr all=off uptime,level,tags

Environment Variables:
PATH=C:/Program Files/AnyLogic 8.9 Personal Learning Edition/jre/bin/server;C:/Program Files/AnyLogic 8.9 Personal Learning Edition/jre/bin;C:\WINDOWS\system32;C:\WINDOWS;C:\WINDOWS\System32\Wbem;C:\WINDOWS\System32\WindowsPowerShell\v1.0\;C:\WINDOWS\System32\OpenSSH\;C:\Program Files\IBM\SPSS\Statistics\25\JRE\bin;C:\MinGW-4.8.1\bin;C:\Program Files\Graphviz\bin;C:\Program Files\dotnet\;C:\Program Files\nodejs\;C:\Program Files\Git\cmd;C:\Users\Lenovo\AppData\Local\Programs\Python\Python312\Scripts\;C:\Users\Lenovo\AppData\Local\Programs\Python\Python312\;C:\Users\Lenovo\AppData\Local\Microsoft\WindowsApps;C:\Users\Lenovo\AppData\Local\Programs\Microsoft VS Code\bin;C:\Program Files\Graphviz\bin;C:\Users\Lenovo\AppData\Roaming\npm;C:\Users\Lenovo\Models\ColomboDengueABM_v2;
USERNAME=Lenovo
OS=Windows_NT
PROCESSOR_IDENTIFIER=AMD64 Family 23 Model 104 Stepping 1, AuthenticAMD
TMP=C:\Users\Lenovo\AppData\Local\Temp
TEMP=C:\Users\Lenovo\AppData\Local\Temp



Periodic native trim disabled


---------------  S Y S T E M  ---------------

OS:
 Windows 11 , 64 bit Build 26100 (10.0.26100.8328)
OS uptime: 42 days 7:54 hours

CPU: total 16 (initial active 16) (16 cores per cpu, 2 threads per core) family 23 model 104 stepping 1 microcode 0x8608103, cx8, cmov, fxsr, ht, mmx, 3dnowpref, sse, sse2, sse3, ssse3, sse4a, sse4.1, sse4.2, popcnt, lzcnt, tsc, tscinvbit, avx, avx2, aes, clmul, bmi1, bmi2, adx, sha, fma, vzeroupper, clflush, clflushopt
Processor Information for all 16 processors :
  Max Mhz: 1801, Current Mhz: 1801, Mhz Limit: 1801

Memory: 4k page, system-wide physical 5989M (454M free)
TotalPageFile size 24421M (AvailPageFile size 482M)
current process WorkingSet (physical memory assigned to process): 210M, peak: 457M
current process commit charge ("private bytes"): 715M, peak: 1211M

vm_info: OpenJDK 64-Bit Server VM (17.0.9+9) for windows-amd64 JRE (17.0.9+9), built on Oct 26 2023 14:01:42 by "admin" with MS VC++ 16.10 / 16.11 (VS2019)

END.
